Archive member included to satisfy reference by file (symbol)

D:/devkitPro/devkitARM/bin/../lib/gcc/arm-none-eabi/16.1.0/../../../../arm-none-eabi/lib/thumb\libm.a(libm_a-sf_floor.o)
                              ai.o (floorf)
D:/devkitPro/libnds/lib\libmm9.a(mm_comms9.o)
                              main.o (mmEffect)
D:/devkitPro/libnds/lib\libmm9.a(mm_loader.o)
                              main.o (mmInitDefaultMem)
D:/devkitPro/libnds/lib\libmm9.a(mm_stream.o)
                              main.o (mmStreamUpdate)
D:/devkitPro/libnds/lib\libmm9.a(mm_deinterleave.32.o)
                              D:/devkitPro/libnds/lib\libmm9.a(mm_stream.o) (_mmDeinterleave8)
D:/devkitPro/libnds/lib\libfat.a(fat_wrappers.o)
                              main.o (fatInitDefault)
D:/devkitPro/libnds/lib\libfat.a(dvm_calico.o)
                              D:/devkitPro/libnds/lib\libfat.a(fat_wrappers.o) (dvmInit)
D:/devkitPro/libnds/lib\libfat.a(nitrofs.o)
                              main.o (nitroFSInit)
D:/devkitPro/libnds/lib\libfat.a(dvm_disc.o)
                              D:/devkitPro/libnds/lib\libfat.a(fat_wrappers.o) (dvmDiscCreate)
D:/devkitPro/libnds/lib\libfat.a(dvm_cache.o)
                              D:/devkitPro/libnds/lib\libfat.a(fat_wrappers.o) (dvmDiscCacheCreate)
D:/devkitPro/libnds/lib\libfat.a(dvm_volume.o)
                              D:/devkitPro/libnds/lib\libfat.a(fat_wrappers.o) (dvmMountVolume)
D:/devkitPro/libnds/lib\libfat.a(dvm_prober.o)
                              D:/devkitPro/libnds/lib\libfat.a(dvm_calico.o) (dvmProbeMountDisc)
D:/devkitPro/libnds/lib\libfat.a(fat_driver.o)
                              D:/devkitPro/libnds/lib\libfat.a(dvm_volume.o) (g_vfatFsDriver)
D:/devkitPro/libnds/lib\libfat.a(ff.o)
                              D:/devkitPro/libnds/lib\libfat.a(fat_driver.o) (f_mount)
D:/devkitPro/libnds/lib\libfat.a(ffunicode.o)
                              D:/devkitPro/libnds/lib\libfat.a(ff.o) (ff_uni2oem)
D:/devkitPro/libnds/lib\libnds9.a(background.o)
                              main.o (bgUpdate)
D:/devkitPro/libnds/lib\libnds9.a(console.o)
                              main.o (consoleSelect)
D:/devkitPro/libnds/lib\libnds9.a(keys.o)
                              main.o (scanKeys)
D:/devkitPro/libnds/lib\libnds9.a(sassert.o)
                              main.o (__sassert)
D:/devkitPro/libnds/lib\libnds9.a(sound.o)
                              main.o (soundMicRecord)
D:/devkitPro/libnds/lib\libnds9.a(sprite_alloc.o)
                              main.o (oamAllocateGfx)
D:/devkitPro/libnds/lib\libnds9.a(sprite.o)
                              main.o (oamInit)
D:/devkitPro/libnds/lib\libnds9.a(trig.o)
                              D:/devkitPro/libnds/lib\libnds9.a(background.o) (sinLerp)
D:/devkitPro/libnds/lib\libnds9.a(video.o)
                              main.o (setBrightness)
D:/devkitPro/libnds/lib\libnds9.a(default_font.bin.o)
                              D:/devkitPro/libnds/lib\libnds9.a(console.o) (default_font_bin)
D:/devkitPro/calico/lib\libcalico_ds9.a(irq.o)
                              main.o (irqSet)
D:/devkitPro/calico/lib\libcalico_ds9.a(tick.o)
                              D:/devkitPro/libnds/lib\libmm9.a(mm_comms9.o) (tickInit)
D:/devkitPro/calico/lib\libcalico_ds9.a(thread_cold.o)
                              D:/devkitPro/libnds/lib\libmm9.a(mm_stream.o) (threadPrepare)
D:/devkitPro/calico/lib\libcalico_ds9.a(thread_hot.32.o)
                              D:/devkitPro/calico/lib\libcalico_ds9.a(thread_cold.o) (threadSwitchTo)
D:/devkitPro/calico/lib\libcalico_ds9.a(mutex.o)
                              D:/devkitPro/calico/lib\libcalico_ds9.a(thread_cold.o) (threadUpdateDynamicPrio)
D:/devkitPro/calico/lib\libcalico_ds9.a(mailbox.o)
                              D:/devkitPro/libnds/lib\libmm9.a(mm_stream.o) (mailboxTrySend)
D:/devkitPro/calico/lib\libcalico_ds9.a(newlib_syscalls.o)
                              D:/devkitPro/libnds/lib\libfat.a(fat_driver.o) (__errno)
D:/devkitPro/calico/lib\libcalico_ds9.a(arm-copy-fill.32.o)
                              D:/devkitPro/libnds/lib\libfat.a(dvm_calico.o) (armCopyMem32)
D:/devkitPro/calico/lib\libcalico_ds9.a(arm-context.32.o)
                              D:/devkitPro/calico/lib\libcalico_ds9.a(thread_hot.32.o) (armContextSave)
D:/devkitPro/calico/lib\libcalico_ds9.a(arm-shims.32.o)
                              D:/devkitPro/calico/lib\libcalico_ds9.a(thread_cold.o) (armWaitForIrq)
D:/devkitPro/calico/lib\libcalico_ds9.a(arm-cache.32.o)
                              D:/devkitPro/libnds/lib\libmm9.a(mm_loader.o) (armDCacheFlush)
D:/devkitPro/calico/lib\libcalico_ds9.a(startup.crt0.o)
                              D:/devkitPro/libnds/lib\libfat.a(dvm_calico.o) (g_isTwlMode)
D:/devkitPro/calico/lib\libcalico_ds9.a(utils.crt0.o)
                              D:/devkitPro/calico/lib\libcalico_ds9.a(startup.crt0.o) (crt0CopyMem32)
D:/devkitPro/calico/lib\libcalico_ds9.a(pxi.o)
[...]
Memory Configuration

Name             Origin             Length             Attributes
lma9             0x02004000         0x0027c000
lma9i            0x02400000         0x00280000
vectors          0x00000000         0x00000020
itcm             0x01ff8020         0x00007fe0
main             0x02001000         0x00f7f000
dtcm             0x02ff0000         0x00003e80
dldi             0x0380b000         0x00004000
stub             0x0e000000         0x00004000
tls              0x00000000         0x00000400
*default*        0x00000000         0xffffffff

Linker script and memory map

                0x00000000                        __sync_synchronize = __sync_synchronize_none
LOAD D:/devkitPro/devkitARM/bin/../lib/gcc/arm-none-eabi/16.1.0/thumb/crti.o
LOAD D:/devkitPro/devkitARM/bin/../lib/gcc/arm-none-eabi/16.1.0/thumb/crtbegin.o
LOAD soundbank.bin.o
LOAD ai.o
LOAD ancho_banner_0.o
LOAD ancho_banner_1.o
LOAD ancho_banner_2.o
LOAD ancho_banner_3.o
LOAD ancho_banner_shared.o
LOAD arrow_down.o
LOAD arrow_left.o
LOAD arrow_right.o
LOAD arrow_shared.o
LOAD arrow_up.o
LOAD avatar_placeholder.o
LOAD bg_pattern_0.o
LOAD bg_pattern_1.o
LOAD bg_pattern_2.o
LOAD bg_pattern_3.o
LOAD bg_pattern_4.o
LOAD bg_pattern_5.o
LOAD bg_pattern_6.o
LOAD bg_pattern_7.o
LOAD bg_pattern_8.o
LOAD bg_pattern_9.o
LOAD bg_patterns_shared.o
LOAD button_0.o
LOAD button_1.o
LOAD button_2.o
LOAD button_3.o
LOAD button_4.o
LOAD button_5.o
LOAD button_6.o
LOAD buttons_shared.o
LOAD card_back.o
LOAD card_basto_1.o
LOAD card_basto_10.o
LOAD card_basto_11.o
LOAD card_basto_12.o
LOAD card_basto_2.o
LOAD card_basto_3.o
LOAD card_basto_4.o
LOAD card_basto_5.o
LOAD card_basto_6.o
LOAD card_basto_7.o
LOAD card_basto_8.o
LOAD card_basto_9.o
LOAD card_copa_1.o
LOAD card_copa_10.o
LOAD card_copa_11.o
LOAD card_copa_12.o
LOAD card_copa_2.o
LOAD card_copa_3.o
LOAD card_copa_4.o
LOAD card_copa_5.o
LOAD card_copa_6.o
LOAD card_copa_7.o
LOAD card_copa_8.o
LOAD card_copa_9.o
LOAD card_espada_1.o
LOAD card_espada_10.o
LOAD card_espada_11.o
LOAD card_espada_12.o
LOAD card_espada_2.o
LOAD card_espada_3.o
LOAD card_espada_4.o
LOAD card_espada_5.o
LOAD card_espada_6.o
LOAD card_espada_7.o
LOAD card_espada_8.o
LOAD card_espada_9.o
LOAD card_gfx.o
LOAD card_oro_1.o
LOAD card_oro_10.o
LOAD card_oro_11.o
LOAD card_oro_12.o
LOAD card_oro_2.o
LOAD card_oro_3.o
LOAD card_oro_4.o
LOAD card_oro_5.o
LOAD card_oro_6.o
LOAD card_oro_7.o
LOAD card_oro_8.o
LOAD card_oro_9.o
LOAD cards_shared.o
LOAD corner_icons_shared.o
LOAD crown.o
LOAD deck.o
LOAD game.o
LOAD heart_broken.o
LOAD heart_full.o
LOAD hearts_shared.o
LOAD icon_pred.o
LOAD icon_won.o
LOAD leader_frame.o
LOAD lose_text.o
LOAD main.o
LOAD outcome_text_shared.o
LOAD particle.o
LOAD play_button_0.o
LOAD play_button_1.o
LOAD play_button_2.o
LOAD play_button_3.o
LOAD play_button_shared.o
LOAD score_bg.o
LOAD sling_band.o
LOAD studio_splash_0.o
LOAD studio_splash_1.o
LOAD studio_splash_shared.o
LOAD title_bg_0.o
LOAD title_bg_1.o
LOAD title_bg_shared.o
LOAD title_letter_0.o
LOAD title_letter_1.o
LOAD title_letter_2.o
LOAD title_letter_3.o
LOAD title_letter_4.o
LOAD title_letter_5.o
LOAD title_letters_shared.o
LOAD win_text.o
LOAD D:/devkitPro/devkitARM/bin/../lib/gcc/arm-none-eabi/16.1.0/../../../../arm-none-eabi/lib/thumb\libm.a
LOAD D:/devkitPro/libnds/lib\libmm9.a
LOAD D:/devkitPro/libnds/lib\libfat.a
LOAD D:/devkitPro/libnds/lib\libnds9.a
LOAD D:/devkitPro/calico/lib\libcalico_ds9.a
START GROUP
LOAD D:/devkitPro/devkitARM/bin/../lib/gcc/arm-none-eabi/16.1.0/thumb\libgcc.a
LOAD D:/devkitPro/devkitARM/bin/../lib/gcc/arm-none-eabi/16.1.0/../../../../arm-none-eabi/lib/thumb\libg.a
LOAD D:/devkitPro/devkitARM/bin/../lib/gcc/arm-none-eabi/16.1.0/../../../../arm-none-eabi/lib/thumb\libc.a
LOAD D:/devkitPro/devkitARM/bin/../lib/gcc/arm-none-eabi/16.1.0/../../../../arm-none-eabi/lib/thumb\libsysbase.a
END GROUP
LOAD D:/devkitPro/devkitARM/bin/../lib/gcc/arm-none-eabi/16.1.0/thumb/crtend.o
LOAD D:/devkitPro/devkitARM/bin/../lib/gcc/arm-none-eabi/16.1.0/thumb/crtn.o
                0x02ff3e80                        PROVIDE (__sp_usr = (ORIGIN (dtcm) + LENGTH (dtcm)))
                0x02ff3f80                        PROVIDE (__sp_irq = (__sp_usr + 0x100))
                0x02ff3fc0                        PROVIDE (__sp_svc = (__sp_irq + 0x40))
                0x02ff3ff8                        PROVIDE (__irq_flags = (__sp_svc + 0x38))
                [!provide]                        PROVIDE (__irq_vector = (__sp_svc + 0x3c))
                [!provide]                        PROVIDE (__arm_excpt_rst = 0xffff0000)
                [!provide]                        PROVIDE (__arm_excpt_und = 0xffff0004)
                0xffff0008                        PROVIDE (__arm_excpt_svc = 0xffff0008)
                [!provide]                        PROVIDE (__arm_excpt_pabt = 0xffff000c)
                [!provide]                        PROVIDE (__arm_excpt_dabt = 0xffff0010)
                [!provide]                        PROVIDE (__arm_excpt_irq = 0xffff0018)
                [!provide]                        PROVIDE (__arm_excpt_fiq = 0xffff001c)
                0x00000000                        PROVIDE (__end__ = 0x0)

.secure         0x0e000000      0x800 load address 0x02004000
                0x0e0007fc                        . = (. + 0x7fc)
 *fill*         0x0e000000      0x7fc 00000000
                0x0e0007fc        0x4 LONG 0x0

.bootstub       0x0e000800      0x198 load address 0x02004800
 *(.bootstub .bootstub.*)
 .bootstub.__ds9_bootstub
                0x0e000800      0x198 D:/devkitPro/calico/lib\libcalico_ds9.a(bootstub_arm9.o)
                0x0e000800                __ds9_bootstub
                0x0e000998                        . = ALIGN (0x4)

.crt0           0x02001000      0x3c0 load address 0x02004998
 *(.crt0 .crt0.*)
 .crt0.__ds9_bootstub_trampoline
                0x02001000       0x60 D:/devkitPro/calico/lib\libcalico_ds9.a(bootstub_arm9.o)
 *.crt0.*(.text .stub .text.* .gnu.linkonce.t.*)
 .text.crt0ProcessLoadList
                0x02001060       0x74 D:/devkitPro/calico/lib\libcalico_ds9.a(startup.crt0.o)
                0x02001060                crt0ProcessLoadList
 .text.crt0Startup
                0x020010d4      0x180 D:/devkitPro/calico/lib\libcalico_ds9.a(startup.crt0.o)
                0x020010d4                crt0Startup
 .text.crt0CopyMem32
                0x02001254       0x4c D:/devkitPro/calico/lib\libcalico_ds9.a(utils.crt0.o)
                0x02001254                crt0CopyMem32
 .text.crt0FillMem32
                0x020012a0       0x58 D:/devkitPro/calico/lib\libcalico_ds9.a(utils.crt0.o)
                0x020012a0                crt0FillMem32
 .text.crt0SetupMPU
                0x020012f8       0xb4 D:/devkitPro/calico/lib\libcalico_ds9.a(mpu_setup.crt0.o)
                0x020012f8                crt0SetupMPU
 *.crt0.*(.glue_7t .glue_7 .vfp11_veneer .v4_bx)
 *.crt0.*(.rodata .rodata.* .gnu.linkonce.r.*)
 *.crt0.*(.rodata1)
                0x020013c0                        . = ALIGN (0x20)
 *fill*         0x020013ac       0x14 ff
                0x02004998                        PROVIDE (__crt0_lma = LOADADDR (.crt0))
                0x02001000                        PROVIDE (__crt0_start = ADDR (.crt0))
                0x020013c0                        PROVIDE (__crt0_end = (ADDR (.crt0) + SIZEOF (.crt0)))
                0x00000001                        ASSERT (((__crt0_end <= LOADADDR (.bootstub)) || (__crt0_start >= (LOADADDR (.bootstub) + SIZEOF (.bootstub)))), Error: crt0 section overlaps initial bootstrap)

.dldi           0x0380b000     0x4000 load address 0x02004d58
 *(.dldi)
 .dldi          0x0380b000     0x4000 D:/devkitPro/calico/lib\libcalico_ds9.a(dldi_stub.o)
                0x0380b000                __dldi_start
                0x02004d58                        PROVIDE (__dldi_lma = SIZEOF (.dldi)?LOADADDR (.dldi):0x0)

.vectors        0x00000000       0x20 load address 0x02008d58
 *(.vectors)
 .vectors       0x00000000       0x20 D:/devkitPro/calico/lib\libcalico_ds9.a(bootstub_arm9.o)

.itcm           0x01ff8020      0x7c8 load address 0x02008d78
 *(.itcm .itcm.*)
 .itcm          0x01ff8020       0x30 D:/devkitPro/calico/lib\libcalico_ds9.a(bootstub_arm9.o)
                0x01ff8038                __excpt_vectors
 *.itcm.*(.text .stub .text.* .gnu.linkonce.t.*)
 *.32.o(.text .stub .text.* .gnu.linkonce.t.*)
 .text._mmDeinterleave8
                0x01ff8050       0x54 D:/devkitPro/libnds/lib\libmm9.a(mm_deinterleave.32.o)
                0x01ff8050                _mmDeinterleave8
 .text._mmDeinterleave16
                0x01ff80a4       0x54 D:/devkitPro/libnds/lib\libmm9.a(mm_deinterleave.32.o)
                0x01ff80a4                _mmDeinterleave16
 .text.threadSwitchTo
                0x01ff80f8       0x7c D:/devkitPro/calico/lib\libcalico_ds9.a(thread_hot.32.o)
                0x01ff80f8                threadSwitchTo
 .text.threadBlock
                0x01ff8174       0xd4 D:/devkitPro/calico/lib\libcalico_ds9.a(thread_hot.32.o)
                0x01ff8174                threadBlock
 .text.threadUnblockOneByValue
                0x01ff8248       0xd4 D:/devkitPro/calico/lib\libcalico_ds9.a(thread_hot.32.o)
                0x01ff8248                threadUnblockOneByValue
 .text.threadUnblockAllByValue
                0x01ff831c      0x138 D:/devkitPro/calico/lib\libcalico_ds9.a(thread_hot.32.o)
                0x01ff831c                threadUnblockAllByValue
 .text.threadUnblockAllByMask
                0x01ff8454       0xf0 D:/devkitPro/calico/lib\libcalico_ds9.a(thread_hot.32.o)
                0x01ff8454                threadUnblockAllByMask
 .text.armCopyMem32
                0x01ff8544       0x4c D:/devkitPro/calico/lib\libcalico_ds9.a(arm-copy-fill.32.o)
                0x01ff8544                armCopyMem32
 .text.armFillMem32
                0x01ff8590       0x58 D:/devkitPro/calico/lib\libcalico_ds9.a(arm-copy-fill.32.o)
                0x01ff8590                armFillMem32
 .text.armContextSave
                0x01ff85e8       0x2c D:/devkitPro/calico/lib\libcalico_ds9.a(arm-context.32.o)
                0x01ff85e8                armContextSave
 .text.armContextLoad
                0x01ff8614       0x20 D:/devkitPro/calico/lib\libcalico_ds9.a(arm-context.32.o)
                0x01ff8614                armContextLoad
                0x01ff8618                armContextLoadFromSvc
 .text.armWaitForIrq
                0x01ff8634        0x8 D:/devkitPro/calico/lib\libcalico_ds9.a(arm-shims.32.o)
                0x01ff8634                armWaitForIrq
 .text.armDrainWriteBuffer
                0x01ff863c        0xc D:/devkitPro/calico/lib\libcalico_ds9.a(arm-cache.32.o)
                0x01ff863c                armDrainWriteBuffer
 .text.armDCacheFlushAll
                0x01ff8648       0x28 D:/devkitPro/calico/lib\libcalico_ds9.a(arm-cache.32.o)
                0x01ff8648                armDCacheFlushAll
 .text.armDCacheFlush
                0x01ff8670       0x1c D:/devkitPro/calico/lib\libcalico_ds9.a(arm-cache.32.o)
                0x01ff8670                armDCacheFlush
 .text.armDCacheInvalidate
                0x01ff868c       0x1c D:/devkitPro/calico/lib\libcalico_ds9.a(arm-cache.32.o)
                0x01ff868c                armDCacheInvalidate
 .text.armICacheInvalidateAll
                0x01ff86a8        0xc D:/devkitPro/calico/lib\libcalico_ds9.a(arm-cache.32.o)
                0x01ff86a8                armICacheInvalidateAll
 .text.__excpt_entry
                0x01ff86b4       0x50 D:/devkitPro/calico/lib\libcalico_ds9.a(excpt_handler.32.o)
                0x01ff86b4                __arm_excpt_rst
                0x01ff86b8                __arm_excpt_pabt
                0x01ff86bc                __arm_excpt_und
                0x01ff86c8                __arm_excpt_dabt
 .text.__arm_excpt_irq
                0x01ff8704       0xe4 D:/devkitPro/calico/lib\libcalico_ds9.a(irq_handler.32.o)
                0x01ff8704                __arm_excpt_irq
 *.itcm.*(.glue_7t .glue_7 .vfp11_veneer .v4_bx)
 *.32.o(.glue_7t .glue_7 .vfp11_veneer .v4_bx)
 *.itcm.*(.rodata .rodata.* .gnu.linkonce.r.*)
 *.32.o(.rodata .rodata.* .gnu.linkonce.r.*)
 *.itcm.*(.rodata1)
 *.32.o(.rodata1)
                0x01ff87e8                        . = ALIGN (0x4)
                0x02008d58                        PROVIDE (__itcm_lma = LOADADDR (.vectors))
                0x01ff8000                        PROVIDE (__itcm_start = (ADDR (.itcm) - SIZEOF (.vectors)))
                0x01ff87e8                        PROVIDE (__itcm_end = (ADDR (.itcm) + SIZEOF (.itcm)))
                0x00000001                        ASSERT (((__itcm_lma + SIZEOF (.vectors)) == LOADADDR (.itcm)), Error: gap between vectors and itcm)

.dtcm           0x02ff0000        0x0 load address 0x02009540
 *(.dtcm .dtcm.*)
 *.32.o(.data .data.* .gnu.linkonce.d.*)
 *.32.o(.data1)
                0x02ff0000                        . = ALIGN (0x4)
                [!provide]                        PROVIDE (__dtcm_lma = LOADADDR (.dtcm))
                0x02ff0000                        PROVIDE (__dtcm_start = ADDR (.dtcm))
                0x02ff0000                        PROVIDE (__dtcm_end = (ADDR (.dtcm) + SIZEOF (.dtcm)))

.dtcm.bss       0x02ff0000       0x98 load address 0x02009540
 *(.sbss .sbss.*)
 *.32.o(.dynbss)
 *.32.o(.bss .bss.* .gnu.linkonce.b.*)
 .bss.__irq_table
                0x02ff0000       0x80 D:/devkitPro/calico/lib\libcalico_ds9.a(thread_hot.32.o)
                0x02ff0000                __irq_table
 .bss.__sched_state
                0x02ff0080       0x18 D:/devkitPro/calico/lib\libcalico_ds9.a(thread_hot.32.o)
                0x02ff0080                __sched_state
 *.32.o(COMMON)
                0x02ff0098                        . = ALIGN (0x4)
                [!provide]                        PROVIDE (__dtcm_bss_start = ADDR (.dtcm.bss))
                0x02ff0098                        PROVIDE (__dtcm_bss_end = (ADDR (.dtcm.bss) + SIZEOF (.dtcm.bss)))

.main           0x020013c0    0xe1bc8 load address 0x02009540
 *(SORT_NONE(.init))
 .init          0x020013c0        0x4 D:/devkitPro/devkitARM/bin/../lib/gcc/arm-none-eabi/16.1.0/thumb/crti.o
                0x020013c0                _init
 .init          0x020013c4        0x8 D:/devkitPro/devkitARM/bin/../lib/gcc/arm-none-eabi/16.1.0/thumb/crtn.o
 EXCLUDE_FILE(*.twl.*) *(.text.unlikely .text.*_unlikely .text.unlikely.*)
 EXCLUDE_FILE(*.twl.*) *(.text.exit .text.exit.*)
 .text.exit     0x020013cc       0x24 D:/devkitPro/devkitARM/bin/../lib/gcc/arm-none-eabi/16.1.0/../../../../arm-none-eabi/lib/thumb\libg.a(libc_a-exit.o)
                0x020013cc                exit
 EXCLUDE_FILE(*.twl.*) *(.text.startup .text.startup.*)
 .text.startup.main
                0x020013f0     0x1028 main.o
                0x020013f0                main
 .text.startup._soundEnsureInit
                0x02002418        0xc D:/devkitPro/libnds/lib\libnds9.a(sound.o)
 EXCLUDE_FILE(*.twl.*) *(.text.hot .text.hot.*)
 EXCLUDE_FILE(*.twl.*) *(.text .iplt .stub .text.* .gnu.linkonce.t.*)
 .text.__do_global_dtors_aux
                0x02002424       0x2c D:/devkitPro/devkitARM/bin/../lib/gcc/arm-none-eabi/16.1.0/thumb/crtbegin.o
 .text.frame_dummy
                0x02002450       0x24 D:/devkitPro/devkitARM/bin/../lib/gcc/arm-none-eabi/16.1.0/thumb/crtbegin.o
 .iplt          0x02002474        0x0 D:/devkitPro/devkitARM/bin/../lib/gcc/arm-none-eabi/16.1.0/thumb/crtbegin.o
 .text.sort_by_rank_asc
                0x02002474       0x7c ai.o
 .text.clamp_prediction
                0x020024f0       0x58 ai.o
 .text.decide_card_base
                0x02002548      0x2ec ai.o
 .text.decide_card_hard
                0x02002834      0x4f0 ai.o
 .text.decide_card_montecarlo
                0x02002d24      0x390 ai.o
 .text.ai_decide_prediction
                0x020030b4      0x2c8 ai.o
                0x020030b4                ai_decide_prediction
 .text.ai_decide_card
                0x0200337c       0x2c ai.o
                0x0200337c                ai_decide_card
 .text.card_tiles_for
                0x020033a8       0x18 card_gfx.o
                0x020033a8                card_tiles_for
 .text.card_back_tiles
                0x020033c0        0x8 card_gfx.o
                0x020033c0                card_back_tiles
 .text.deck_create
                0x020033c8       0x28 deck.o
                0x020033c8                deck_create
 .text.deck_shuffle
                0x020033f0       0x48 deck.o
                0x020033f0                deck_shuffle
 .text.card_rank
                0x02003438       0x2c deck.o
                0x02003438                card_rank
 .text.build_active_order_from
                0x02003464       0xac game.o
 .text.start_hand
                0x02003510      0x214 game.o
 .text.game_active_player_count
                0x02003724       0x2c game.o
                0x02003724                game_active_player_count
 .text.game_create_match
                0x02003750       0xa0 game.o
                0x02003750                game_create_match
 .text.game_get_forbidden_prediction
                0x020037f0       0x58 game.o
                0x020037f0                game_get_forbidden_prediction
 .text.game_submit_prediction
                0x02003848      0x158 game.o
                0x02003848                game_submit_prediction
 .text.game_get_current_player_to_act_id
                0x020039a0       0x34 game.o
                0x020039a0                game_get_current_player_to_act_id
 .text.game_play_card
                0x020039d4      0x1b8 game.o
                0x020039d4                game_play_card
 .text.game_continue_after_trick
                0x02003b8c      0x164 game.o
                0x02003b8c                game_continue_after_trick
 .text.game_start_next_hand
                0x02003cf0       0x14 game.o
                0x02003cf0                game_start_next_hand
 .text.vblank_handler
                0x02003d04       0x10 main.o
 .text.anim_step
                0x02003d14       0x50 main.o
 .text.mic_handler
                0x02003d64       0x3c main.o
 .text.bgSetPriority
                0x02003da0       0x1c main.o
 .text.update_title_logo_idle
                0x02003dbc      0x10c main.o
 .text.hide_hand_end_icons
                0x02003ec8       0xac main.o
 .text.hide_corner_icons
                0x02003f74       0xa8 main.o
 .text.render_play_button
                0x0200401c       0x84 main.o
 .text.hide_bottom_status
                0x020040a0      0x124 main.o
 .text.hide_predict_buttons
                0x020041c4       0x68 main.o
 .text.update_dragged_card_position
                0x0200422c       0x50 main.o
 .text.render_slingshot
                0x0200427c       0x90 main.o
 .text.hand_slide_tick
                0x0200430c       0xdc main.o
 .text.hide_slingshot
                0x020043e8       0x68 main.o
 .text.render_score_corners
                0x02004450      0x1dc main.o
 .text.pick_ai_names
                0x0200462c       0x70 main.o
 .text.render_hand_sprites
                0x0200469c      0x144 main.o
 .text.render_trick_sprites
                0x020047e0      0x33c main.o
 .text.play_card_sfx
                0x02004b1c       0xa8 main.o
 .text.render_bottom_predict
                0x02004bc4      0x154 main.o
 .text.render_tutorial_step
                0x02004d18      0x1e0 main.o
 .text.save_settings
                0x02004ef8       0x74 main.o
 .text.hand_touch_to_index
                0x02004f6c       0x70 main.o
 .text.music_stream_callback
                0x02004fdc       0x6c main.o
 .text.render_bottom_status.part.0
                0x02005048      0x18c main.o
 .text.hsv_to_rgb15.constprop.0
                0x020051d4       0xa8 main.o
 .text.hide_all_gameplay_sprites
                0x0200527c       0x38 main.o
 .text.apply_bg_pattern
                0x020052b4       0xf0 main.o
 .text.show_outcome_screen
                0x020053a4       0xcc main.o
 .text.show_title_background.part.0
                0x02005470      0x144 main.o
 .text.hero_anim_step_and_apply
                0x020055b4       0xcc main.o
 .text.update_background_scroll
                0x02005680      0x2b8 main.o
 .text.render_title_logo
                0x02005938      0x1f0 main.o
 .text.celebrate_ancho
                0x02005b28      0x248 main.o
 .text.animate_drag_snap_back
                0x02005d70       0xec main.o
 .text.idle_hand_drag_step
                0x02005e5c      0x234 main.o
 .text.run_match_end_menu
                0x02006090      0x130 main.o
 .text.run_pause_menu
                0x020061c0      0x144 main.o
 .text.animate_hand_deal
                0x02006304      0x264 main.o
 .text.run_match
                0x02006568     0x1344 main.o
 .text.show_main_menu
                0x020078ac      0xb88 main.o
 .text.floorf   0x02008434       0xa4 D:/devkitPro/devkitARM/bin/../lib/gcc/arm-none-eabi/16.1.0/../../../../arm-none-eabi/lib/thumb\libm.a(libm_a-sf_floor.o)
                0x02008434                floorf
 .text._mmPxiHandler
                0x020084d8       0x78 D:/devkitPro/libnds/lib\libmm9.a(mm_comms9.o)
 .text._mmCreateEffectHandle
                0x02008550       0x7c D:/devkitPro/libnds/lib\libmm9.a(mm_comms9.o)
 .text.mmInit   0x020085cc       0x78 D:/devkitPro/libnds/lib\libmm9.a(mm_comms9.o)
                0x020085cc                mmInit
 .text.mmLockChannels
                0x02008644       0x30 D:/devkitPro/libnds/lib\libmm9.a(mm_comms9.o)
                0x02008644                mmLockChannels
 .text.mmUnlockChannels
                0x02008674       0x3c D:/devkitPro/libnds/lib\libmm9.a(mm_comms9.o)
                0x02008674                mmUnlockChannels
 .text.mmEffect
                0x020086b0       0x44 D:/devkitPro/libnds/lib\libmm9.a(mm_comms9.o)
                0x020086b0                mmEffect
 .text._mmLoadSample
                0x020086f4       0x80 D:/devkitPro/libnds/lib\libmm9.a(mm_loader.o)
 .text.mmInitDefaultMem
                0x02008774       0xc0 D:/devkitPro/libnds/lib\libmm9.a(mm_loader.o)
                0x02008774                mmInitDefaultMem
 .text.mmLoadEffect
                0x02008834       0x3c D:/devkitPro/libnds/lib\libmm9.a(mm_loader.o)
                0x02008834                mmLoadEffect
 .text._mmStreamStop
                0x02008870       0x2c D:/devkitPro/libnds/lib\libmm9.a(mm_stream.o)
 .text._mmStreamRead
                0x0200889c       0xdc D:/devkitPro/libnds/lib\libmm9.a(mm_stream.o)
 .text._mmStreamRefill
                0x02008978       0x8c D:/devkitPro/libnds/lib\libmm9.a(mm_stream.o)
 .text._mmStreamStart
                0x02008a04       0x64 D:/devkitPro/libnds/lib\libmm9.a(mm_stream.o)
 .text._mmStreamGetPosition
                0x02008a68       0x80 D:/devkitPro/libnds/lib\libmm9.a(mm_stream.o)
 .text._mmStreamTickTask
                0x02008ae8       0x2c D:/devkitPro/libnds/lib\libmm9.a(mm_stream.o)
 .text._mmStreamThread
                0x02008b14       0x9c D:/devkitPro/libnds/lib\libmm9.a(mm_stream.o)
 .text.mmStreamUpdate
                0x02008bb0       0x54 D:/devkitPro/libnds/lib\libmm9.a(mm_stream.o)
                0x02008bb0                mmStreamUpdate
 .text.mmStreamClose
                0x02008c04       0x7c D:/devkitPro/libnds/lib\libmm9.a(mm_stream.o)
                0x02008c04                mmStreamClose
 .text.mmStreamOpen
                0x02008c80      0x2b4 D:/devkitPro/libnds/lib\libmm9.a(mm_stream.o)
                0x02008c80                mmStreamOpen
 .text.fatInitDefault
                0x02008f34       0x20 D:/devkitPro/libnds/lib\libfat.a(fat_wrappers.o)
                0x02008f34                fatInitDefault
 .text._dvmDiscCalicoDummy
                0x02008f54        0x4 D:/devkitPro/libnds/lib\libfat.a(dvm_calico.o)
 .text._dvmDiscCalicoWriteSectors
                0x02008f58        0x8 D:/devkitPro/libnds/lib\libfat.a(dvm_calico.o)
 .text._dvmDiscCalicoReadSectors
                0x02008f60        0x8 D:/devkitPro/libnds/lib\libfat.a(dvm_calico.o)
 .text._dvmIsAlignedAccess
                0x02008f68       0x30 D:/devkitPro/libnds/lib\libfat.a(dvm_calico.o)
                0x02008f68                _dvmIsAlignedAccess
 .text._dvmCacheCopy
                0x02008f98       0x14 D:/devkitPro/libnds/lib\libfat.a(dvm_calico.o)
                0x02008f98                _dvmCacheCopy
 .text.dvmInit  0x02008fac      0x268 D:/devkitPro/libnds/lib\libfat.a(dvm_calico.o)
                0x02008fac                dvmInit
 .text._nitroFS_close_r
                0x02009214        0x8 D:/devkitPro/libnds/lib\libfat.a(nitrofs.o)
 .text._nitroFS_read_r
                0x0200921c       0x98 D:/devkitPro/libnds/lib\libfat.a(nitrofs.o)
 .text._nitroFS_seek_r
                0x020092b4       0xb4 D:/devkitPro/libnds/lib\libfat.a(nitrofs.o)
 .text._nitroFS_dirreset_r
                0x02009368       0x20 D:/devkitPro/libnds/lib\libfat.a(nitrofs.o)
 .text._nitroFS_diropen_r
                0x02009388       0xc4 D:/devkitPro/libnds/lib\libfat.a(nitrofs.o)
 .text._nitroFS_dirclose_r
                0x0200944c        0x8 D:/devkitPro/libnds/lib\libfat.a(nitrofs.o)
 .text._nitroFS_chdir_r
                0x02009454       0x7c D:/devkitPro/libnds/lib\libfat.a(nitrofs.o)
 .text._nitroFS_open_r
                0x020094d0       0x90 D:/devkitPro/libnds/lib\libfat.a(nitrofs.o)
 .text._nitroFS_fstat_r
                0x02009560       0x80 D:/devkitPro/libnds/lib\libfat.a(nitrofs.o)
 .text._nitroFS_stat_r
                0x020095e0       0xe0 D:/devkitPro/libnds/lib\libfat.a(nitrofs.o)
 .text._nitroFS_dirnext_r
                0x020096c0      0x1f4 D:/devkitPro/libnds/lib\libfat.a(nitrofs.o)
 .text.nitroFSInit
                0x020098b4       0x90 D:/devkitPro/libnds/lib\libfat.a(nitrofs.o)
                0x020098b4                nitroFSInit
 .text.dvmDiscAddUser
                0x02009944       0x10 D:/devkitPro/libnds/lib\libfat.a(dvm_disc.o)
                0x02009944                dvmDiscAddUser
 .text.dvmDiscRemoveUser
                0x02009954       0x24 D:/devkitPro/libnds/lib\libfat.a(dvm_disc.o)
                0x02009954                dvmDiscRemoveUser
 .text._dvmDiscCacheReadWrite
                0x02009978      0x408 D:/devkitPro/libnds/lib\libfat.a(dvm_cache.o)
 .text._dvmDiscCacheWriteSectors
                0x02009d80       0x58 D:/devkitPro/libnds/lib\libfat.a(dvm_cache.o)
 .text._dvmDiscCacheReadSectors
                0x02009dd8       0x58 D:/devkitPro/libnds/lib\libfat.a(dvm_cache.o)
 .text._dvmDiscCacheFlush
                0x02009e30       0xb0 D:/devkitPro/libnds/lib\libfat.a(dvm_cache.o)
 .text._dvmDiscCacheDestroy
                0x02009ee0       0x28 D:/devkitPro/libnds/lib\libfat.a(dvm_cache.o)
 .text.dvmDiscCacheCreate
                0x02009f08      0x1ac D:/devkitPro/libnds/lib\libfat.a(dvm_cache.o)
                0x02009f08                dvmDiscCacheCreate
 .text.dvmMountVolume
                0x0200a0b4      0x188 D:/devkitPro/libnds/lib\libfat.a(dvm_volume.o)
                0x0200a0b4                dvmMountVolume
 .text._dvmSetAppWorkingDir
                0x0200a23c       0x74 D:/devkitPro/libnds/lib\libfat.a(dvm_volume.o)
                0x0200a23c                _dvmSetAppWorkingDir
 .text._dvmIdentMbrVbr
                0x0200a2b0      0x1d8 D:/devkitPro/libnds/lib\libfat.a(dvm_prober.o)
 .text.dvmReadPartitionTable
                0x0200a488      0x238 D:/devkitPro/libnds/lib\libfat.a(dvm_prober.o)
                0x0200a488                dvmReadPartitionTable
 .text.dvmProbeMountDisc
                0x0200a6c0       0xcc D:/devkitPro/libnds/lib\libfat.a(dvm_prober.o)
                0x0200a6c0                dvmProbeMountDisc
 .text._FAT_fstat_r
                0x0200a78c       0xbc D:/devkitPro/libnds/lib\libfat.a(fat_driver.o)
 .text._FAT_umount
                0x0200a848       0x1c D:/devkitPro/libnds/lib\libfat.a(fat_driver.o)
 .text._FAT_mount
                0x0200a864       0x44 D:/devkitPro/libnds/lib\libfat.a(fat_driver.o)
 .text._FAT_seek_r
                0x0200a8a8      0x13c D:/devkitPro/libnds/lib\libfat.a(fat_driver.o)
 .text._FAT_set_stat
                0x0200a9e4      0x104 D:/devkitPro/libnds/lib\libfat.a(fat_driver.o)
 .text._FAT_mkdir_r
                0x0200aae8       0x64 D:/devkitPro/libnds/lib\libfat.a(fat_driver.o)
 .text._FAT_chdir_r
                0x0200ab4c       0x64 D:/devkitPro/libnds/lib\libfat.a(fat_driver.o)
 .text._FAT_unlink_r
                0x0200abb0       0x70 D:/devkitPro/libnds/lib\libfat.a(fat_driver.o)
 .text._FAT_rmdir_r
                0x0200ac20       0x6c D:/devkitPro/libnds/lib\libfat.a(fat_driver.o)
 .text._FAT_diropen_r
                0x0200ac8c       0x7c D:/devkitPro/libnds/lib\libfat.a(fat_driver.o)
 .text._FAT_fsync_r
                0x0200ad08       0x64 D:/devkitPro/libnds/lib\libfat.a(fat_driver.o)
 .text._FAT_close_r
                0x0200ad6c       0x64 D:/devkitPro/libnds/lib\libfat.a(fat_driver.o)
 .text._FAT_dirclose_r
                0x0200add0       0x64 D:/devkitPro/libnds/lib\libfat.a(fat_driver.o)
 .text._FAT_dirreset_r
                0x0200ae34       0x6c D:/devkitPro/libnds/lib\libfat.a(fat_driver.o)
 .text._FAT_rename_r
                0x0200aea0       0x80 D:/devkitPro/libnds/lib\libfat.a(fat_driver.o)
 .text._FAT_stat_r
                0x0200af20       0x94 D:/devkitPro/libnds/lib\libfat.a(fat_driver.o)
 .text._FAT_read_r
                0x0200afb4       0x7c D:/devkitPro/libnds/lib\libfat.a(fat_driver.o)
 .text._FAT_write_r
                0x0200b030       0x7c D:/devkitPro/libnds/lib\libfat.a(fat_driver.o)
 .text._FAT_statvfs_r
                0x0200b0ac       0xf4 D:/devkitPro/libnds/lib\libfat.a(fat_driver.o)
 .text._FAT_ftruncate_r
                0x0200b1a0      0x190 D:/devkitPro/libnds/lib\libfat.a(fat_driver.o)
 .text._FAT_dirnext_r
                0x0200b330      0x120 D:/devkitPro/libnds/lib\libfat.a(fat_driver.o)
 .text._FAT_open_r
                0x0200b450      0x124 D:/devkitPro/libnds/lib\libfat.a(fat_driver.o)
 .text.get_fattime
                0x0200b574       0x64 D:/devkitPro/libnds/lib\libfat.a(fat_driver.o)
                0x0200b574                get_fattime
 .text.ff_mutex_create
                0x0200b5d8       0x18 D:/devkitPro/libnds/lib\libfat.a(fat_driver.o)
                0x0200b5d8                ff_mutex_create
 .text.ff_mutex_delete
                0x0200b5f0        0x4 D:/devkitPro/libnds/lib\libfat.a(fat_driver.o)
                0x0200b5f0                ff_mutex_delete
 .text.ff_mutex_take
                0x0200b5f4       0x14 D:/devkitPro/libnds/lib\libfat.a(fat_driver.o)
                0x0200b5f4                ff_mutex_take
 .text.ff_mutex_give
                0x0200b608        0x8 D:/devkitPro/libnds/lib\libfat.a(fat_driver.o)
                0x0200b608                ff_mutex_give
 .text.disk_initialize
                0x0200b610       0x24 D:/devkitPro/libnds/lib\libfat.a(fat_driver.o)
                0x0200b610                disk_initialize
 .text.disk_status
                0x0200b634       0x24 D:/devkitPro/libnds/lib\libfat.a(fat_driver.o)
                0x0200b634                disk_status
 .text.disk_read
                0x0200b658       0x2c D:/devkitPro/libnds/lib\libfat.a(fat_driver.o)
                0x0200b658                disk_read
 .text.disk_write
                0x0200b684       0x2c D:/devkitPro/libnds/lib\libfat.a(fat_driver.o)
                0x0200b684                disk_write
 .text.disk_ioctl
                0x0200b6b0       0x38 D:/devkitPro/libnds/lib\libfat.a(fat_driver.o)
                0x0200b6b0                disk_ioctl
 .text.tchar2uni
                0x0200b6e8       0xfc D:/devkitPro/libnds/lib\libfat.a(ff.o)
 .text.sync_window
                0x0200b7e4       0x90 D:/devkitPro/libnds/lib\libfat.a(ff.o)
 .text.put_utf  0x0200b874      0x130 D:/devkitPro/libnds/lib\libfat.a(ff.o)
 .text.dir_clear
                0x0200b9a4       0x9c D:/devkitPro/libnds/lib\libfat.a(ff.o)
 .text.get_fileinfo
                0x0200ba40      0x28c D:/devkitPro/libnds/lib\libfat.a(ff.o)
 .text.sync_fs  0x0200bccc      0x180 D:/devkitPro/libnds/lib\libfat.a(ff.o)
 .text.move_window
                0x0200be4c       0xc4 D:/devkitPro/libnds/lib\libfat.a(ff.o)
 .text.put_fat.part.0
                0x0200bf10      0x1dc D:/devkitPro/libnds/lib\libfat.a(ff.o)
 .text.get_fat.isra.0
                0x0200c0ec      0x160 D:/devkitPro/libnds/lib\libfat.a(ff.o)
 .text.remove_chain
                0x0200c24c       0xf4 D:/devkitPro/libnds/lib\libfat.a(ff.o)
 .text.create_chain
                0x0200c340      0x21c D:/devkitPro/libnds/lib\libfat.a(ff.o)
 .text.dir_next
                0x0200c55c      0x170 D:/devkitPro/libnds/lib\libfat.a(ff.o)
 .text.dir_read
                0x0200c6cc      0x248 D:/devkitPro/libnds/lib\libfat.a(ff.o)
 .text.dir_sdi  0x0200c914      0x128 D:/devkitPro/libnds/lib\libfat.a(ff.o)
 .text.dir_alloc
                0x0200ca3c       0xcc D:/devkitPro/libnds/lib\libfat.a(ff.o)
 .text.dir_remove
                0x0200cb08       0xc4 D:/devkitPro/libnds/lib\libfat.a(ff.o)
 .text.dir_find
                0x0200cbcc      0x2f8 D:/devkitPro/libnds/lib\libfat.a(ff.o)
 .text.follow_path
                0x0200cec4      0x590 D:/devkitPro/libnds/lib\libfat.a(ff.o)
 .text.dir_register
                0x0200d454      0x434 D:/devkitPro/libnds/lib\libfat.a(ff.o)
 .text.check_fs
                0x0200d888      0x1ec D:/devkitPro/libnds/lib\libfat.a(ff.o)
 .text.mount_volume.part.0
                0x0200da74      0x504 D:/devkitPro/libnds/lib\libfat.a(ff.o)
 .text.validate
                0x0200df78       0xbc D:/devkitPro/libnds/lib\libfat.a(ff.o)
 .text.f_mount  0x0200e034       0x6c D:/devkitPro/libnds/lib\libfat.a(ff.o)
                0x0200e034                f_mount
 .text.f_umount
                0x0200e0a0       0x38 D:/devkitPro/libnds/lib\libfat.a(ff.o)
                0x0200e0a0                f_umount
 .text.f_open   0x0200e0d8      0x400 D:/devkitPro/libnds/lib\libfat.a(ff.o)
                0x0200e0d8                f_open
 .text.f_read   0x0200e4d8      0x2a4 D:/devkitPro/libnds/lib\libfat.a(ff.o)
                0x0200e4d8                f_read
 .text.f_write  0x0200e77c      0x350 D:/devkitPro/libnds/lib\libfat.a(ff.o)
                0x0200e77c                f_write
 .text.f_sync   0x0200eacc      0x1a0 D:/devkitPro/libnds/lib\libfat.a(ff.o)
                0x0200eacc                f_sync
 .text.f_close  0x0200ec6c       0x58 D:/devkitPro/libnds/lib\libfat.a(ff.o)
                0x0200ec6c                f_close
 .text.f_chdir  0x0200ecc4       0xf0 D:/devkitPro/libnds/lib\libfat.a(ff.o)
                0x0200ecc4                f_chdir
 .text.f_lseek  0x0200edb4      0x298 D:/devkitPro/libnds/lib\libfat.a(ff.o)
                0x0200edb4                f_lseek
 .text.f_opendir
                0x0200f04c      0x12c D:/devkitPro/libnds/lib\libfat.a(ff.o)
                0x0200f04c                f_opendir
 .text.f_closedir
                0x0200f178       0xb0 D:/devkitPro/libnds/lib\libfat.a(ff.o)
                0x0200f178                f_closedir
 .text.f_readdir
                0x0200f228       0xd0 D:/devkitPro/libnds/lib\libfat.a(ff.o)
                0x0200f228                f_readdir
 .text.f_stat   0x0200f2f8      0x104 D:/devkitPro/libnds/lib\libfat.a(ff.o)
                0x0200f2f8                f_stat
 .text.f_getfree
                0x0200f3fc      0x184 D:/devkitPro/libnds/lib\libfat.a(ff.o)
                0x0200f3fc                f_getfree
 .text.f_truncate
                0x0200f580      0x228 D:/devkitPro/libnds/lib\libfat.a(ff.o)
                0x0200f580                f_truncate
 .text.f_unlink
                0x0200f7a8      0x1a4 D:/devkitPro/libnds/lib\libfat.a(ff.o)
                0x0200f7a8                f_unlink
 .text.f_mkdir  0x0200f94c      0x294 D:/devkitPro/libnds/lib\libfat.a(ff.o)
                0x0200f94c                f_mkdir
 .text.f_rename
                0x0200fbe0      0x248 D:/devkitPro/libnds/lib\libfat.a(ff.o)
                0x0200fbe0                f_rename
 .text.ff_uni2oem
                0x0200fe28       0x78 D:/devkitPro/libnds/lib\libfat.a(ffunicode.o)
                0x0200fe28                ff_uni2oem
 .text.ff_oem2uni
                0x0200fea0       0x40 D:/devkitPro/libnds/lib\libfat.a(ffunicode.o)
                0x0200fea0                ff_oem2uni
 .text.ff_wtoupper
                0x0200fee0      0x128 D:/devkitPro/libnds/lib\libfat.a(ffunicode.o)
                0x0200fee0                ff_wtoupper
 .text.checkIfText
                0x02010008       0x6c D:/devkitPro/libnds/lib\libnds9.a(background.o)
                0x02010008                checkIfText
 .text.bgUpdate
                0x02010074       0xe8 D:/devkitPro/libnds/lib\libnds9.a(background.o)
                0x02010074                bgUpdate
 .text.bgInit_call
                0x0201015c       0xa8 D:/devkitPro/libnds/lib\libnds9.a(background.o)
                0x0201015c                bgInit_call
 .text.bgInitSub_call
                0x02010204       0xb0 D:/devkitPro/libnds/lib\libnds9.a(background.o)
                0x02010204                bgInitSub_call
 .text.newRow   0x020102b4       0xe8 D:/devkitPro/libnds/lib\libnds9.a(console.o)
 .text.consoleSelect
                0x0201039c       0x10 D:/devkitPro/libnds/lib\libnds9.a(console.o)
                0x0201039c                consoleSelect
 .text.consolePrintChar
                0x020103ac       0xe0 D:/devkitPro/libnds/lib\libnds9.a(console.o)
                0x020103ac                consolePrintChar
 .text.con_write
                0x0201048c      0x34c D:/devkitPro/libnds/lib\libnds9.a(console.o)
                0x0201048c                con_write
 .text.consoleLoadFont
                0x020107d8      0x2e4 D:/devkitPro/libnds/lib\libnds9.a(console.o)
                0x020107d8                consoleLoadFont
 .text.consoleInit
                0x02010abc      0x170 D:/devkitPro/libnds/lib\libnds9.a(console.o)
                0x02010abc                consoleInit
 .text.consoleDemoInit
                0x02010c2c       0x40 D:/devkitPro/libnds/lib\libnds9.a(console.o)
                0x02010c2c                consoleDemoInit
 .text.consoleClear
                0x02010c6c       0x10 D:/devkitPro/libnds/lib\libnds9.a(console.o)
                0x02010c6c                consoleClear
 .text.scanKeys
                0x02010c7c       0x6c D:/devkitPro/libnds/lib\libnds9.a(keys.o)
                0x02010c7c                scanKeys
 .text.keysHeld
                0x02010ce8        0xc D:/devkitPro/libnds/lib\libnds9.a(keys.o)
                0x02010ce8                keysHeld
 .text.keysDown
                0x02010cf4       0x10 D:/devkitPro/libnds/lib\libnds9.a(keys.o)
                0x02010cf4                keysDown
 .text.keysUp   0x02010d04       0x10 D:/devkitPro/libnds/lib\libnds9.a(keys.o)
                0x02010d04                keysUp
 .text.__sassert
                0x02010d14       0x34 D:/devkitPro/libnds/lib\libnds9.a(sassert.o)
                0x02010d14                __sassert
 .text._soundMicCallback
                0x02010d48        0xc D:/devkitPro/libnds/lib\libnds9.a(sound.o)
 .text.soundMicRecord
                0x02010d54       0x6c D:/devkitPro/libnds/lib\libnds9.a(sound.o)
                0x02010d54                soundMicRecord
 .text.oamAllocReset
                0x02010dc0       0x1c D:/devkitPro/libnds/lib\libnds9.a(sprite_alloc.o)
                0x02010dc0                oamAllocReset
 .text.oamAllocateGfx
                0x02010ddc      0x578 D:/devkitPro/libnds/lib\libnds9.a(sprite_alloc.o)
                0x02010ddc                oamAllocateGfx
 .text.oamInit  0x02011354      0x124 D:/devkitPro/libnds/lib\libnds9.a(sprite.o)
                0x02011354                oamInit
 .text.oamGetGfxPtr
                0x02011478       0x34 D:/devkitPro/libnds/lib\libnds9.a(sprite.o)
                0x02011478                oamGetGfxPtr
 .text.oamGfxPtrToOffset
                0x020114ac       0x34 D:/devkitPro/libnds/lib\libnds9.a(sprite.o)
                0x020114ac                oamGfxPtrToOffset
 .text.oamSet   0x020114e0      0x100 D:/devkitPro/libnds/lib\libnds9.a(sprite.o)
                0x020114e0                oamSet
 .text.oamUpdate
                0x020115e0       0x6c D:/devkitPro/libnds/lib\libnds9.a(sprite.o)
                0x020115e0                oamUpdate
 .text.oamRotateScale
                0x0201164c       0x4c D:/devkitPro/libnds/lib\libnds9.a(sprite.o)
                0x0201164c                oamRotateScale
 .text.sinLutLookup
                0x02011698       0x4c D:/devkitPro/libnds/lib\libnds9.a(trig.o)
                0x02011698                sinLutLookup
 .text.sinLerp  0x020116e4       0x38 D:/devkitPro/libnds/lib\libnds9.a(trig.o)
                0x020116e4                sinLerp
 .text.cosLerp  0x0201171c       0x44 D:/devkitPro/libnds/lib\libnds9.a(trig.o)
                0x0201171c                cosLerp
 .text.setBrightness
                0x02011760       0x40 D:/devkitPro/libnds/lib\libnds9.a(video.o)
                0x02011760                setBrightness
 .text.irqSet   0x020117a0       0x64 D:/devkitPro/calico/lib\libcalico_ds9.a(irq.o)
                0x020117a0                irqSet
 .text._tickCountIsr
                0x02011804       0x1c D:/devkitPro/calico/lib\libcalico_ds9.a(tick.o)
 .text._tickTaskSchedule.part.0.isra.0
                0x02011820       0x84 D:/devkitPro/calico/lib\libcalico_ds9.a(tick.o)
 .text.tickInit
                0x020118a4       0xa0 D:/devkitPro/calico/lib\libcalico_ds9.a(tick.o)
                0x020118a4                tickInit
 .text.tickGetCount
                0x02011944       0x5c D:/devkitPro/calico/lib\libcalico_ds9.a(tick.o)
                0x02011944                tickGetCount
 .text._tickTaskIsr
                0x020119a0      0x110 D:/devkitPro/calico/lib\libcalico_ds9.a(tick.o)
 .text.tickTaskStart
                0x02011ab0      0x144 D:/devkitPro/calico/lib\libcalico_ds9.a(tick.o)
                0x02011ab0                tickTaskStart
 .text.tickTaskStop
                0x02011bf4       0xc0 D:/devkitPro/calico/lib\libcalico_ds9.a(tick.o)
                0x02011bf4                tickTaskStop
 .text._threadTickTask
                0x02011cb4       0x10 D:/devkitPro/calico/lib\libcalico_ds9.a(thread_cold.o)
 .text.threadExit
                0x02011cc4       0xa0 D:/devkitPro/calico/lib\libcalico_ds9.a(thread_cold.o)
                0x02011cc4                threadExit
 .text._threadInit
                0x02011d64       0x98 D:/devkitPro/calico/lib\libcalico_ds9.a(thread_cold.o)
                0x02011d64                _threadInit
 .text.threadPrepare
                0x02011dfc      0x134 D:/devkitPro/calico/lib\libcalico_ds9.a(thread_cold.o)
                0x02011dfc                threadPrepare
 .text.threadGetLocalStorageSize
                0x02011f30       0x2c D:/devkitPro/calico/lib\libcalico_ds9.a(thread_cold.o)
                0x02011f30                threadGetLocalStorageSize
 .text.threadAttachLocalStorage
                0x02011f5c      0x120 D:/devkitPro/calico/lib\libcalico_ds9.a(thread_cold.o)
                0x02011f5c                threadAttachLocalStorage
 .text.threadStart
                0x0201207c       0x94 D:/devkitPro/calico/lib\libcalico_ds9.a(thread_cold.o)
                0x0201207c                threadStart
 .text.threadJoin
                0x02012110       0x58 D:/devkitPro/calico/lib\libcalico_ds9.a(thread_cold.o)
                0x02012110                threadJoin
 .text.threadIrqWait
                0x02012168       0xa4 D:/devkitPro/calico/lib\libcalico_ds9.a(thread_cold.o)
                0x02012168                threadIrqWait
 .text.threadSleepTicks
                0x0201220c       0x58 D:/devkitPro/calico/lib\libcalico_ds9.a(thread_cold.o)
                0x0201220c                threadSleepTicks
 .text.threadUpdateDynamicPrio
                0x02012264      0x1d4 D:/devkitPro/calico/lib\libcalico_ds9.a(mutex.o)
                0x02012264                threadUpdateDynamicPrio
 .text.threadRemoveWaiter
                0x02012438      0x148 D:/devkitPro/calico/lib\libcalico_ds9.a(mutex.o)
 .text.mutexLock
                0x02012580      0x138 D:/devkitPro/calico/lib\libcalico_ds9.a(mutex.o)
                0x02012580                mutexLock
 .text.mutexUnlock
                0x020126b8       0xbc D:/devkitPro/calico/lib\libcalico_ds9.a(mutex.o)
                0x020126b8                mutexUnlock
 .text.mailboxTrySend
                0x02012774       0x98 D:/devkitPro/calico/lib\libcalico_ds9.a(mailbox.o)
                0x02012774                mailboxTrySend
 .text.mailboxRecv
                0x0201280c       0x98 D:/devkitPro/calico/lib\libcalico_ds9.a(mailbox.o)
                0x0201280c                mailboxRecv
 .text.__syscall_getreent
                0x020128a4       0x14 D:/devkitPro/calico/lib\libcalico_ds9.a(newlib_syscalls.o)
                0x020128a4                __syscall_getreent
 .text.__errno  0x020128b8       0x24 D:/devkitPro/calico/lib\libcalico_ds9.a(newlib_syscalls.o)
                0x020128b8                __errno
 .text.__syscall_gettod_r
                0x020128dc       0x30 D:/devkitPro/calico/lib\libcalico_ds9.a(newlib_syscalls.o)
                0x020128dc                __syscall_gettod_r
 .text.__syscall_lock_acquire
                0x0201290c        0x4 D:/devkitPro/calico/lib\libcalico_ds9.a(newlib_syscalls.o)
                0x0201290c                __syscall_lock_acquire
 .text.__syscall_lock_release
                0x02012910        0x4 D:/devkitPro/calico/lib\libcalico_ds9.a(newlib_syscalls.o)
                0x02012910                __syscall_lock_release
 .text.__syscall_lock_acquire_recursive
                0x02012914       0x4c D:/devkitPro/calico/lib\libcalico_ds9.a(newlib_syscalls.o)
                0x02012914                __syscall_lock_acquire_recursive
 .text.__syscall_lock_release_recursive
                0x02012960       0x18 D:/devkitPro/calico/lib\libcalico_ds9.a(newlib_syscalls.o)
                0x02012960                __syscall_lock_release_recursive
 .text._pxiMailboxHandler
                0x02012978        0x4 D:/devkitPro/calico/lib\libcalico_ds9.a(pxi.o)
 .text._pxiRecvUnhandled
                0x0201297c        0x4 D:/devkitPro/calico/lib\libcalico_ds9.a(pxi.o)
                0x0201297c                _pxiRecvUnhandled
 .text._pxiRecvIrqHandler
                0x02012980      0x154 D:/devkitPro/calico/lib\libcalico_ds9.a(pxi.o)
 .text._pxiInit
                0x02012ad4       0x58 D:/devkitPro/calico/lib\libcalico_ds9.a(pxi.o)
                0x02012ad4                _pxiInit
 .text.pxiSetHandler
                0x02012b2c       0x74 D:/devkitPro/calico/lib\libcalico_ds9.a(pxi.o)
                0x02012b2c                pxiSetHandler
 .text.pxiSetMailbox
                0x02012ba0       0x68 D:/devkitPro/calico/lib\libcalico_ds9.a(pxi.o)
                0x02012ba0                pxiSetMailbox
 .text.pxiWaitRemote
                0x02012c08       0x38 D:/devkitPro/calico/lib\libcalico_ds9.a(pxi.o)
                0x02012c08                pxiWaitRemote
 .text.pxiSendPacket
                0x02012c40       0x50 D:/devkitPro/calico/lib\libcalico_ds9.a(pxi.o)
                0x02012c40                pxiSendPacket
 .text.pxiSendExtPacket
                0x02012c90       0x98 D:/devkitPro/calico/lib\libcalico_ds9.a(pxi.o)
                0x02012c90                pxiSendExtPacket
 .text.pxiBeginReceive
                0x02012d28       0x2c D:/devkitPro/calico/lib\libcalico_ds9.a(pxi.o)
                0x02012d28                pxiBeginReceive
 .text.pxiEndReceive
                0x02012d54       0xac D:/devkitPro/calico/lib\libcalico_ds9.a(pxi.o)
                0x02012d54                pxiEndReceive
 .text.keypadGetState
                0x02012e00       0x28 D:/devkitPro/calico/lib\libcalico_ds9.a(keypad.o)
                0x02012e00                keypadGetState
 .text.nitroromOpen
                0x02012e28      0x1d8 D:/devkitPro/calico/lib\libcalico_ds9.a(nitrorom.o)
                0x02012e28                nitroromOpen
 .text.nitroromReadIter
                0x02013000       0xe0 D:/devkitPro/calico/lib\libcalico_ds9.a(nitrorom.o)
                0x02013000                nitroromReadIter
 .text.nitroromResolvePath
                0x020130e0      0x180 D:/devkitPro/calico/lib\libcalico_ds9.a(nitrorom.o)
                0x020130e0                nitroromResolvePath
 .text.systemUserStartup
                0x02013260        0x4 D:/devkitPro/calico/lib\libcalico_ds9.a(sys_startup.o)
                0x02013260                systemUserStartup
 .text.systemStartup
                0x02013264      0x110 D:/devkitPro/calico/lib\libcalico_ds9.a(sys_startup.o)
                0x02013264                systemStartup
 .text.pmMicSetAmp
                0x02013374       0x38 D:/devkitPro/calico/lib\libcalico_ds9.a(pm_arm9.o)
                0x02013374                pmMicSetAmp
 .text.touchRead
                0x020133ac       0x58 D:/devkitPro/calico/lib\libcalico_ds9.a(touch.o)
                0x020133ac                touchRead
 .text._soundPxiCheckCredits
                0x02013404       0x70 D:/devkitPro/calico/lib\libcalico_ds9.a(sound.o)
 .text._soundPxiHandler
                0x02013474       0x3c D:/devkitPro/calico/lib\libcalico_ds9.a(sound.o)
 .text.soundInit
                0x020134b0       0x64 D:/devkitPro/calico/lib\libcalico_ds9.a(sound.o)
                0x020134b0                soundInit
 .text.soundSynchronize
                0x02013514       0x30 D:/devkitPro/calico/lib\libcalico_ds9.a(sound.o)
                0x02013514                soundSynchronize
 .text.soundSetMixerSleep
                0x02013544       0x2c D:/devkitPro/calico/lib\libcalico_ds9.a(sound.o)
                0x02013544                soundSetMixerSleep
 .text.soundPreparePcm
                0x02013570       0xe8 D:/devkitPro/calico/lib\libcalico_ds9.a(sound.o)
                0x02013570                soundPreparePcm
 .text.soundStart
                0x02013658       0x2c D:/devkitPro/calico/lib\libcalico_ds9.a(sound.o)
                0x02013658                soundStart
 .text.soundStop
                0x02013684       0x2c D:/devkitPro/calico/lib\libcalico_ds9.a(sound.o)
                0x02013684                soundStop
 .text._micThreadMain
                0x020136b0       0x4c D:/devkitPro/calico/lib\libcalico_ds9.a(mic.o)
 .text.micInit  0x020136fc        0x8 D:/devkitPro/calico/lib\libcalico_ds9.a(mic.o)
                0x020136fc                micInit
 .text.micSetCpuTimer
                0x02013704       0x40 D:/devkitPro/calico/lib\libcalico_ds9.a(mic.o)
                0x02013704                micSetCpuTimer
 .text.micSetCallback
                0x02013744       0x94 D:/devkitPro/calico/lib\libcalico_ds9.a(mic.o)
                0x02013744                micSetCallback
 .text.micStart
                0x020137d8       0x80 D:/devkitPro/calico/lib\libcalico_ds9.a(mic.o)
                0x020137d8                micStart
 .text._blkDevReadWriteSectors
                0x02013858       0x44 D:/devkitPro/calico/lib\libcalico_ds9.a(blk.o)
 .text.blkInit  0x0201389c        0x8 D:/devkitPro/calico/lib\libcalico_ds9.a(blk.o)
                0x0201389c                blkInit
 .text.blkDevIsPresent
                0x020138a4       0x30 D:/devkitPro/calico/lib\libcalico_ds9.a(blk.o)
                0x020138a4                blkDevIsPresent
 .text.blkDevInit
                0x020138d4       0x30 D:/devkitPro/calico/lib\libcalico_ds9.a(blk.o)
                0x020138d4                blkDevInit
 .text.blkDevGetSectorCount
                0x02013904       0x34 D:/devkitPro/calico/lib\libcalico_ds9.a(blk.o)
                0x02013904                blkDevGetSectorCount
 .text.blkDevReadSectors
                0x02013938       0x5c D:/devkitPro/calico/lib\libcalico_ds9.a(blk.o)
                0x02013938                blkDevReadSectors
 .text.blkDevWriteSectors
                0x02013994       0x5c D:/devkitPro/calico/lib\libcalico_ds9.a(blk.o)
                0x02013994                blkDevWriteSectors
 .text._nitroromFdClose
                0x020139f0        0x8 D:/devkitPro/calico/lib\libcalico_ds9.a(nitrorom.o)
 .text._nitroromFdRead
                0x020139f8       0x94 D:/devkitPro/calico/lib\libcalico_ds9.a(nitrorom.o)
 .text.nitroromGetSelf
                0x02013a8c      0x100 D:/devkitPro/calico/lib\libcalico_ds9.a(nitrorom.o)
                0x02013a8c                nitroromGetSelf
 .text._pmCallEventHandlers
                0x02013b8c       0x40 D:/devkitPro/calico/lib\libcalico_ds9.a(pm.o)
 .text._pmPxiThreadMain
                0x02013bcc       0x9c D:/devkitPro/calico/lib\libcalico_ds9.a(pm.o)
 .text._pmResetPxiHandler
                0x02013c68       0x28 D:/devkitPro/calico/lib\libcalico_ds9.a(pm.o)
 .text.systemUserExit
                0x02013c90        0x4 D:/devkitPro/calico/lib\libcalico_ds9.a(pm.o)
                0x02013c90                systemUserExit
 .text.systemErrorExit
                0x02013c94        0x4 D:/devkitPro/calico/lib\libcalico_ds9.a(pm.o)
                0x02013c94                systemErrorExit
 .text.__syscall_exit
                0x02013c98      0x138 D:/devkitPro/calico/lib\libcalico_ds9.a(pm.o)
                0x02013c98                __syscall_exit
 .text.pmInit   0x02013dd0       0x58 D:/devkitPro/calico/lib\libcalico_ds9.a(pm.o)
                0x02013dd0                pmInit
 .text._ntrcardRomReadSector
                0x02013e28      0x138 D:/devkitPro/calico/lib\libcalico_ds9.a(ntrcard.o)
 .text.ntrcardOpen
                0x02013f60       0xd8 D:/devkitPro/calico/lib\libcalico_ds9.a(ntrcard.o)
                0x02013f60                ntrcardOpen
 .text.ntrcardClose
                0x02014038       0x60 D:/devkitPro/calico/lib\libcalico_ds9.a(ntrcard.o)
                0x02014038                ntrcardClose
 .text.ntrcardRomRead
                0x02014098      0x1e8 D:/devkitPro/calico/lib\libcalico_ds9.a(ntrcard.o)
                0x02014098                ntrcardRomRead
 .text          0x02014280      0x11c D:/devkitPro/devkitARM/bin/../lib/gcc/arm-none-eabi/16.1.0/thumb\libgcc.a(_udivsi3.o)
                0x02014280                __aeabi_uidiv
                0x02014280                __udivsi3
                0x0201437c                __aeabi_uidivmod
 .text          0x0201439c      0x150 D:/devkitPro/devkitARM/bin/../lib/gcc/arm-none-eabi/16.1.0/thumb\libgcc.a(_divsi3.o)
                0x0201439c                __divsi3
                0x0201439c                __aeabi_idiv
                0x020144cc                __aeabi_idivmod
 .text          0x020144ec        0x4 D:/devkitPro/devkitARM/bin/../lib/gcc/arm-none-eabi/16.1.0/thumb\libgcc.a(_dvmd_tls.o)
                0x020144ec                __aeabi_idiv0
                0x020144ec                __aeabi_ldiv0
 .text          0x020144f0      0x2ac D:/devkitPro/devkitARM/bin/../lib/gcc/arm-none-eabi/16.1.0/thumb\libgcc.a(_arm_addsubsf3.o)
                0x020144f0                __aeabi_frsub
                0x020144f8                __subsf3
                0x020144f8                __aeabi_fsub
                0x020144fc                __aeabi_fadd
                0x020144fc                __addsf3
                0x020146b8                __aeabi_ui2f
                0x020146b8                __floatunsisf
                0x020146c0                __aeabi_i2f
                0x020146c0                __floatsisf
                0x020146e0                __aeabi_ul2f
                0x020146e0                __floatundisf
                0x020146f0                __aeabi_l2f
                0x020146f0                __floatdisf
 .text          0x0201479c      0x2f8 D:/devkitPro/devkitARM/bin/../lib/gcc/arm-none-eabi/16.1.0/thumb\libgcc.a(_arm_muldivsf3.o)
                0x0201479c                __mulsf3
                0x0201479c                __aeabi_fmul
                0x02014934                __aeabi_fdiv
                0x02014934                __divsf3
 .text          0x02014a94      0x114 D:/devkitPro/devkitARM/bin/../lib/gcc/arm-none-eabi/16.1.0/thumb\libgcc.a(_arm_cmpsf2.o)
                0x02014a94                __gesf2
                0x02014a94                __gtsf2
                0x02014a9c                __lesf2
                0x02014a9c                __ltsf2
                0x02014aa4                __nesf2
                0x02014aa4                __eqsf2
                0x02014aa4                __cmpsf2
                0x02014b08                __aeabi_cfrcmple
                0x02014b18                __aeabi_cfcmpeq
                0x02014b18                __aeabi_cfcmple
                0x02014b30                __aeabi_fcmpeq
                0x02014b48                __aeabi_fcmplt
                0x02014b60                __aeabi_fcmple
                0x02014b78                __aeabi_fcmpge
                0x02014b90                __aeabi_fcmpgt
 .text          0x02014ba8       0x5c D:/devkitPro/devkitARM/bin/../lib/gcc/arm-none-eabi/16.1.0/thumb\libgcc.a(_arm_fixsfsi.o)
                0x02014ba8                __aeabi_f2iz
                0x02014ba8                __fixsfsi
 .text          0x02014c04       0xd4 D:/devkitPro/devkitARM/bin/../lib/gcc/arm-none-eabi/16.1.0/thumb\libgcc.a(_aeabi_ldivmod.o)
                0x02014c04                __aeabi_ldivmod
 .text          0x02014cd8       0x3c D:/devkitPro/devkitARM/bin/../lib/gcc/arm-none-eabi/16.1.0/thumb\libgcc.a(_aeabi_uldivmod.o)
                0x02014cd8                __aeabi_uldivmod
 .text.__udivmoddi4
                0x02014d14      0x194 D:/devkitPro/devkitARM/bin/../lib/gcc/arm-none-eabi/16.1.0/thumb\libgcc.a(_udivmoddi4.o)
                0x02014d14                __udivmoddi4
 .text          0x02014ea8       0x28 D:/devkitPro/devkitARM/bin/../lib/gcc/arm-none-eabi/16.1.0/thumb\libgcc.a(_clzdi2.o)
                0x02014ea8                __clzdi2
 .text          0x02014ed0       0x48 D:/devkitPro/devkitARM/bin/../lib/gcc/arm-none-eabi/16.1.0/thumb\libgcc.a(_clzsi2.o)
                0x02014ed0                __clzsi2
 .text.srand    0x02014f18       0x18 D:/devkitPro/devkitARM/bin/../lib/gcc/arm-none-eabi/16.1.0/../../../../arm-none-eabi/lib/thumb\libg.a(libc_a-rand.o)
                0x02014f18                srand
 .text.rand     0x02014f30       0x30 D:/devkitPro/devkitARM/bin/../lib/gcc/arm-none-eabi/16.1.0/../../../../arm-none-eabi/lib/thumb\libg.a(libc_a-rand.o)
                0x02014f30                rand
 .text.memcpy   0x02014f60       0xac D:/devkitPro/devkitARM/bin/../lib/gcc/arm-none-eabi/16.1.0/../../../../arm-none-eabi/lib/thumb\libg.a(libc_a-memcpy-stub.o)
                0x02014f60                memcpy
 .text.viprintf
                0x0201500c       0x1c D:/devkitPro/devkitARM/bin/../lib/gcc/arm-none-eabi/16.1.0/../../../../arm-none-eabi/lib/thumb\libg.a(libc_a-viprintf.o)
                0x0201500c                viprintf
 .text.strlen   0x02015028       0x60 D:/devkitPro/devkitARM/bin/../lib/gcc/arm-none-eabi/16.1.0/../../../../arm-none-eabi/lib/thumb\libg.a(libc_a-strlen.o)
                0x02015028                strlen
 .text._fread_r
                0x02015088      0x228 D:/devkitPro/devkitARM/bin/../lib/gcc/arm-none-eabi/16.1.0/../../../../arm-none-eabi/lib/thumb\libg.a(libc_a-fread.o)
                0x02015088                _fread_r
 .text.fread    0x020152b0       0x24 D:/devkitPro/devkitARM/bin/../lib/gcc/arm-none-eabi/16.1.0/../../../../arm-none-eabi/lib/thumb\libg.a(libc_a-fread.o)
                0x020152b0                fread
 .text.open     0x020152d4       0x28 D:/devkitPro/devkitARM/bin/../lib/gcc/arm-none-eabi/16.1.0/../../../../arm-none-eabi/lib/thumb\libg.a(libc_a-sysopen.o)
                0x020152d4                open
 .text._fopen_r
                0x020152fc       0xb4 D:/devkitPro/devkitARM/bin/../lib/gcc/arm-none-eabi/16.1.0/../../../../arm-none-eabi/lib/thumb\libg.a(libc_a-fopen.o)
                0x020152fc                _fopen_r
 .text.fopen    0x020153b0       0x18 D:/devkitPro/devkitARM/bin/../lib/gcc/arm-none-eabi/16.1.0/../../../../arm-none-eabi/lib/thumb\libg.a(libc_a-fopen.o)
                0x020153b0                fopen
 .text.close    0x020153c8       0x14 D:/devkitPro/devkitARM/bin/../lib/gcc/arm-none-eabi/16.1.0/../../../../arm-none-eabi/lib/thumb\libg.a(libc_a-sysclose.o)
                0x020153c8                close
 .text.snprintf
                0x020153dc       0x64 D:/devkitPro/devkitARM/bin/../lib/gcc/arm-none-eabi/16.1.0/../../../../arm-none-eabi/lib/thumb\libg.a(libc_a-snprintf.o)
                0x020153dc                snprintf
 .text.strncasecmp
                0x02015440       0x54 D:/devkitPro/devkitARM/bin/../lib/gcc/arm-none-eabi/16.1.0/../../../../arm-none-eabi/lib/thumb\libg.a(libc_a-strncasecmp.o)
                0x02015440                strncasecmp
 .text.strchr   0x02015494       0xbc D:/devkitPro/devkitARM/bin/../lib/gcc/arm-none-eabi/16.1.0/../../../../arm-none-eabi/lib/thumb\libg.a(libc_a-strchr.o)
                0x02015494                strchr
 .text.memcmp   0x02015550       0x48 D:/devkitPro/devkitARM/bin/../lib/gcc/arm-none-eabi/16.1.0/../../../../arm-none-eabi/lib/thumb\libg.a(libc_a-memcmp.o)
                0x02015550                memcmp
 .text.calloc   0x02015598       0x18 D:/devkitPro/devkitARM/bin/../lib/gcc/arm-none-eabi/16.1.0/../../../../arm-none-eabi/lib/thumb\libg.a(libc_a-calloc.o)
                0x02015598                calloc
 .text.aligned_alloc
                0x020155b0       0x18 D:/devkitPro/devkitARM/bin/../lib/gcc/arm-none-eabi/16.1.0/../../../../arm-none-eabi/lib/thumb\libg.a(libc_a-aligned_alloc.o)
                0x020155b0                aligned_alloc
 .text.validate_structure
                0x020155c8      0x1f8 D:/devkitPro/devkitARM/bin/../lib/gcc/arm-none-eabi/16.1.0/../../../../arm-none-eabi/lib/thumb\libg.a(libc_a-mktime.o)
 .text.mktime   0x020157c0      0x434 D:/devkitPro/devkitARM/bin/../lib/gcc/arm-none-eabi/16.1.0/../../../../arm-none-eabi/lib/thumb\libg.a(libc_a-mktime.o)
                0x020157c0                mktime
 .text._memalign_r
                0x02015bf4      0x118 D:/devkitPro/devkitARM/bin/../lib/gcc/arm-none-eabi/16.1.0/../../../../arm-none-eabi/lib/thumb\libg.a(libc_a-malignr.o)
                0x02015bf4                _memalign_r
 .text.__smakebuf_r
                0x02015d0c       0xe0 D:/devkitPro/devkitARM/bin/../lib/gcc/arm-none-eabi/16.1.0/../../../../arm-none-eabi/lib/thumb\libg.a(libc_a-makebuf.o)
                0x02015d0c                __smakebuf_r
 .text.__swhatbuf_r
                0x02015dec       0x5c D:/devkitPro/devkitARM/bin/../lib/gcc/arm-none-eabi/16.1.0/../../../../arm-none-eabi/lib/thumb\libg.a(libc_a-makebuf.o)
                0x02015dec                __swhatbuf_r
 .text.lseek    0x02015e48       0x24 D:/devkitPro/devkitARM/bin/../lib/gcc/arm-none-eabi/16.1.0/../../../../arm-none-eabi/lib/thumb\libg.a(libc_a-syslseek.o)
                0x02015e48                lseek
 .text.strcpy   0x02015e6c       0x10 D:/devkitPro/devkitARM/bin/../lib/gcc/arm-none-eabi/16.1.0/../../../../arm-none-eabi/lib/thumb\libg.a(libc_a-strcpy.o)
                0x02015e6c                strcpy
 .text.memset   0x02015e7c       0x8c D:/devkitPro/devkitARM/bin/../lib/gcc/arm-none-eabi/16.1.0/../../../../arm-none-eabi/lib/thumb\libg.a(libc_a-memset.o)
                0x02015e7c                memset
 .text._calloc_r
                0x02015f08       0xcc D:/devkitPro/devkitARM/bin/../lib/gcc/arm-none-eabi/16.1.0/../../../../arm-none-eabi/lib/thumb\libg.a(libc_a-callocr.o)
                0x02015f08                _calloc_r
 .text._fwrite_r
                0x02015fd4       0x9c D:/devkitPro/devkitARM/bin/../lib/gcc/arm-none-eabi/16.1.0/../../../../arm-none-eabi/lib/thumb\libg.a(libc_a-fwrite.o)
                0x02015fd4                _fwrite_r
 .text.fwrite   0x02016070       0x24 D:/devkitPro/devkitARM/bin/../lib/gcc/arm-none-eabi/16.1.0/../../../../arm-none-eabi/lib/thumb\libg.a(libc_a-fwrite.o)
                0x02016070                fwrite
 .text.realloc  0x02016094       0x18 D:/devkitPro/devkitARM/bin/../lib/gcc/arm-none-eabi/16.1.0/../../../../arm-none-eabi/lib/thumb\libg.a(libc_a-realloc.o)
                0x02016094                realloc
 .text.localtime_r
                0x020160ac      0x228 D:/devkitPro/devkitARM/bin/../lib/gcc/arm-none-eabi/16.1.0/../../../../arm-none-eabi/lib/thumb\libg.a(libc_a-lcltime_r.o)
                0x020160ac                localtime_r
 .text.__tzcalc_limits
                0x020162d4      0x1ac D:/devkitPro/devkitARM/bin/../lib/gcc/arm-none-eabi/16.1.0/../../../../arm-none-eabi/lib/thumb\libg.a(libc_a-tzcalc_limits.o)
                0x020162d4                __tzcalc_limits
 .text._malloc_r
                0x02016480      0x550 D:/devkitPro/devkitARM/bin/../lib/gcc/arm-none-eabi/16.1.0/../../../../arm-none-eabi/lib/thumb\libg.a(libc_a-mallocr.o)
                0x02016480                _malloc_r
 .text          0x020169d0      0x224 D:/devkitPro/devkitARM/bin/../lib/gcc/arm-none-eabi/16.1.0/../../../../arm-none-eabi/lib/thumb\libg.a(libc_a-strcmp.o)
                0x020169d0                strcmp
 .text._malloc_trim_r
                0x02016bf4       0xac D:/devkitPro/devkitARM/bin/../lib/gcc/arm-none-eabi/16.1.0/../../../../arm-none-eabi/lib/thumb\libg.a(libc_a-freer.o)
                0x02016bf4                _malloc_trim_r
 .text._free_r  0x02016ca0      0x1d8 D:/devkitPro/devkitARM/bin/../lib/gcc/arm-none-eabi/16.1.0/../../../../arm-none-eabi/lib/thumb\libg.a(libc_a-freer.o)
                0x02016ca0                _free_r
 .text.setvbuf  0x02016e78      0x1ac D:/devkitPro/devkitARM/bin/../lib/gcc/arm-none-eabi/16.1.0/../../../../arm-none-eabi/lib/thumb\libg.a(libc_a-setvbuf.o)
                0x02016e78                setvbuf
 .text.stdio_exit_handler
                0x02017024       0x20 D:/devkitPro/devkitARM/bin/../lib/gcc/arm-none-eabi/16.1.0/../../../../arm-none-eabi/lib/thumb\libg.a(libc_a-findfp.o)
 .text.cleanup_stdio
                0x02017044       0x40 D:/devkitPro/devkitARM/bin/../lib/gcc/arm-none-eabi/16.1.0/../../../../arm-none-eabi/lib/thumb\libg.a(libc_a-findfp.o)
 .text.global_stdio_init.part.0
                0x02017084      0x120 D:/devkitPro/devkitARM/bin/../lib/gcc/arm-none-eabi/16.1.0/../../../../arm-none-eabi/lib/thumb\libg.a(libc_a-findfp.o)
 .text.__sfp    0x020171a4       0xcc D:/devkitPro/devkitARM/bin/../lib/gcc/arm-none-eabi/16.1.0/../../../../arm-none-eabi/lib/thumb\libg.a(libc_a-findfp.o)
                0x020171a4                __sfp
 .text.__sinit  0x02017270       0x3c D:/devkitPro/devkitARM/bin/../lib/gcc/arm-none-eabi/16.1.0/../../../../arm-none-eabi/lib/thumb\libg.a(libc_a-findfp.o)
                0x02017270                __sinit
 .text.__sfp_lock_acquire
                0x020172ac       0x14 D:/devkitPro/devkitARM/bin/../lib/gcc/arm-none-eabi/16.1.0/../../../../arm-none-eabi/lib/thumb\libg.a(libc_a-findfp.o)
                0x020172ac                __sfp_lock_acquire
 .text.__sfp_lock_release
                0x020172c0       0x14 D:/devkitPro/devkitARM/bin/../lib/gcc/arm-none-eabi/16.1.0/../../../../arm-none-eabi/lib/thumb\libg.a(libc_a-findfp.o)
                0x020172c0                __sfp_lock_release
 .text.__libc_init_array
                0x020172d4       0x54 D:/devkitPro/devkitARM/bin/../lib/gcc/arm-none-eabi/16.1.0/../../../../arm-none-eabi/lib/thumb\libg.a(libc_a-init.o)
                0x020172d4                __libc_init_array
 .text.strncpy  0x02017328       0x68 D:/devkitPro/devkitARM/bin/../lib/gcc/arm-none-eabi/16.1.0/../../../../arm-none-eabi/lib/thumb\libg.a(libc_a-strncpy.o)
                0x02017328                strncpy
 .text._fseek_r
                0x02017390       0x14 D:/devkitPro/devkitARM/bin/../lib/gcc/arm-none-eabi/16.1.0/../../../../arm-none-eabi/lib/thumb\libg.a(libc_a-fseek.o)
                0x02017390                _fseek_r
 .text.fseek    0x020173a4       0x24 D:/devkitPro/devkitARM/bin/../lib/gcc/arm-none-eabi/16.1.0/../../../../arm-none-eabi/lib/thumb\libg.a(libc_a-fseek.o)
                0x020173a4                fseek
 .text._tzset_unlocked
                0x020173c8       0x10 D:/devkitPro/devkitARM/bin/../lib/gcc/arm-none-eabi/16.1.0/../../../../arm-none-eabi/lib/thumb\libg.a(libc_a-tzset.o)
                0x020173c8                _tzset_unlocked
 .text.malloc   0x020173d8       0x28 D:/devkitPro/devkitARM/bin/../lib/gcc/arm-none-eabi/16.1.0/../../../../arm-none-eabi/lib/thumb\libg.a(libc_a-malloc.o)
                0x020173d8                malloc
 .text.free     0x02017400       0x14 D:/devkitPro/devkitARM/bin/../lib/gcc/arm-none-eabi/16.1.0/../../../../arm-none-eabi/lib/thumb\libg.a(libc_a-malloc.o)
                0x02017400                free
 .text.siscanf  0x02017414       0x50 D:/devkitPro/devkitARM/bin/../lib/gcc/arm-none-eabi/16.1.0/../../../../arm-none-eabi/lib/thumb\libg.a(libc_a-siscanf.o)
                0x02017414                siscanf
 .text.strrchr  0x02017464       0x30 D:/devkitPro/devkitARM/bin/../lib/gcc/arm-none-eabi/16.1.0/../../../../arm-none-eabi/lib/thumb\libg.a(libc_a-strrchr.o)
                0x02017464                strrchr
 .text.__gettzinfo
                0x02017494        0x8 D:/devkitPro/devkitARM/bin/../lib/gcc/arm-none-eabi/16.1.0/../../../../arm-none-eabi/lib/thumb\libg.a(libc_a-gettzinfo.o)
                0x02017494                __gettzinfo
 .text.stpcpy   0x0201749c       0x4c D:/devkitPro/devkitARM/bin/../lib/gcc/arm-none-eabi/16.1.0/../../../../arm-none-eabi/lib/thumb\libg.a(libc_a-stpcpy.o)
                0x0201749c                stpcpy
 .text.__sread  0x020174e8       0x34 D:/devkitPro/devkitARM/bin/../lib/gcc/arm-none-eabi/16.1.0/../../../../arm-none-eabi/lib/thumb\libg.a(libc_a-stdio.o)
                0x020174e8                __sread
 .text.__seofread
                0x0201751c        0x4 D:/devkitPro/devkitARM/bin/../lib/gcc/arm-none-eabi/16.1.0/../../../../arm-none-eabi/lib/thumb\libg.a(libc_a-stdio.o)
                0x0201751c                __seofread
 .text.__swrite
                0x02017520       0x4c D:/devkitPro/devkitARM/bin/../lib/gcc/arm-none-eabi/16.1.0/../../../../arm-none-eabi/lib/thumb\libg.a(libc_a-stdio.o)
                0x02017520                __swrite
 .text.__sseek  0x0201756c       0x3c D:/devkitPro/devkitARM/bin/../lib/gcc/arm-none-eabi/16.1.0/../../../../arm-none-eabi/lib/thumb\libg.a(libc_a-stdio.o)
                0x0201756c                __sseek
 .text.__sclose
                0x020175a8       0x10 D:/devkitPro/devkitARM/bin/../lib/gcc/arm-none-eabi/16.1.0/../../../../arm-none-eabi/lib/thumb\libg.a(libc_a-stdio.o)
                0x020175a8                __sclose
 .text.memmove  0x020175b8      0x108 D:/devkitPro/devkitARM/bin/../lib/gcc/arm-none-eabi/16.1.0/../../../../arm-none-eabi/lib/thumb\libg.a(libc_a-memmove.o)
                0x020175b8                memmove
 .text._realloc_r
                0x020176c0      0x344 D:/devkitPro/devkitARM/bin/../lib/gcc/arm-none-eabi/16.1.0/../../../../arm-none-eabi/lib/thumb\libg.a(libc_a-reallocr.o)
                0x020176c0                _realloc_r
 .text.iprintf  0x02017a04       0x28 D:/devkitPro/devkitARM/bin/../lib/gcc/arm-none-eabi/16.1.0/../../../../arm-none-eabi/lib/thumb\libg.a(libc_a-iprintf.o)
                0x02017a04                iprintf
 .text.__malloc_lock
                0x02017a2c       0x14 D:/devkitPro/devkitARM/bin/../lib/gcc/arm-none-eabi/16.1.0/../../../../arm-none-eabi/lib/thumb\libg.a(libc_a-mlock.o)
                0x02017a2c                __malloc_lock
 .text.__malloc_unlock
                0x02017a40       0x14 D:/devkitPro/devkitARM/bin/../lib/gcc/arm-none-eabi/16.1.0/../../../../arm-none-eabi/lib/thumb\libg.a(libc_a-mlock.o)
                0x02017a40                __malloc_unlock
 .text._fseeko_r
                0x02017a54      0x414 D:/devkitPro/devkitARM/bin/../lib/gcc/arm-none-eabi/16.1.0/../../../../arm-none-eabi/lib/thumb\libg.a(libc_a-fseeko.o)
                0x02017a54                _fseeko_r
 .text._fclose_r
                0x02017e68       0xe0 D:/devkitPro/devkitARM/bin/../lib/gcc/arm-none-eabi/16.1.0/../../../../arm-none-eabi/lib/thumb\libg.a(libc_a-fclose.o)
                0x02017e68                _fclose_r
 .text.fclose   0x02017f48       0x14 D:/devkitPro/devkitARM/bin/../lib/gcc/arm-none-eabi/16.1.0/../../../../arm-none-eabi/lib/thumb\libg.a(libc_a-fclose.o)
                0x02017f48                fclose
 .text.time     0x02017f5c       0x38 D:/devkitPro/devkitARM/bin/../lib/gcc/arm-none-eabi/16.1.0/../../../../arm-none-eabi/lib/thumb\libg.a(libc_a-time.o)
                0x02017f5c                time
 .text.read     0x02017f94       0x1c D:/devkitPro/devkitARM/bin/../lib/gcc/arm-none-eabi/16.1.0/../../../../arm-none-eabi/lib/thumb\libg.a(libc_a-sysread.o)
                0x02017f94                read
 .text.__call_exitprocs
                0x02017fb0        0xc D:/devkitPro/devkitARM/bin/../lib/gcc/arm-none-eabi/16.1.0/../../../../arm-none-eabi/lib/thumb\libg.a(libc_a-exit.o)
                0x02017fb0                __call_exitprocs
 .text.get_arg  0x02017fbc      0x404 D:/devkitPro/devkitARM/bin/../lib/gcc/arm-none-eabi/16.1.0/../../../../arm-none-eabi/lib/thumb\libg.a(libc_a-svfprintf.o)
 .text._svfprintf_r
                0x020183c0     0x22e0 D:/devkitPro/devkitARM/bin/../lib/gcc/arm-none-eabi/16.1.0/../../../../arm-none-eabi/lib/thumb\libg.a(libc_a-svfprintf.o)
                0x020183c0                _svfprintf_r
 .text.__sflags
                0x0201a6a0       0x98 D:/devkitPro/devkitARM/bin/../lib/gcc/arm-none-eabi/16.1.0/../../../../arm-none-eabi/lib/thumb\libg.a(libc_a-flags.o)
                0x0201a6a0                __sflags
 .text.__libc_fini_array
                0x0201a738       0x30 D:/devkitPro/devkitARM/bin/../lib/gcc/arm-none-eabi/16.1.0/../../../../arm-none-eabi/lib/thumb\libg.a(libc_a-fini.o)
                0x0201a738                __libc_fini_array
 .text.strnlen  0x0201a768       0x20 D:/devkitPro/devkitARM/bin/../lib/gcc/arm-none-eabi/16.1.0/../../../../arm-none-eabi/lib/thumb\libg.a(libc_a-strnlen.o)
                0x0201a768                strnlen
 .text.gmtime_r
                0x0201a788      0x1b4 D:/devkitPro/devkitARM/bin/../lib/gcc/arm-none-eabi/16.1.0/../../../../arm-none-eabi/lib/thumb\libg.a(libc_a-gmtime_r.o)
                0x0201a788                gmtime_r
 .text.get_arg  0x0201a93c      0x404 D:/devkitPro/devkitARM/bin/../lib/gcc/arm-none-eabi/16.1.0/../../../../arm-none-eabi/lib/thumb\libg.a(libc_a-vfiprintf.o)
 .text._vfiprintf_r
                0x0201ad40     0x16d8 D:/devkitPro/devkitARM/bin/../lib/gcc/arm-none-eabi/16.1.0/../../../../arm-none-eabi/lib/thumb\libg.a(libc_a-vfiprintf.o)
                0x0201ad40                _vfiprintf_r
 .text.__sbprintf
                0x0201c418       0x7c D:/devkitPro/devkitARM/bin/../lib/gcc/arm-none-eabi/16.1.0/../../../../arm-none-eabi/lib/thumb\libg.a(libc_a-vfiprintf.o)
 .text._tzset_unlocked_r
                0x0201c494      0x490 D:/devkitPro/devkitARM/bin/../lib/gcc/arm-none-eabi/16.1.0/../../../../arm-none-eabi/lib/thumb\libg.a(libc_a-tzset_r.o)
                0x0201c494                _tzset_unlocked_r
 .text.lflush   0x0201c924       0x24 D:/devkitPro/devkitARM/bin/../lib/gcc/arm-none-eabi/16.1.0/../../../../arm-none-eabi/lib/thumb\libg.a(libc_a-refill.o)
 .text.__srefill_r
                0x0201c948      0x108 D:/devkitPro/devkitARM/bin/../lib/gcc/arm-none-eabi/16.1.0/../../../../arm-none-eabi/lib/thumb\libg.a(libc_a-refill.o)
                0x0201c948                __srefill_r
 .text.frexp    0x0201ca50       0x74 D:/devkitPro/devkitARM/bin/../lib/gcc/arm-none-eabi/16.1.0/../../../../arm-none-eabi/lib/thumb\libg.a(libm_a-s_frexp.o)
                0x0201ca50                frexp
 .text._fwalk_sglue
                0x0201cac4       0x4c D:/devkitPro/devkitARM/bin/../lib/gcc/arm-none-eabi/16.1.0/../../../../arm-none-eabi/lib/thumb\libg.a(libc_a-fwalk.o)
                0x0201cac4                _fwalk_sglue
 .text.div      0x0201cb10       0x18 D:/devkitPro/devkitARM/bin/../lib/gcc/arm-none-eabi/16.1.0/../../../../arm-none-eabi/lib/thumb\libg.a(libc_a-div.o)
                0x0201cb10                div
 .text._wcrtomb_r
                0x0201cb28       0x88 D:/devkitPro/devkitARM/bin/../lib/gcc/arm-none-eabi/16.1.0/../../../../arm-none-eabi/lib/thumb\libg.a(libc_a-wcrtomb.o)
                0x0201cb28                _wcrtomb_r
 .text._strtoul_l.isra.0
                0x0201cbb0      0x150 D:/devkitPro/devkitARM/bin/../lib/gcc/arm-none-eabi/16.1.0/../../../../arm-none-eabi/lib/thumb\libg.a(libc_a-strtoul.o)
 .text._strtoul_r
                0x0201cd00       0x20 D:/devkitPro/devkitARM/bin/../lib/gcc/arm-none-eabi/16.1.0/../../../../arm-none-eabi/lib/thumb\libg.a(libc_a-strtoul.o)
                0x0201cd00                _strtoul_r
 .text.strtoul  0x0201cd20       0x24 D:/devkitPro/devkitARM/bin/../lib/gcc/arm-none-eabi/16.1.0/../../../../arm-none-eabi/lib/thumb\libg.a(libc_a-strtoul.o)
                0x0201cd20                strtoul
 .text.__ssprint_r
                0x0201cd44       0x60 D:/devkitPro/devkitARM/bin/../lib/gcc/arm-none-eabi/16.1.0/../../../../arm-none-eabi/lib/thumb\libg.a(libc_a-ssprint_r.o)
                0x0201cd44                __ssprint_r
 .text.__sfvwrite_r
                0x0201cda4      0x31c D:/devkitPro/devkitARM/bin/../lib/gcc/arm-none-eabi/16.1.0/../../../../arm-none-eabi/lib/thumb\libg.a(libc_a-fvwrite.o)
                0x0201cda4                __sfvwrite_r
 .text.__tz_lock
                0x0201d0c0       0x14 D:/devkitPro/devkitARM/bin/../lib/gcc/arm-none-eabi/16.1.0/../../../../arm-none-eabi/lib/thumb\libg.a(libc_a-tzlock.o)
                0x0201d0c0                __tz_lock
 .text.__tz_unlock
                0x0201d0d4       0x14 D:/devkitPro/devkitARM/bin/../lib/gcc/arm-none-eabi/16.1.0/../../../../arm-none-eabi/lib/thumb\libg.a(libc_a-tzlock.o)
                0x0201d0d4                __tz_unlock
 .text.__locale_mb_cur_max
                0x0201d0e8       0x20 D:/devkitPro/devkitARM/bin/../lib/gcc/arm-none-eabi/16.1.0/../../../../arm-none-eabi/lib/thumb\libg.a(libc_a-locale.o)
                0x0201d0e8                __locale_mb_cur_max
 .text.__sflush_r
                0x0201d108      0x180 D:/devkitPro/devkitARM/bin/../lib/gcc/arm-none-eabi/16.1.0/../../../../arm-none-eabi/lib/thumb\libg.a(libc_a-fflush.o)
                0x0201d108                __sflush_r
 .text._fflush_r
                0x0201d288       0x70 D:/devkitPro/devkitARM/bin/../lib/gcc/arm-none-eabi/16.1.0/../../../../arm-none-eabi/lib/thumb\libg.a(libc_a-fflush.o)
                0x0201d288                _fflush_r
 .text.__sprint_r
                0x0201d2f8       0x24 D:/devkitPro/devkitARM/bin/../lib/gcc/arm-none-eabi/16.1.0/../../../../arm-none-eabi/lib/thumb\libg.a(libc_a-sprint_r.o)
                0x0201d2f8                __sprint_r
 .text.quorem   0x0201d31c      0x160 D:/devkitPro/devkitARM/bin/../lib/gcc/arm-none-eabi/16.1.0/../../../../arm-none-eabi/lib/thumb\libg.a(libc_a-dtoa.o)
 .text._dtoa_r  0x0201d47c     0x10a0 D:/devkitPro/devkitARM/bin/../lib/gcc/arm-none-eabi/16.1.0/../../../../arm-none-eabi/lib/thumb\libg.a(libc_a-dtoa.o)
                0x0201d47c                _dtoa_r
 .text.get_arg  0x0201e51c       0x3e D:/devkitPro/devkitARM/bin/../lib/gcc/arm-none-eabi/16.1.0/../../../../arm-none-eabi/lib/thumb\libg.a(libc_a-svfiscanf.o)
 .text._sungetc_r
                0x0201e55a       0x7e D:/devkitPro/devkitARM/bin/../lib/gcc/arm-none-eabi/16.1.0/../../../../arm-none-eabi/lib/thumb\libg.a(libc_a-svfiscanf.o)
                0x0201e55a                _sungetc_r
 .text.__ssrefill_r
                0x0201e5d8       0x42 D:/devkitPro/devkitARM/bin/../lib/gcc/arm-none-eabi/16.1.0/../../../../arm-none-eabi/lib/thumb\libg.a(libc_a-svfiscanf.o)
                0x0201e5d8                __ssrefill_r
 .text._sfread_r
                0x0201e61a       0x88 D:/devkitPro/devkitARM/bin/../lib/gcc/arm-none-eabi/16.1.0/../../../../arm-none-eabi/lib/thumb\libg.a(libc_a-svfiscanf.o)
                0x0201e61a                _sfread_r
 *fill*         0x0201e6a2        0x2 ff
 .text.__ssvfiscanf_r
                0x0201e6a4     0x19d8 D:/devkitPro/devkitARM/bin/../lib/gcc/arm-none-eabi/16.1.0/../../../../arm-none-eabi/lib/thumb\libg.a(libc_a-svfiscanf.o)
                0x0201e6a4                __ssvfiscanf_r
 .text._strtol_l.part.0
                0x0202007c      0x25c D:/devkitPro/devkitARM/bin/../lib/gcc/arm-none-eabi/16.1.0/../../../../arm-none-eabi/lib/thumb\libg.a(libc_a-strtol.o)
 .text._strtol_r
                0x020202d8       0x34 D:/devkitPro/devkitARM/bin/../lib/gcc/arm-none-eabi/16.1.0/../../../../arm-none-eabi/lib/thumb\libg.a(libc_a-strtol.o)
                0x020202d8                _strtol_r
 .text.memchr   0x0202030c       0x74 D:/devkitPro/devkitARM/bin/../lib/gcc/arm-none-eabi/16.1.0/../../../../arm-none-eabi/lib/thumb\libg.a(libc_a-memchr-stub.o)
                0x0202030c                memchr
 .text._wcsrtombs_r
                0x02020380       0x20 D:/devkitPro/devkitARM/bin/../lib/gcc/arm-none-eabi/16.1.0/../../../../arm-none-eabi/lib/thumb\libg.a(libc_a-wcsrtombs.o)
                0x02020380                _wcsrtombs_r
 .text.__swsetup_r
                0x020203a0       0xd4 D:/devkitPro/devkitARM/bin/../lib/gcc/arm-none-eabi/16.1.0/../../../../arm-none-eabi/lib/thumb\libg.a(libc_a-wsetup.o)
                0x020203a0                __swsetup_r
 .text._findenv_r
                0x02020474       0x94 D:/devkitPro/devkitARM/bin/../lib/gcc/arm-none-eabi/16.1.0/../../../../arm-none-eabi/lib/thumb\libg.a(libc_a-getenv_r.o)
                0x02020474                _findenv_r
 .text._getenv_r
                0x02020508       0x10 D:/devkitPro/devkitARM/bin/../lib/gcc/arm-none-eabi/16.1.0/../../../../arm-none-eabi/lib/thumb\libg.a(libc_a-getenv_r.o)
                0x02020508                _getenv_r
 .text._localeconv_r
                0x02020518       0x20 D:/devkitPro/devkitARM/bin/../lib/gcc/arm-none-eabi/16.1.0/../../../../arm-none-eabi/lib/thumb\libg.a(libc_a-localeconv.o)
                0x02020518                _localeconv_r
 .text.__ssputs_r
                0x02020538       0xd4 D:/devkitPro/devkitARM/bin/../lib/gcc/arm-none-eabi/16.1.0/../../../../arm-none-eabi/lib/thumb\libg.a(libc_a-ssputs_r.o)
                0x02020538                __ssputs_r
 .text.__utf8_wctomb
                0x0202060c       0xbc D:/devkitPro/devkitARM/bin/../lib/gcc/arm-none-eabi/16.1.0/../../../../arm-none-eabi/lib/thumb\libg.a(libc_a-wctomb_r.o)
                0x0202060c                __utf8_wctomb
 .text.strncmp  0x020206c8       0x70 D:/devkitPro/devkitARM/bin/../lib/gcc/arm-none-eabi/16.1.0/../../../../arm-none-eabi/lib/thumb\libg.a(libc_a-strncmp.o)
                0x020206c8                strncmp
 .text._wcsnrtombs_l
                0x02020738      0x120 D:/devkitPro/devkitARM/bin/../lib/gcc/arm-none-eabi/16.1.0/../../../../arm-none-eabi/lib/thumb\libg.a(libc_a-wcsnrtombs.o)
                0x02020738                _wcsnrtombs_l
 .text._wcsnrtombs_r
                0x02020858       0x40 D:/devkitPro/devkitARM/bin/../lib/gcc/arm-none-eabi/16.1.0/../../../../arm-none-eabi/lib/thumb\libg.a(libc_a-wcsnrtombs.o)
                0x02020858                _wcsnrtombs_r
 .text.__env_lock
                0x02020898       0x14 D:/devkitPro/devkitARM/bin/../lib/gcc/arm-none-eabi/16.1.0/../../../../arm-none-eabi/lib/thumb\libg.a(libc_a-envlock.o)
                0x02020898                __env_lock
 .text.__env_unlock
                0x020208ac       0x14 D:/devkitPro/devkitARM/bin/../lib/gcc/arm-none-eabi/16.1.0/../../../../arm-none-eabi/lib/thumb\libg.a(libc_a-envlock.o)
                0x020208ac                __env_unlock
 .text.__assert_func
                0x020208c0       0x40 D:/devkitPro/devkitARM/bin/../lib/gcc/arm-none-eabi/16.1.0/../../../../arm-none-eabi/lib/thumb\libg.a(libc_a-assert.o)
                0x020208c0                __assert_func
 .text.iswspace
                0x02020900       0x10 D:/devkitPro/devkitARM/bin/../lib/gcc/arm-none-eabi/16.1.0/../../../../arm-none-eabi/lib/thumb\libg.a(libc_a-iswspace.o)
                0x02020900                iswspace
 .text._Balloc  0x02020910       0x5c D:/devkitPro/devkitARM/bin/../lib/gcc/arm-none-eabi/16.1.0/../../../../arm-none-eabi/lib/thumb\libg.a(libc_a-mprec.o)
                0x02020910                _Balloc
 .text._Bfree   0x0202096c       0x14 D:/devkitPro/devkitARM/bin/../lib/gcc/arm-none-eabi/16.1.0/../../../../arm-none-eabi/lib/thumb\libg.a(libc_a-mprec.o)
                0x0202096c                _Bfree
 .text.__multadd
                0x02020980       0xa8 D:/devkitPro/devkitARM/bin/../lib/gcc/arm-none-eabi/16.1.0/../../../../arm-none-eabi/lib/thumb\libg.a(libc_a-mprec.o)
                0x02020980                __multadd
 .text.__hi0bits
                0x02020a28       0x60 D:/devkitPro/devkitARM/bin/../lib/gcc/arm-none-eabi/16.1.0/../../../../arm-none-eabi/lib/thumb\libg.a(libc_a-mprec.o)
                0x02020a28                __hi0bits
 .text.__lo0bits
                0x02020a88       0x8c D:/devkitPro/devkitARM/bin/../lib/gcc/arm-none-eabi/16.1.0/../../../../arm-none-eabi/lib/thumb\libg.a(libc_a-mprec.o)
                0x02020a88                __lo0bits
 .text.__i2b    0x02020b14       0x64 D:/devkitPro/devkitARM/bin/../lib/gcc/arm-none-eabi/16.1.0/../../../../arm-none-eabi/lib/thumb\libg.a(libc_a-mprec.o)
                0x02020b14                __i2b
 .text.__multiply
                0x02020b78      0x1b4 D:/devkitPro/devkitARM/bin/../lib/gcc/arm-none-eabi/16.1.0/../../../../arm-none-eabi/lib/thumb\libg.a(libc_a-mprec.o)
                0x02020b78                __multiply
 .text.__pow5mult
                0x02020d2c       0xd8 D:/devkitPro/devkitARM/bin/../lib/gcc/arm-none-eabi/16.1.0/../../../../arm-none-eabi/lib/thumb\libg.a(libc_a-mprec.o)
                0x02020d2c                __pow5mult
 .text.__lshift
                0x02020e04       0xf8 D:/devkitPro/devkitARM/bin/../lib/gcc/arm-none-eabi/16.1.0/../../../../arm-none-eabi/lib/thumb\libg.a(libc_a-mprec.o)
                0x02020e04                __lshift
 .text.__mcmp   0x02020efc       0x50 D:/devkitPro/devkitARM/bin/../lib/gcc/arm-none-eabi/16.1.0/../../../../arm-none-eabi/lib/thumb\libg.a(libc_a-mprec.o)
                0x02020efc                __mcmp
 .text.__mdiff  0x02020f4c      0x1a4 D:/devkitPro/devkitARM/bin/../lib/gcc/arm-none-eabi/16.1.0/../../../../arm-none-eabi/lib/thumb\libg.a(libc_a-mprec.o)
                0x02020f4c                __mdiff
 .text.__d2b    0x020210f0       0xd4 D:/devkitPro/devkitARM/bin/../lib/gcc/arm-none-eabi/16.1.0/../../../../arm-none-eabi/lib/thumb\libg.a(libc_a-mprec.o)
                0x020210f0                __d2b
 .text._strtoull_l.isra.0
                0x020211c4      0x1c0 D:/devkitPro/devkitARM/bin/../lib/gcc/arm-none-eabi/16.1.0/../../../../arm-none-eabi/lib/thumb\libg.a(libc_a-strtoull.o)
 .text._strtoull_r
                0x02021384       0x20 D:/devkitPro/devkitARM/bin/../lib/gcc/arm-none-eabi/16.1.0/../../../../arm-none-eabi/lib/thumb\libg.a(libc_a-strtoull.o)
                0x02021384                _strtoull_r
 .text.__submore
                0x020213a4       0x7c D:/devkitPro/devkitARM/bin/../lib/gcc/arm-none-eabi/16.1.0/../../../../arm-none-eabi/lib/thumb\libg.a(libc_a-ungetc.o)
                0x020213a4                __submore
 .text.__utf8_mbtowc
                0x02021420      0x24c D:/devkitPro/devkitARM/bin/../lib/gcc/arm-none-eabi/16.1.0/../../../../arm-none-eabi/lib/thumb\libg.a(libc_a-mbtowc_r.o)
                0x02021420                __utf8_mbtowc
 .text.fiprintf
                0x0202166c       0x28 D:/devkitPro/devkitARM/bin/../lib/gcc/arm-none-eabi/16.1.0/../../../../arm-none-eabi/lib/thumb\libg.a(libc_a-fiprintf.o)
                0x0202166c                fiprintf
 .text._mbrtowc_r
                0x02021694       0x9c D:/devkitPro/devkitARM/bin/../lib/gcc/arm-none-eabi/16.1.0/../../../../arm-none-eabi/lib/thumb\libg.a(libc_a-mbrtowc.o)
                0x02021694                _mbrtowc_r
 .text.__sccl   0x02021730       0xb0 D:/devkitPro/devkitARM/bin/../lib/gcc/arm-none-eabi/16.1.0/../../../../arm-none-eabi/lib/thumb\libg.a(libc_a-sccl.o)
                0x02021730                __sccl
 .text.abort    0x020217e0       0x10 D:/devkitPro/devkitARM/bin/../lib/gcc/arm-none-eabi/16.1.0/../../../../arm-none-eabi/lib/thumb\libg.a(libc_a-abort.o)
                0x020217e0                abort
 .text._strtoll_l.isra.0
                0x020217f0      0x300 D:/devkitPro/devkitARM/bin/../lib/gcc/arm-none-eabi/16.1.0/../../../../arm-none-eabi/lib/thumb\libg.a(libc_a-strtoll.o)
 .text._strtoll_r
                0x02021af0       0x20 D:/devkitPro/devkitARM/bin/../lib/gcc/arm-none-eabi/16.1.0/../../../../arm-none-eabi/lib/thumb\libg.a(libc_a-strtoll.o)
                0x02021af0                _strtoll_r
 .text.iswspace_l
                0x02021b10       0x28 D:/devkitPro/devkitARM/bin/../lib/gcc/arm-none-eabi/16.1.0/../../../../arm-none-eabi/lib/thumb\libg.a(libc_a-iswspace_l.o)
                0x02021b10                iswspace_l
 .text._raise_r
                0x02021b38       0x60 D:/devkitPro/devkitARM/bin/../lib/gcc/arm-none-eabi/16.1.0/../../../../arm-none-eabi/lib/thumb\libg.a(libc_a-signal.o)
                0x02021b38                _raise_r
 .text.raise    0x02021b98       0x14 D:/devkitPro/devkitARM/bin/../lib/gcc/arm-none-eabi/16.1.0/../../../../arm-none-eabi/lib/thumb\libg.a(libc_a-signal.o)
                0x02021b98                raise
 .text.category
                0x02021bac       0x5c D:/devkitPro/devkitARM/bin/../lib/gcc/arm-none-eabi/16.1.0/../../../../arm-none-eabi/lib/thumb\libg.a(libc_a-categories.o)
                0x02021bac                category
 .text._exit    0x02021c08       0x14 D:/devkitPro/devkitARM/bin/../lib/gcc/arm-none-eabi/16.1.0/../../../../arm-none-eabi/lib/thumb\libsysbase.a(libsysbase_libsysbase_a-_exit.o)
                0x02021c08                _exit
 .text.chdir    0x02021c1c       0xe4 D:/devkitPro/devkitARM/bin/../lib/gcc/arm-none-eabi/16.1.0/../../../../arm-none-eabi/lib/thumb\libsysbase.a(libsysbase_libsysbase_a-chdir.o)
                0x02021c1c                chdir
 .text._concatenate_path
                0x02021d00      0x134 D:/devkitPro/devkitARM/bin/../lib/gcc/arm-none-eabi/16.1.0/../../../../arm-none-eabi/lib/thumb\libsysbase.a(libsysbase_libsysbase_a-concatenate.o)
                0x02021d00                _concatenate_path
 .text._fstat_r
                0x02021e34       0x5c D:/devkitPro/devkitARM/bin/../lib/gcc/arm-none-eabi/16.1.0/../../../../arm-none-eabi/lib/thumb\libsysbase.a(libsysbase_libsysbase_a-fstat.o)
                0x02021e34                _fstat_r
 .text._getpid_r
                0x02021e90        0xc D:/devkitPro/devkitARM/bin/../lib/gcc/arm-none-eabi/16.1.0/../../../../arm-none-eabi/lib/thumb\libsysbase.a(libsysbase_libsysbase_a-getpid.o)
                0x02021e90                _getpid_r
 .text.__getreent
                0x02021e9c       0x20 D:/devkitPro/devkitARM/bin/../lib/gcc/arm-none-eabi/16.1.0/../../../../arm-none-eabi/lib/thumb\libsysbase.a(libsysbase_libsysbase_a-getreent.o)
                0x02021e9c                __getreent
 .text._gettimeofday_r
                0x02021ebc       0x20 D:/devkitPro/devkitARM/bin/../lib/gcc/arm-none-eabi/16.1.0/../../../../arm-none-eabi/lib/thumb\libsysbase.a(libsysbase_libsysbase_a-gettod.o)
                0x02021ebc                _gettimeofday_r
 .text.__release_handle
                0x02021edc       0x6c D:/devkitPro/devkitARM/bin/../lib/gcc/arm-none-eabi/16.1.0/../../../../arm-none-eabi/lib/thumb\libsysbase.a(libsysbase_libsysbase_a-handle_manager.o)
                0x02021edc                __release_handle
 .text.__alloc_handle
                0x02021f48       0x7c D:/devkitPro/devkitARM/bin/../lib/gcc/arm-none-eabi/16.1.0/../../../../arm-none-eabi/lib/thumb\libsysbase.a(libsysbase_libsysbase_a-handle_manager.o)
                0x02021f48                __alloc_handle
 .text.__get_handle
                0x02021fc4       0x34 D:/devkitPro/devkitARM/bin/../lib/gcc/arm-none-eabi/16.1.0/../../../../arm-none-eabi/lib/thumb\libsysbase.a(libsysbase_libsysbase_a-handle_manager.o)
                0x02021fc4                __get_handle
 .text._close_r
                0x02021ff8       0xb0 D:/devkitPro/devkitARM/bin/../lib/gcc/arm-none-eabi/16.1.0/../../../../arm-none-eabi/lib/thumb\libsysbase.a(libsysbase_libsysbase_a-handle_manager.o)
                0x02021ff8                _close_r
 .text.null_write
                0x020220a8        0x4 D:/devkitPro/devkitARM/bin/../lib/gcc/arm-none-eabi/16.1.0/../../../../arm-none-eabi/lib/thumb\libsysbase.a(libsysbase_libsysbase_a-iosupport.o)
 .text.setDefaultDevice
                0x020220ac       0x10 D:/devkitPro/devkitARM/bin/../lib/gcc/arm-none-eabi/16.1.0/../../../../arm-none-eabi/lib/thumb\libsysbase.a(libsysbase_libsysbase_a-iosupport.o)
                0x020220ac                setDefaultDevice
 .text.FindDevice
                0x020220bc       0x64 D:/devkitPro/devkitARM/bin/../lib/gcc/arm-none-eabi/16.1.0/../../../../arm-none-eabi/lib/thumb\libsysbase.a(libsysbase_libsysbase_a-iosupport.o)
                0x020220bc                FindDevice
 .text.AddDevice
                0x02022120       0x68 D:/devkitPro/devkitARM/bin/../lib/gcc/arm-none-eabi/16.1.0/../../../../arm-none-eabi/lib/thumb\libsysbase.a(libsysbase_libsysbase_a-iosupport.o)
                0x02022120                AddDevice
 .text.GetDeviceOpTab
                0x02022188       0x20 D:/devkitPro/devkitARM/bin/../lib/gcc/arm-none-eabi/16.1.0/../../../../arm-none-eabi/lib/thumb\libsysbase.a(libsysbase_libsysbase_a-iosupport.o)
                0x02022188                GetDeviceOpTab
 .text._isatty_r
                0x020221a8        0x4 D:/devkitPro/devkitARM/bin/../lib/gcc/arm-none-eabi/16.1.0/../../../../arm-none-eabi/lib/thumb\libsysbase.a(libsysbase_libsysbase_a-isatty.o)
                0x020221a8                _isatty_r
 .text._kill_r  0x020221ac        0xc D:/devkitPro/devkitARM/bin/../lib/gcc/arm-none-eabi/16.1.0/../../../../arm-none-eabi/lib/thumb\libsysbase.a(libsysbase_libsysbase_a-kill.o)
                0x020221ac                _kill_r
 .text._lseek_r