00000000 a __end__
00000000 A __sync_synchronize
01ff8000 t __itcm_start
01ff8038 00000018 T __excpt_vectors
01ff8050 00000054 T _mmDeinterleave8
01ff80a4 00000054 T _mmDeinterleave16
01ff80f8 0000007c T threadSwitchTo
01ff8174 000000d4 T threadBlock
01ff8248 000000d4 T threadUnblockOneByValue
01ff831c 00000138 T threadUnblockAllByValue
01ff8454 000000f0 T threadUnblockAllByMask
01ff8544 0000004c T armCopyMem32
01ff8590 00000058 T armFillMem32
01ff85e8 0000002c T armContextSave
01ff8614 00000020 T armContextLoad
01ff8618 T armContextLoadFromSvc
01ff8634 00000008 T armWaitForIrq
01ff863c 0000000c T armDrainWriteBuffer
01ff8648 00000028 T armDCacheFlushAll
01ff8670 0000001c T armDCacheFlush
01ff868c 0000001c T armDCacheInvalidate
01ff86a8 0000000c T armICacheInvalidateAll
01ff86b4 00000004 t __arm_excpt_rst
01ff86b8 00000004 t __arm_excpt_pabt
01ff86bc 0000000c t __arm_excpt_und
01ff86c8 0000000c t __arm_excpt_dabt
01ff86d4 00000030 t __excpt_entry
01ff8704 000000e4 t __arm_excpt_irq
01ff87e8 t __itcm_end
02001000 t __crt0_start
02001000 00000060 t __ds9_bootstub_trampoline
02001060 00000074 T crt0ProcessLoadList
020010d4 00000180 T crt0Startup
02001254 0000004c T crt0CopyMem32
020012a0 00000058 T crt0FillMem32
020012f8 000000b4 T crt0SetupMPU
020013c0 t __crt0_end
020013c0 t __main_start
020013c0 T _init
020013cc 00000022 T exit
020013f0 00001028 T main
02002418 0000000c t _soundEnsureInit
02002424 t __do_global_dtors_aux
02002450 t frame_dummy
02002474 0000007a t sort_by_rank_asc
020024f0 00000058 t clamp_prediction
02002548 000002ea t decide_card_base
02002834 000004f0 t decide_card_hard
02002d24 0000038e t decide_card_montecarlo
020030b4 000002c8 T ai_decide_prediction
0200337c 0000002a T ai_decide_card
020033a8 00000018 T card_tiles_for
020033c0 00000008 T card_back_tiles
020033c8 00000026 T deck_create
020033f0 00000048 T deck_shuffle
02003438 0000002c T card_rank
02003464 000000aa t build_active_order_from
02003510 00000212 t start_hand
02003724 0000002c T game_active_player_count
02003750 0000009e T game_create_match
020037f0 00000056 T game_get_forbidden_prediction
02003848 00000156 T game_submit_prediction
020039a0 00000032 T game_get_current_player_to_act_id
020039d4 000001b8 T game_play_card
02003b8c 00000164 T game_continue_after_trick
02003cf0 00000014 T game_start_next_hand
02003d04 00000010 t vblank_handler
02003d14 0000004e t anim_step
02003d64 0000003c t mic_handler
02003da0 0000001c t bgSetPriority
02003dbc 0000010c t update_title_logo_idle
02003ec8 000000ac t hide_hand_end_icons
02003f74 000000a8 t hide_corner_icons
0200401c 00000084 t render_play_button
020040a0 00000124 t hide_bottom_status
020041c4 00000068 t hide_predict_buttons
0200422c 00000050 t update_dragged_card_position
0200427c 00000090 t render_slingshot
0200430c 000000dc t hand_slide_tick
020043e8 00000068 t hide_slingshot
02004450 000001dc t render_score_corners
0200462c 00000070 t pick_ai_names
0200469c 00000144 t render_hand_sprites
020047e0 0000033c t render_trick_sprites
02004998 a __crt0_lma
02004b1c 000000a8 t play_card_sfx
02004bc4 00000154 t render_bottom_predict
02004d18 000001e0 t render_tutorial_step
02004d58 a __dldi_lma
02004ef8 00000074 t save_settings
02004f6c 00000070 t hand_touch_to_index
02004fdc 0000006c t music_stream_callback
02005048 0000018c t render_bottom_status.part.0
020051d4 000000a8 t hsv_to_rgb15.constprop.0
0200527c 00000038 t hide_all_gameplay_sprites
020052b4 000000f0 t apply_bg_pattern
020053a4 000000cc t show_outcome_screen
02005470 00000144 t show_title_background.part.0
020055b4 000000cc t hero_anim_step_and_apply
02005680 000002b8 t update_background_scroll
02005938 000001f0 t render_title_logo
02005b28 00000248 t celebrate_ancho
02005d70 000000ec t animate_drag_snap_back
02005e5c 00000234 t idle_hand_drag_step
02006090 00000130 t run_match_end_menu
020061c0 00000144 t run_pause_menu
02006304 00000264 t animate_hand_deal
02006568 00001344 t run_match
020078ac 00000b88 t show_main_menu
02008434 000000a4 T floorf
020084d8 00000078 t _mmPxiHandler
02008550 0000007c t _mmCreateEffectHandle
020085cc 00000078 T mmInit
02008644 00000030 T mmLockChannels
02008674 0000003c T mmUnlockChannels
020086b0 00000044 T mmEffect
020086f4 00000080 t _mmLoadSample
02008774 000000c0 T mmInitDefaultMem
02008834 0000003c T mmLoadEffect
02008870 0000002c t _mmStreamStop
0200889c 000000dc t _mmStreamRead
02008978 0000008c t _mmStreamRefill
02008a04 00000064 t _mmStreamStart
02008a68 00000080 t _mmStreamGetPosition
02008ae8 0000002c t _mmStreamTickTask
02008b14 0000009c t _mmStreamThread
02008bb0 00000054 T mmStreamUpdate
02008c04 0000007c T mmStreamClose
02008c80 000002b4 T mmStreamOpen
02008d58 a __itcm_lma
02008d58 a __loadlist_lma
02008f34 00000020 T fatInitDefault
02008f54 00000004 t _dvmDiscCalicoDummy
02008f58 00000008 t _dvmDiscCalicoWriteSectors
02008f60 00000008 t _dvmDiscCalicoReadSectors
02008f68 00000030 T _dvmIsAlignedAccess
02008f98 00000014 T _dvmCacheCopy
02008fac 00000268 T dvmInit
02009214 00000008 t _nitroFS_close_r
0200921c 00000098 t _nitroFS_read_r
020092b4 000000b4 t _nitroFS_seek_r
02009368 00000020 t _nitroFS_dirreset_r
02009388 000000c4 t _nitroFS_diropen_r
0200944c 00000008 t _nitroFS_dirclose_r
02009454 0000007c t _nitroFS_chdir_r
020094d0 00000090 t _nitroFS_open_r
02009560 00000080 t _nitroFS_fstat_r
020095e0 000000e0 t _nitroFS_stat_r
020096c0 000001f4 t _nitroFS_dirnext_r
020098b4 00000090 T nitroFSInit
02009944 00000010 T dvmDiscAddUser
02009954 00000024 T dvmDiscRemoveUser
02009978 00000408 t _dvmDiscCacheReadWrite
02009d80 00000058 t _dvmDiscCacheWriteSectors
02009dd8 00000058 t _dvmDiscCacheReadSectors
02009e30 000000b0 t _dvmDiscCacheFlush
02009ee0 00000028 t _dvmDiscCacheDestroy
02009f08 000001ac T dvmDiscCacheCreate
0200a0b4 00000188 T dvmMountVolume
0200a23c 00000074 T _dvmSetAppWorkingDir
0200a2b0 000001d8 t _dvmIdentMbrVbr
0200a488 00000238 T dvmReadPartitionTable
0200a6c0 000000cc T dvmProbeMountDisc
0200a78c 000000bc t _FAT_fstat_r
0200a848 0000001c t _FAT_umount
0200a864 00000044 t _FAT_mount
0200a8a8 0000013c t _FAT_seek_r
0200a9e4 00000104 t _FAT_set_stat
0200aae8 00000064 t _FAT_mkdir_r
0200ab4c 00000064 t _FAT_chdir_r
0200abb0 00000070 t _FAT_unlink_r
0200ac20 0000006c t _FAT_rmdir_r
0200ac8c 0000007c t _FAT_diropen_r
0200ad08 00000064 t _FAT_fsync_r
0200ad6c 00000064 t _FAT_close_r
0200add0 00000064 t _FAT_dirclose_r
0200ae34 0000006c t _FAT_dirreset_r
0200aea0 00000080 t _FAT_rename_r
0200af20 00000094 t _FAT_stat_r
0200afb4 0000007c t _FAT_read_r
0200b030 0000007c t _FAT_write_r
0200b0ac 000000f4 t _FAT_statvfs_r
0200b1a0 00000190 t _FAT_ftruncate_r
0200b330 00000120 t _FAT_dirnext_r
0200b450 00000124 t _FAT_open_r
0200b574 00000064 T get_fattime
0200b5d8 00000018 T ff_mutex_create
0200b5f0 00000004 T ff_mutex_delete
0200b5f4 00000014 T ff_mutex_take
0200b608 00000008 T ff_mutex_give
0200b610 00000024 T disk_initialize
0200b634 00000024 T disk_status
0200b658 0000002c T disk_read
0200b684 0000002c T disk_write
0200b6b0 00000038 T disk_ioctl
0200b6e8 000000fc t tchar2uni
0200b7e4 00000090 t sync_window
0200b874 00000130 t put_utf
0200b9a4 0000009c t dir_clear
0200ba40 0000028c t get_fileinfo
0200bccc 00000180 t sync_fs
0200be4c 000000c4 t move_window
0200bf10 000001dc t put_fat.part.0
0200c0ec 00000160 t get_fat.isra.0
0200c24c 000000f4 t remove_chain
0200c340 0000021c t create_chain
0200c55c 00000170 t dir_next
0200c6cc 00000248 t dir_read
0200c914 00000128 t dir_sdi
0200ca3c 000000cc t dir_alloc
0200cb08 000000c4 t dir_remove
0200cbcc 000002f8 t dir_find
0200cec4 00000590 t follow_path
0200d454 00000434 t dir_register
0200d888 000001ec t check_fs
0200da74 00000504 t mount_volume.part.0
0200df78 000000bc t validate
0200e034 0000006c T f_mount
0200e0a0 00000038 T f_umount
0200e0d8 00000400 T f_open
0200e4d8 000002a4 T f_read
0200e77c 00000350 T f_write
0200eacc 000001a0 T f_sync
0200ec6c 00000058 T f_close
0200ecc4 000000f0 T f_chdir
0200edb4 00000298 T f_lseek
0200f04c 0000012c T f_opendir
0200f178 000000b0 T f_closedir
0200f228 000000d0 T f_readdir
0200f2f8 00000104 T f_stat
0200f3fc 00000184 T f_getfree
0200f580 00000228 T f_truncate
0200f7a8 000001a4 T f_unlink
0200f94c 00000294 T f_mkdir
0200fbe0 00000248 T f_rename
0200fe28 00000078 T ff_uni2oem
0200fea0 00000040 T ff_oem2uni
0200fee0 00000128 T ff_wtoupper
02010008 0000006c T checkIfText
02010074 000000e8 T bgUpdate
0201015c 000000a8 T bgInit_call
02010204 000000b0 T bgInitSub_call
020102b4 000000e8 t newRow
0201039c 00000010 T consoleSelect
020103ac 000000e0 T consolePrintChar
0201048c 0000034c T con_write
020107d8 000002e4 T consoleLoadFont
02010abc 00000170 T consoleInit
02010c2c 00000040 T consoleDemoInit
02010c6c 00000010 T consoleClear
02010c7c 0000006c T scanKeys
02010ce8 0000000c T keysHeld
02010cf4 00000010 T keysDown
02010d04 00000010 T keysUp
02010d14 00000034 T __sassert
02010d48 0000000c t _soundMicCallback
02010d54 0000006c T soundMicRecord
02010dc0 0000001a T oamAllocReset
02010ddc 00000578 T oamAllocateGfx
02011354 00000124 T oamInit
02011478 00000034 T oamGetGfxPtr
020114ac 00000034 T oamGfxPtrToOffset
020114e0 000000fe T oamSet
020115e0 0000006c T oamUpdate
0201164c 0000004a T oamRotateScale
02011698 0000004c T sinLutLookup
020116e4 00000038 T sinLerp
0201171c 00000044 T cosLerp
02011760 00000040 T setBrightness
020117a0 00000064 T irqSet
02011804 0000001c t _tickCountIsr
02011820 00000084 t _tickTaskSchedule.part.0.isra.0
020118a4 000000a0 T tickInit
02011944 0000005c T tickGetCount
020119a0 00000110 t _tickTaskIsr
02011ab0 00000144 T tickTaskStart
02011bf4 000000c0 T tickTaskStop
02011cb4 00000010 t _threadTickTask
02011cc4 000000a0 T threadExit
02011d64 00000098 T _threadInit
02011dfc 00000134 T threadPrepare
02011f30 0000002c T threadGetLocalStorageSize
02011f5c 00000120 T threadAttachLocalStorage
0201207c 00000094 T threadStart
02012110 00000058 T threadJoin
02012168 000000a4 T threadIrqWait
0201220c 00000058 T threadSleepTicks
02012264 000001d4 T threadUpdateDynamicPrio
02012438 00000148 t threadRemoveWaiter
02012580 00000138 T mutexLock
020126b8 000000bc T mutexUnlock
02012774 00000098 T mailboxTrySend
0201280c 00000098 T mailboxRecv
020128a4 00000014 T __syscall_getreent
020128b8 00000024 T __errno
020128dc 00000030 T __syscall_gettod_r
0201290c 00000004 T __syscall_lock_acquire
02012910 00000004 T __syscall_lock_release
02012914 0000004c T __syscall_lock_acquire_recursive
02012960 00000018 T __syscall_lock_release_recursive
02012978 00000004 t _pxiMailboxHandler
0201297c 00000004 W _pxiRecvUnhandled
02012980 00000154 t _pxiRecvIrqHandler
02012ad4 00000058 T _pxiInit
02012b2c 00000074 T pxiSetHandler
02012ba0 00000068 T pxiSetMailbox
02012c08 00000038 T pxiWaitRemote
02012c40 00000050 T pxiSendPacket
02012c90 00000098 T pxiSendExtPacket
02012d28 0000002c T pxiBeginReceive
02012d54 000000ac T pxiEndReceive
02012e00 00000028 T keypadGetState
02012e28 000001d8 T nitroromOpen
02013000 000000e0 T nitroromReadIter
020130e0 00000180 T nitroromResolvePath
02013260 00000004 W systemUserStartup
02013264 00000110 W systemStartup
02013374 00000038 T pmMicSetAmp
020133ac 00000058 T touchRead
02013404 00000070 t _soundPxiCheckCredits
02013474 0000003c t _soundPxiHandler
020134b0 00000064 T soundInit
02013514 00000030 T soundSynchronize
02013544 0000002c T soundSetMixerSleep
02013570 000000e8 T soundPreparePcm
02013658 0000002c T soundStart
02013684 0000002c T soundStop
020136b0 0000004c t _micThreadMain
020136fc 00000008 T micInit
02013704 00000040 T micSetCpuTimer
02013744 00000094 T micSetCallback
020137d8 00000080 T micStart
02013858 00000044 t _blkDevReadWriteSectors
0201389c 00000008 T blkInit
020138a4 00000030 T blkDevIsPresent
020138d4 00000030 T blkDevInit
02013904 00000034 T blkDevGetSectorCount
02013938 0000005c T blkDevReadSectors
02013994 0000005c T blkDevWriteSectors
020139f0 00000008 t _nitroromFdClose
020139f8 00000094 t _nitroromFdRead
02013a8c 00000100 T nitroromGetSelf
02013b8c 00000040 t _pmCallEventHandlers
02013bcc 0000009c t _pmPxiThreadMain
02013c68 00000028 t _pmResetPxiHandler
02013c90 00000004 W systemUserExit
02013c94 00000004 W systemErrorExit
02013c98 00000138 T __syscall_exit
02013dd0 00000058 T pmInit
02013e28 00000138 t _ntrcardRomReadSector
02013f60 000000d8 T ntrcardOpen
02014038 00000060 T ntrcardClose
02014098 000001e8 T ntrcardRomRead
02014280 t .udivsi3_skip_div0_test
02014280 T __aeabi_uidiv
02014280 000000fc T __udivsi3
0201437c 00000020 T __aeabi_uidivmod
0201439c T __aeabi_idiv
0201439c 00000130 T __divsi3
020143a4 t .divsi3_skip_div0_test
020144cc 00000020 T __aeabi_idivmod
020144ec 00000002 W __aeabi_idiv0
020144ec 00000002 W __aeabi_ldiv0
020144f0 000001c8 T __aeabi_frsub
020144f8 000001c0 T __aeabi_fsub
020144f8 000001c0 T __subsf3
020144fc 000001bc T __addsf3
020144fc 000001bc T __aeabi_fadd
020146b8 00000028 T __aeabi_ui2f
020146b8 00000028 T __floatunsisf
020146c0 00000020 T __aeabi_i2f
020146c0 00000020 T __floatsisf
020146e0 000000bc T __aeabi_ul2f
020146e0 000000bc T __floatundisf
020146f0 000000ac T __aeabi_l2f
020146f0 000000ac T __floatdisf
0201479c 00000198 T __aeabi_fmul
0201479c 00000198 T __mulsf3
02014934 00000160 T __aeabi_fdiv
02014934 00000160 T __divsf3
02014a94 00000074 T __gesf2
02014a94 00000074 T __gtsf2
02014a9c 0000006c T __lesf2
02014a9c 0000006c T __ltsf2
02014aa4 00000064 T __cmpsf2
02014aa4 00000064 T __eqsf2
02014aa4 00000064 T __nesf2
02014b08 00000028 T __aeabi_cfrcmple
02014b18 00000018 T __aeabi_cfcmpeq
02014b18 00000018 T __aeabi_cfcmple
02014b30 00000018 T __aeabi_fcmpeq
02014b48 00000018 T __aeabi_fcmplt
02014b60 00000018 T __aeabi_fcmple
02014b78 00000018 T __aeabi_fcmpge
02014b90 00000018 T __aeabi_fcmpgt
02014ba8 0000005c T __aeabi_f2iz
02014ba8 0000005c T __fixsfsi
02014c04 T __aeabi_ldivmod
02014cd8 T __aeabi_uldivmod
02014d14 00000192 T __udivmoddi4
02014ea8 00000028 T __clzdi2
02014ed0 00000048 T __clzsi2
02014f18 00000016 T srand
02014f30 00000030 T rand
02014f60 000000aa T memcpy
0201500c 0000001a T viprintf
02015028 00000060 T strlen
02015088 00000226 T _fread_r
020152b0 00000024 T fread
020152d4 00000028 T open
020152fc 000000b4 T _fopen_r
020153b0 00000018 T fopen
020153c8 00000014 T close
020153dc 00000064 T snprintf
02015440 00000054 T strncasecmp
02015494 000000bc T strchr
02015550 00000046 T memcmp
02015598 00000018 T calloc
020155b0 00000018 T aligned_alloc
020155c8 000001f8 t validate_structure
020157c0 00000434 T mktime
02015bf4 00000118 T _memalign_r
02015d0c 000000e0 T __smakebuf_r
02015dec 0000005c T __swhatbuf_r
02015e48 00000024 T lseek
02015e6c 00000010 T strcpy
02015e7c 0000008c T memset
02015f08 000000cc T _calloc_r
02015fd4 0000009c T _fwrite_r
02016070 00000024 T fwrite
02016094 00000018 T realloc
020160ac 00000228 T localtime_r
020162d4 000001ac T __tzcalc_limits
02016480 00000550 T _malloc_r
020169d0 00000224 T strcmp
02016bf4 000000ac T _malloc_trim_r
02016ca0 000001d8 T _free_r
02016e78 000001ac T setvbuf
02017024 00000020 t stdio_exit_handler
02017044 00000040 t cleanup_stdio
02017084 00000120 t global_stdio_init.part.0
020171a4 000000cc T __sfp
02017270 0000003c T __sinit
020172ac 00000014 T __sfp_lock_acquire
020172c0 00000014 T __sfp_lock_release
020172d4 00000052 T __libc_init_array
02017328 00000068 T strncpy
02017390 00000014 T _fseek_r
020173a4 00000022 T fseek
020173c8 00000010 T _tzset_unlocked
020173d8 00000026 T malloc
02017400 00000014 T free
02017414 00000050 T siscanf
02017464 0000002e T strrchr
02017494 00000008 T __gettzinfo
0201749c 0000004c T stpcpy
020174e8 00000034 T __sread
0201751c 00000004 T __seofread
02017520 0000004c T __swrite
0201756c 0000003c T __sseek
020175a8 00000010 T __sclose
020175b8 00000106 T memmove
020176c0 00000344 T _realloc_r
02017a04 00000026 T iprintf
02017a2c 00000014 T __malloc_lock
02017a40 00000014 T __malloc_unlock
02017a54 00000414 T _fseeko_r
02017e68 000000de T _fclose_r
02017f48 00000014 T fclose
02017f5c 00000036 T time
02017f94 0000001c T read
02017fb0 0000000c W __call_exitprocs
02017fbc 00000404 t get_arg
020183c0 000022de T _svfprintf_r
0201a6a0 00000098 T __sflags
0201a738 0000002e T __libc_fini_array
0201a768 00000020 T strnlen
0201a788 000001b4 T gmtime_r
0201a93c 00000404 t get_arg
0201ad40 000016d6 T _vfiprintf_r
0201c418 0000007c t __sbprintf
0201c494 00000490 T _tzset_unlocked_r
0201c924 00000022 t lflush
0201c948 00000106 T __srefill_r
0201ca50 00000074 T frexp
0201cac4 0000004c T _fwalk_sglue
0201cb10 00000018 T div
0201cb28 00000088 T _wcrtomb_r
0201cbb0 00000150 t _strtoul_l.isra.0
0201cd00 00000020 T _strtoul_r
0201cd20 00000024 T strtoul
0201cd44 0000005e T __ssprint_r
0201cda4 0000031a T __sfvwrite_r
0201d0c0 00000014 T __tz_lock
0201d0d4 00000014 T __tz_unlock
0201d0e8 00000020 T __locale_mb_cur_max
0201d108 00000180 T __sflush_r
0201d288 0000006e T _fflush_r
0201d2f8 00000024 T __sprint_r
0201d31c 0000015e t quorem
0201d47c 000010a0 T _dtoa_r
0201e51c 0000003e t get_arg
0201e55a 0000007e T _sungetc_r
0201e5d8 00000042 T __ssrefill_r
0201e61a 00000088 T _sfread_r
0201e6a4 000019d6 T __ssvfiscanf_r
0202007c 0000025c t _strtol_l.part.0
020202d8 00000034 T _strtol_r
0202030c 00000074 T memchr
02020380 0000001e T _wcsrtombs_r
020203a0 000000d2 T __swsetup_r
02020474 00000094 T _findenv_r
02020508 00000010 T _getenv_r
02020518 00000020 T _localeconv_r
02020538 000000d4 T __ssputs_r
0202060c 000000bc T __utf8_wctomb
020206c8 00000070 T strncmp
02020738 0000011e T _wcsnrtombs_l
02020858 00000040 T _wcsnrtombs_r
02020898 00000014 T __env_lock
020208ac 00000014 T __env_unlock
020208c0 00000040 T __assert_func
02020900 0000000e T iswspace
02020910 0000005c T _Balloc
0202096c 00000014 T _Bfree
02020980 000000a8 T __multadd
02020a28 0000005e T __hi0bits
02020a88 0000008a T __lo0bits
02020b14 00000064 T __i2b
02020b78 000001b4 T __multiply
02020d2c 000000d8 T __pow5mult
02020e04 000000f8 T __lshift
02020efc 00000050 T __mcmp
02020f4c 000001a4 T __mdiff
020210f0 000000d4 T __d2b
020211c4 000001c0 t _strtoull_l.isra.0
02021384 00000020 T _strtoull_r
020213a4 0000007c T __submore
02021420 0000024a T __utf8_mbtowc
0202166c 00000026 T fiprintf
02021694 0000009c T _mbrtowc_r
02021730 000000b0 T __sccl
020217e0 0000000e T abort
020217f0 00000300 t _strtoll_l.isra.0
02021af0 00000020 T _strtoll_r
02021b10 00000028 T iswspace_l
02021b38 0000005e T _raise_r
02021b98 00000014 T raise
02021bac 0000005c T category
02021c08 00000014 T _exit
02021c1c 000000e2 T chdir
02021d00 00000132 T _concatenate_path
02021e34 0000005a T _fstat_r
02021e90 0000000a T _getpid_r
02021e9c 00000020 T __getreent
02021ebc 00000020 T _gettimeofday_r
02021edc 0000006c T __release_handle
02021f48 0000007c T __alloc_handle
02021fc4 00000034 T __get_handle
02021ff8 000000ae T _close_r
020220a8 00000004 t null_write
020220ac 00000010 T setDefaultDevice
020220bc 00000064 T FindDevice
02022120 00000068 T AddDevice
02022188 00000020 T GetDeviceOpTab
020221a8 00000004 T _isatty_r
020221ac 0000000a T _kill_r
020221b8 00000062 T _lseek_r
0202221c 0000008a T _open_r
020222a8 0000005a T _read_r
02022304 00000050 W _sbrk_r
02022354 00000018 T __libc_lock_acquire
0202236c 00000018 T __libc_lock_release
02022384 00000018 T __libc_lock_acquire_recursive
0202239c 00000018 T __libc_lock_release_recursive
020223b4 0000005a T _write_r
02022410 00000012 T __gnu_thumb1_case_uqi
02022424 00000014 T __gnu_thumb1_case_uhi
02022438 T __aeabi_drsub
02022440 00000314 T __aeabi_dsub
02022440 00000314 T __subdf3
02022444 00000310 T __adddf3
02022444 00000310 T __aeabi_dadd
02022754 00000024 T __aeabi_ui2d
02022754 00000024 T __floatunsidf
02022778 00000028 T __aeabi_i2d
02022778 00000028 T __floatsidf
020227a0 00000048 T __aeabi_f2d
020227a0 00000048 T __extendsfdf2
020227e8 00000074 T __aeabi_ul2d
020227e8 00000074 T __floatundidf
020227fc 00000060 T __aeabi_l2d
020227fc 00000060 T __floatdidf
0202285c 00000290 T __aeabi_dmul
0202285c 00000290 T __muldf3
02022aec 0000020c T __aeabi_ddiv
02022aec 0000020c T __divdf3
02022cf8 00000098 T __gedf2
02022cf8 00000098 T __gtdf2
02022d00 00000090 T __ledf2
02022d00 00000090 T __ltdf2
02022d08 00000088 T __cmpdf2
02022d08 00000088 T __eqdf2
02022d08 00000088 T __nedf2
02022d90 00000034 T __aeabi_cdrcmple
02022dac 00000018 T __aeabi_cdcmpeq
02022dac 00000018 T __aeabi_cdcmple
02022dc4 00000018 T __aeabi_dcmpeq
02022ddc 00000018 T __aeabi_dcmplt
02022df4 00000018 T __aeabi_dcmple
02022e0c 00000018 T __aeabi_dcmpge
02022e24 00000018 T __aeabi_dcmpgt
02022e3c 00000038 T __aeabi_dcmpun
02022e3c 00000038 T __unorddf2
02022e74 0000005c T __aeabi_d2iz
02022e74 0000005c T __fixdfsi
02022ed0 00000056 T __aeabi_lmul
02022ed0 00000056 T __muldi3
02022f28 T _fini
02022f38 00000008 t ____aeabi_ldiv0_from_arm
02022f40 00000008 t __memcpy_from_arm
02022f48 00000008 t __close_from_arm
02022f50 00000008 t __free_from_arm
02022f58 00000008 t ____aeabi_idiv0_from_arm
02022f60 00000008 t ____libc_lock_release_from_arm
02022f68 T soundbank_bin
0209c350 00000400 T ancho_banner_0Tiles
0209c350 T soundbank_bin_end
0209c750 00000400 T ancho_banner_1Tiles
0209cb50 00000400 T ancho_banner_2Tiles
0209cf50 00000400 T ancho_banner_3Tiles
0209d350 00000008 T ancho_banner_sharedPal
0209d358 00000080 T arrow_downTiles
0209d3d8 00000080 T arrow_leftTiles
0209d458 00000080 T arrow_rightTiles
0209d4d8 00000008 T arrow_sharedPal
0209d4e0 00000080 T arrow_upTiles
0209d560 00000200 T avatar_placeholderPal
0209d760 00000080 T avatar_placeholderTiles
0209d7e0 00000800 T bg_pattern_0Map
0209dfe0 00000c20 T bg_pattern_0Tiles
0209ec00 00000800 T bg_pattern_1Map
0209f400 00001120 T bg_pattern_1Tiles
020a0520 00000800 T bg_pattern_2Map
020a0d20 00000760 T bg_pattern_2Tiles
020a1480 00000800 T bg_pattern_3Map
020a1c80 00000640 T bg_pattern_3Tiles
020a22c0 00000800 T bg_pattern_4Map
020a2ac0 00000160 T bg_pattern_4Tiles
020a2c20 00000800 T bg_pattern_5Map
020a3420 00000ea0 T bg_pattern_5Tiles
020a42c0 00000800 T bg_pattern_6Map
020a4ac0 00000e00 T bg_pattern_6Tiles
020a58c0 00000800 T bg_pattern_7Map
020a60c0 000008e0 T bg_pattern_7Tiles
020a69a0 00000800 T bg_pattern_8Map
020a71a0 00001400 T bg_pattern_8Tiles
020a85a0 00000800 T bg_pattern_9Map
020a8da0 00000be0 T bg_pattern_9Tiles
020a9980 00000004 T bg_patterns_sharedPal
020a9984 00000080 T button_0Tiles
020a9a04 00000080 T button_1Tiles
020a9a84 00000080 T button_2Tiles
020a9b04 00000080 T button_3Tiles
020a9b84 00000080 T button_4Tiles
020a9c04 00000080 T button_5Tiles
020a9c84 00000080 T button_6Tiles
020a9d04 00000008 T buttons_sharedPal
020a9d0c 00000400 T card_backTiles
020aa10c 00000400 T card_basto_1Tiles
020aa50c 00000400 T card_basto_10Tiles
020aa90c 00000400 T card_basto_11Tiles
020aad0c 00000400 T card_basto_12Tiles
020ab10c 00000400 T card_basto_2Tiles
020ab50c 00000400 T card_basto_3Tiles
020ab90c 00000400 T card_basto_4Tiles
020abd0c 00000400 T card_basto_5Tiles
020ac10c 00000400 T card_basto_6Tiles
020ac50c 00000400 T card_basto_7Tiles
020ac90c 00000400 T card_basto_8Tiles
020acd0c 00000400 T card_basto_9Tiles
020ad10c 00000400 T card_copa_1Tiles
020ad50c 00000400 T card_copa_10Tiles
020ad90c 00000400 T card_copa_11Tiles
020add0c 00000400 T card_copa_12Tiles
020ae10c 00000400 T card_copa_2Tiles
020ae50c 00000400 T card_copa_3Tiles
020ae90c 00000400 T card_copa_4Tiles
020aed0c 00000400 T card_copa_5Tiles
020af10c 00000400 T card_copa_6Tiles
020af50c 00000400 T card_copa_7Tiles
020af90c 00000400 T card_copa_8Tiles
020afd0c 00000400 T card_copa_9Tiles
020b010c 00000400 T card_espada_1Tiles
020b050c 00000400 T card_espada_10Tiles
020b090c 00000400 T card_espada_11Tiles
020b0d0c 00000400 T card_espada_12Tiles
020b110c 00000400 T card_espada_2Tiles
020b150c 00000400 T card_espada_3Tiles
020b190c 00000400 T card_espada_4Tiles
020b1d0c 00000400 T card_espada_5Tiles
020b210c 00000400 T card_espada_6Tiles
020b250c 00000400 T card_espada_7Tiles
020b290c 00000400 T card_espada_8Tiles
020b2d0c 00000400 T card_espada_9Tiles
020b310c 000000c0 t CARD_TILES
020b31cc 00000400 T card_oro_1Tiles
020b35cc 00000400 T card_oro_10Tiles
020b39cc 00000400 T card_oro_11Tiles
020b3dcc 00000400 T card_oro_12Tiles
020b41cc 00000400 T card_oro_2Tiles
020b45cc 00000400 T card_oro_3Tiles
020b49cc 00000400 T card_oro_4Tiles
020b4dcc 00000400 T card_oro_5Tiles
020b51cc 00000400 T card_oro_6Tiles
020b55cc 00000400 T card_oro_7Tiles
020b59cc 00000400 T card_oro_8Tiles
020b5dcc 00000400 T card_oro_9Tiles
020b61cc 00000018 T cards_sharedPal
020b61e4 00000008 T corner_icons_sharedPal
020b61ec 00000200 T crownPal
020b63ec 00000200 T crownTiles
020b65ec 00000080 T heart_brokenTiles
020b666c 00000080 T heart_fullTiles
020b66ec 0000000c T hearts_sharedPal
020b66f8 00000080 T icon_predTiles
020b6778 00000080 T icon_wonTiles
020b67f8 00000200 T leader_framePal
020b69f8 00000800 T leader_frameTiles
020b71f8 00000400 T lose_textTiles
020b8680 00000018 t DY.0
020b8698 00000018 t DX.1
020b86b0 00000010 t SEAT_TO_ARROW_DIR.2
020b86c0 0000000c t PRESS_FRAMES.4
020b86cc 00000003 t VALUES.6
020b86d0 0000000c t LABELS.7
020b86dc 0000000c t LABELS.10
020b86e8 00000360 t TUTORIAL_STEPS
020b8a48 00000020 t AI_NAME_POOL
020b8a68 00000010 t ANCHO_BANNER_TILES
020b8a78 00000010 t PLAY_BUTTON_TILES
020b8a88 0000001c t BUTTON_TILES
020b8aa4 00000018 t TITLE_LOGO_LETTER_X
020b8abc 00000010 t HAND_END_PANEL_TOP
020b8acc 00000010 t HAND_END_TEXT_ROW
020b8adc 00000010 t CORNER_COL
020b8aec 00000010 t CORNER_ROW
020b8afc 00000004 t TRICK_ENTER_DIR
020b8b00 00000010 t TRICK_SLOT_Y
020b8b10 00000010 t TRICK_SLOT_X
020b8b20 00000008 t TITLE_BG_MAP
020b8b28 00000008 t TITLE_BG_TILES_LEN
020b8b30 00000008 t TITLE_BG_TILES
020b8b38 00000028 t BG_PATTERN_MAP
020b8b60 00000028 t BG_PATTERN_TILES_LEN
020b8b88 00000028 t BG_PATTERN_TILES
020b8bc0 00000008 T outcome_text_sharedPal
020b8bc8 00000200 T particlePal
020b8dc8 00000020 T particleTiles
020b8de8 00000400 T play_button_0Tiles
020b91e8 00000400 T play_button_1Tiles
020b95e8 00000400 T play_button_2Tiles
020b99e8 00000400 T play_button_3Tiles
020b9de8 0000000c T play_button_sharedPal
020b9df4 00000200 T score_bgPal
020b9ff4 00000800 T score_bgMap
020ba7f4 00000320 T score_bgTiles
020bab14 00000200 T sling_bandPal
020bad14 00000020 T sling_bandTiles
020bad34 0000c000 T studio_splash_0Bitmap
020c6d34 0000c000 T studio_splash_1Bitmap
020d2d34 00000018 T studio_splash_sharedPal
020d2d4c 00000800 T title_bg_0Map
020d354c 00003640 T title_bg_0Tiles
020d6b8c 00000800 T title_bg_1Map
020d738c 00003ac0 T title_bg_1Tiles
020dae4c 0000000c T title_bg_sharedPal
020dae58 00000800 T title_letter_0Tiles
020db658 00000800 T title_letter_1Tiles
020dbe58 00000800 T title_letter_2Tiles
020dc658 00000800 T title_letter_3Tiles
020dce58 00000800 T title_letter_4Tiles
020dd658 00000800 T title_letter_5Tiles
020dde58 00000008 T title_letters_sharedPal
020dde60 00000400 T win_textTiles
020de260 00000010 t s_dvmDiscCalicoIface
020de270 00000010 t s_dvmDiscCacheIface
020de280 00000014 t fr_to_errno.0
020de294 00000014 T g_vfatFsDriver
020de2a8 00000080 t _FAT_devoptab
020de328 00000080 t ExCvt
020de3a8 0000000d t LfnOfs
020de3c0 000000bc t cvt2.0
020de47c 000001f2 t cvt1.1
020de670 00000100 t uc437
020de844 00000080 t dotab_stdout
020de8c4 00000102 T SIN_LUT
020de9c8 T default_font_bin
020df1c8 T default_font_bin_end
020df1c8 00000008 t s_nitroromCardIface
020df1d0 00000008 t s_nitroromFdIface
020df1d8 00000030 t _DAYS_BEFORE_MONTH
020df208 00000030 t DAYS_IN_MONTH
020df274 00000010 t zeroes.0
020df284 00000010 t blanks.1
020df294 00000010 t zeroes.0
020df2a4 00000010 t blanks.1
020df2b4 00000101 T _ctype_
020df3b8 00000060 T __month_lengths
020df418 0000006c T __action_table
020df484 0000006c T __state_table
020df4f0 00000100 T __chclass
020df5f0 00000022 t basefix.0
020df614 0000000c t p05.0
020df620 00000028 T __mprec_bigtens
020df648 000000c8 T __mprec_tens
020df710 000037f8 t categories
020e2f08 00000080 T dotab_stdnull
020e2f88 0000001c d idleHandDrag
020e2fa4 00000004 d bgSameTopBottom
020e2fa8 00000004 d soundEnabled
020e2fac 00000004 d musicEnabled
020e2fb0 00000010 d s_dvmDiscNand
020e2fc0 00000010 d s_dvmDiscSd
020e2fd0 00000010 d s_dvmDiscDldi
020e2fe0 00000004 V g_dvmDefaultSectorsPerPage
020e2fe4 00000004 V g_dvmDefaultCachePages
020e2fe8 00000080 d _nitroFS_devoptab
020e3068 00000020 d s_dvmFsDrvTable
020e3088 00000020 D bgTransform
020e30a8 00000020 D bgScrollTable
020e30c8 00000020 D bgControl
020e30e8 00000001 d firstConsoleInit.0
020e30ec 00000004 D currentConsole
020e30f0 0000005c D defaultConsole
020e314c 00000001 d count
020e314d 00000001 d repeat
020e314e 00000001 d delay
020e3150 00000018 D oamSub
020e3168 00000018 D oamMain
020e3180 00000001 V g_nitroromCardDmaChannel
020e3184 00000004 D __malloc_sbrk_base
020e3188 00000004 D __malloc_trim_threshold
020e3190 00000408 D __malloc_av_
020e3598 0000000c D __sglue
020e35a8 00000058 d tzinfo
020e3600 00000004 D _impure_ptr
020e3608 00000200 D _impure_data
020e3808 00000008 D _tzname
020e3810 00000254 D __global_locale
020e3a64 00000004 D environ
020e3a68 00000400 d _current_working_directory
020e3e68 00001000 d handles
020e4e68 0000000c d __stderr_handle
020e4e74 0000000c d __stdout_handle
020e4e80 0000000c d __stdin_handle
020e4e8c 0000008c D devoptab_list
020e4f18 00000004 d defaultDevice
020e4f1c r __EH_FRAME_BEGIN__
020e4f1c r __FRAME_END__
020e4f20 r __tls_info
020e4f2c d __frame_dummy_init_array_entry
020e4f2c d __init_array_start
020e4f2c d __preinit_array_end
020e4f2c d __preinit_array_start
020e4f34 d __do_global_dtors_aux_fini_array_entry
020e4f34 d __fini_array_start
020e4f34 d __init_array_end
020e4f38 d __fini_array_end
020e4f38 d __main_end
020e4f38 ? __tls_end
020e4f38 ? __tls_start
020e4f40 b completed.1
020e4f44 b object.0
020e4f5c 00000004 b accum256.8
020e4f60 00000004 b intensity.9
020e4f64 00000004 b accum.11
020e4f68 00000004 b accum.12
020e4f6c 00000004 b hue.13
020e4f70 00000004 b accum.14
020e4f74 00000004 b accum.15
020e4f78 00000004 b fatReady
020e4f7c 00000004 b musicFile
020e4f80 00000004 b micLevel
020e4f84 00000100 b micBuffer
020e5084 00000004 b outcomeTextGfx
020e5088 00000004 b playButtonGfx
020e508c 00000004 b subIconWonGfx
020e5090 00000004 b subIconPredGfx
020e5094 00000018 b subHeartGfx
020e50ac 00000004 b anchoBannerGfx
020e50b0 00000004 b particleGfx
020e50b4 00000004 b slingBandGfx
020e50b8 0000001c b buttonGfx
020e50d4 00000018 b titleLogoGfx
020e50ec 00000004 b iconWonGfx
020e50f0 00000004 b iconPredGfx
020e50f4 00000060 b heartGfx
020e5154 00000004 b avatarGfx
020e5158 00000004 b leaderFrameGfx
020e515c 00000010 b arrowDirGfx
020e516c 00000004 b crownGfx
020e5170 00000010 b trickGfx
020e5180 00000048 b handSlideX
020e51c8 00000018 b handGfx
020e51e0 00000018 b heroAnim
020e51f8 00000004 b titleBgFrame
020e51fc 00000004 b showingTitleBg
020e5200 00000004 b showingScoreBg
020e5204 00000004 b bgPatternBottom
020e5208 00000004 b bgPatternTop
020e520c 0000005c b bottomConsole
020e5268 0000005c b topConsole
020e52c4 00000004 b frameCount
020e52c8 00000004 b bgBottomPatternIndex
020e52cc 00000004 b bgTopPatternIndex
020e52d0 00000012 b s_mmEffState
020e52e4 00000004 b s_mmCallback
020e52e8 00000001 b s_mmActiveStatus
020e52ec 00000010 B s_mmState
020e52fc 00000004 b s_mmLoader
020e5300 00000044 b s_mmStreamState
020e5344 00000008 b s_mmStreamMailboxSlots
020e534c 00000004 V g_dvmCalicoNandMount
020e5350 00000002 b _nitroFS_cwd
020e5352 00000002 b Fsid
020e5354 00000008 B bgIsTextLut
020e535c 00000140 B bgState
020e549c 0000005c B currentCopy
020e54f8 00000002 b keysrepeat
020e54fc 00000004 b s_keypad
020e5500 00000400 B OamMemory
020e5900 00000400 B OamMemorySub
020e5d00 00000004 b s_firstTask
020e5d08 00000008 b s_highTickCount
020e5d10 00000001 b s_tickInit
020e5d14 00000008 b s_sleepThreads
020e5d1c 00000008 b s_joinThreads
020e5d24 00000070 b s_idleThread
020e5d94 00000070 b s_mainThread
020e5e04 00000008 b s_mailboxRecvQueue
020e5e0c 00000004 b s_defaultErrno.0
020e5e10 00000004 V __stacksize__
020e5e14 00000001 B g_isTwlMode
020e5e18 000001f0 b s_pxiChannels
020e6008 00000004 b s_pxiRecvState
020e600c 00000008 b s_pxiRecvQueue
020e6014 00000004 b s_pxiSendMutex
020e6018 00000002 b s_soundPxiCredits
020e601c 00000008 b s_soundPxiCreditWaitList
020e6024 00000001 b s_soundInit
020e6028 00002000 b s_micThreadStack
020e8028 00000070 b s_micThread
020e8098 0000000c b s_micState
020e80a4 0000000c b s_nitroromFd
020e80b0 0000001c b s_nitroromSelf
020e80d0 00000200 b s_pmPxiThreadStack
020e82d0 00000070 b s_pmPxiThread
020e8340 00000008 b s_pmState
020e8360 00000200 B s_ntrcardCache
020e8560 00000010 b s_ntrcardState
020e8570 00000028 B __malloc_current_mallinfo
020e8598 00000004 B __malloc_max_total_mem
020e859c 00000004 B __malloc_max_sbrked_mem
020e85a0 00000004 B __malloc_top_pad
020e85a4 0000000c b __sfp_recursive_mutex
020e85b0 00000168 B __sf
020e8718 00000004 B __stdio_exit_handler
020e871c 0000000c b __malloc_recursive_mutex
020e8728 00000004 b prev_tzenv
020e872c 0000000c b __tzname_dst
020e8738 0000000c b __tzname_std
020e8744 00000004 B _timezone
020e8748 00000004 B _daylight
020e874c 00000004 b __tz_mutex
020e8750 0000000c b __env_recursive_mutex
020e875c 00000004 b initial_env
020e8760 00000400 b temp_cwd
020e8b60 00000004 b __hndl_lock
020e8b64 00000004 B fake_heap_start
020e8b68 00000004 B fake_heap_end
020e8b6c 00000004 b heap_start.0
020e8b70 b __heap_start_ntr
020e8b70 b __main_bss_end
020e8b80 r __heap_start_twl
020e8b80 ? __twl_bss_end
020e8b80 ? __twl_end
020e8b80 ? __twl_start
020ed0b8 a __loadlist_start
020ed0e8 a __loadlist_end
02400000 a __twl_lma
02400000 a __twl_loadlist_lma
02400000 a __twl_loadlist_start
0240000c a __twl_loadlist_end
02ff0000 ? __dtcm_end
02ff0000 ? __dtcm_start
02ff0000 00000080 B __irq_table
02ff0080 00000018 B __sched_state
02ff0098 b __dtcm_bss_end
02ff3e80 d __sp_usr
02ff3f80 a __sp_irq
02ff3fc0 a __sp_svc
02ff3ff8 a __irq_flags
0380b000 T __dldi_start
0e000800 00000198 T __ds9_bootstub
ffff0008 a __arm_excpt_svc
