Archive member included to satisfy reference by file (symbol)

D:/devkitPro/devkitARM/bin/../lib/gcc/arm-none-eabi/16.1.0/../../../../arm-none-eabi/lib/thumb\libm.a(libm_a-sf_floor.o)
                              ai.o (floorf)
D:/devkitPro/libnds/lib\libmm9.a(mm_comms9.o)
                              main.o (mmEffect)
D:/devkitPro/libnds/lib\libmm9.a(mm_loader.o)
                              main.o (mmInitDefaultMem)
D:/devkitPro/libnds/lib\libmm9.a(mm_stream.o)
                              main.o (mmStreamUpdate)
D:/devkitPro/libnds/lib\libmm9.a(mm_deinterleave.32.o)
                              D:/devkitPro/libnds/lib\libmm9.a(mm_stream.o) (_mmDeinterleave8)
D:/devkitPro/libnds/lib\libfat.a(fat_wrappers.o)
                              main.o (fatInitDefault)
D:/devkitPro/libnds/lib\libfat.a(dvm_calico.o)
                              D:/devkitPro/libnds/lib\libfat.a(fat_wrappers.o) (dvmInit)
D:/devkitPro/libnds/lib\libfat.a(nitrofs.o)
                              main.o (nitroFSInit)
D:/devkitPro/libnds/lib\libfat.a(dvm_disc.o)
                              D:/devkitPro/libnds/lib\libfat.a(fat_wrappers.o) (dvmDiscCreate)
D:/devkitPro/libnds/lib\libfat.a(dvm_cache.o)
                              D:/devkitPro/libnds/lib\libfat.a(fat_wrappers.o) (dvmDiscCacheCreate)
D:/devkitPro/libnds/lib\libfat.a(dvm_volume.o)
                              D:/devkitPro/libnds/lib\libfat.a(fat_wrappers.o) (dvmMountVolume)
D:/devkitPro/libnds/lib\libfat.a(dvm_prober.o)
                              D:/devkitPro/libnds/lib\libfat.a(dvm_calico.o) (dvmProbeMountDisc)
D:/devkitPro/libnds/lib\libfat.a(fat_driver.o)
                              D:/devkitPro/libnds/lib\libfat.a(dvm_volume.o) (g_vfatFsDriver)
D:/devkitPro/libnds/lib\libfat.a(ff.o)
                              D:/devkitPro/libnds/lib\libfat.a(fat_driver.o) (f_mount)
D:/devkitPro/libnds/lib\libfat.a(ffunicode.o)
                              D:/devkitPro/libnds/lib\libfat.a(ff.o) (ff_uni2oem)
D:/devkitPro/libnds/lib\libnds9.a(background.o)
                              main.o (bgUpdate)
D:/devkitPro/libnds/lib\libnds9.a(console.o)
                              main.o (consoleSelect)
D:/devkitPro/libnds/lib\libnds9.a(keys.o)
                              main.o (scanKeys)
D:/devkitPro/libnds/lib\libnds9.a(sassert.o)
                              main.o (__sassert)
D:/devkitPro/libnds/lib\libnds9.a(sound.o)
                              main.o (soundMicRecord)
D:/devkitPro/libnds/lib\libnds9.a(sprite_alloc.o)
                              main.o (oamAllocateGfx)
D:/devkitPro/libnds/lib\libnds9.a(sprite.o)
                              main.o (oamInit)
D:/devkitPro/libnds/lib\libnds9.a(trig.o)
                              D:/devkitPro/libnds/lib\libnds9.a(background.o) (sinLerp)
D:/devkitPro/libnds/lib\libnds9.a(video.o)
                              main.o (setBrightness)
D:/devkitPro/libnds/lib\libnds9.a(default_font.bin.o)
                              D:/devkitPro/libnds/lib\libnds9.a(console.o) (default_font_bin)
D:/devkitPro/calico/lib\libcalico_ds9.a(irq.o)
                              main.o (irqSet)
D:/devkitPro/calico/lib\libcalico_ds9.a(tick.o)
                              D:/devkitPro/libnds/lib\libmm9.a(mm_comms9.o) (tickInit)
D:/devkitPro/calico/lib\libcalico_ds9.a(thread_cold.o)
                              D:/devkitPro/libnds/lib\libmm9.a(mm_stream.o) (threadPrepare)
D:/devkitPro/calico/lib\libcalico_ds9.a(thread_hot.32.o)
                              D:/devkitPro/calico/lib\libcalico_ds9.a(thread_cold.o) (threadSwitchTo)
D:/devkitPro/calico/lib\libcalico_ds9.a(mutex.o)
                              D:/devkitPro/calico/lib\libcalico_ds9.a(thread_cold.o) (threadUpdateDynamicPrio)
D:/devkitPro/calico/lib\libcalico_ds9.a(mailbox.o)
                              D:/devkitPro/libnds/lib\libmm9.a(mm_stream.o) (mailboxTrySend)
D:/devkitPro/calico/lib\libcalico_ds9.a(newlib_syscalls.o)
                              D:/devkitPro/libnds/lib\libfat.a(fat_driver.o) (__errno)
D:/devkitPro/calico/lib\libcalico_ds9.a(arm-copy-fill.32.o)
                              D:/devkitPro/libnds/lib\libfat.a(dvm_calico.o) (armCopyMem32)
D:/devkitPro/calico/lib\libcalico_ds9.a(arm-context.32.o)
                              D:/devkitPro/calico/lib\libcalico_ds9.a(thread_hot.32.o) (armContextSave)
D:/devkitPro/calico/lib\libcalico_ds9.a(arm-shims.32.o)
                              D:/devkitPro/calico/lib\libcalico_ds9.a(thread_cold.o) (armWaitForIrq)
D:/devkitPro/calico/lib\libcalico_ds9.a(arm-cache.32.o)
                              D:/devkitPro/libnds/lib\libmm9.a(mm_loader.o) (armDCacheFlush)
D:/devkitPro/calico/lib\libcalico_ds9.a(startup.crt0.o)
                              D:/devkitPro/libnds/lib\libfat.a(dvm_calico.o) (g_isTwlMode)
D:/devkitPro/calico/lib\libcalico_ds9.a(utils.crt0.o)
                              D:/devkitPro/calico/lib\libcalico_ds9.a(startup.crt0.o) (crt0CopyMem32)
D:/devkitPro/calico/lib\libcalico_ds9.a(pxi.o)
[...]
Memory Configuration

Name             Origin             Length             Attributes
lma9             0x02004000         0x0027c000
lma9i            0x02400000         0x00280000
vectors          0x00000000         0x00000020
itcm             0x01ff8020         0x00007fe0
main             0x02001000         0x00f7f000
dtcm             0x02ff0000         0x00003e80
dldi             0x0380b000         0x00004000
stub             0x0e000000         0x00004000
tls              0x00000000         0x00000400
*default*        0x00000000         0xffffffff

Linker script and memory map

                0x00000000                        __sync_synchronize = __sync_synchronize_none
LOAD D:/devkitPro/devkitARM/bin/../lib/gcc/arm-none-eabi/16.1.0/thumb/crti.o
LOAD D:/devkitPro/devkitARM/bin/../lib/gcc/arm-none-eabi/16.1.0/thumb/crtbegin.o
LOAD soundbank.bin.o
LOAD ai.o
LOAD ancho_banner_0.o
LOAD ancho_banner_1.o
LOAD ancho_banner_2.o
LOAD ancho_banner_3.o
LOAD ancho_banner_shared.o
LOAD arrow_down.o
LOAD arrow_left.o
LOAD arrow_right.o
LOAD arrow_shared.o
LOAD arrow_up.o
LOAD avatar_placeholder.o
LOAD bg_pattern_0.o
LOAD bg_pattern_1.o
LOAD bg_pattern_2.o
LOAD bg_pattern_3.o
LOAD bg_pattern_4.o
LOAD bg_pattern_5.o
LOAD bg_pattern_6.o
LOAD bg_pattern_7.o
LOAD bg_pattern_8.o
LOAD bg_pattern_9.o
LOAD bg_patterns_shared.o
LOAD button_0.o
LOAD button_1.o
LOAD button_2.o
LOAD button_3.o
LOAD button_4.o
LOAD button_5.o
LOAD button_6.o
LOAD buttons_shared.o
LOAD card_back.o
LOAD card_basto_1.o
LOAD card_basto_10.o
LOAD card_basto_11.o
LOAD card_basto_12.o
LOAD card_basto_2.o
LOAD card_basto_3.o
LOAD card_basto_4.o
LOAD card_basto_5.o
LOAD card_basto_6.o
LOAD card_basto_7.o
LOAD card_basto_8.o
LOAD card_basto_9.o
LOAD card_copa_1.o
LOAD card_copa_10.o
LOAD card_copa_11.o
LOAD card_copa_12.o
LOAD card_copa_2.o
LOAD card_copa_3.o
LOAD card_copa_4.o
LOAD card_copa_5.o
LOAD card_copa_6.o
LOAD card_copa_7.o
LOAD card_copa_8.o
LOAD card_copa_9.o
LOAD card_espada_1.o
LOAD card_espada_10.o
LOAD card_espada_11.o
LOAD card_espada_12.o
LOAD card_espada_2.o
LOAD card_espada_3.o
LOAD card_espada_4.o
LOAD card_espada_5.o
LOAD card_espada_6.o
LOAD card_espada_7.o
LOAD card_espada_8.o
LOAD card_espada_9.o
LOAD card_gfx.o
LOAD card_oro_1.o
LOAD card_oro_10.o
LOAD card_oro_11.o
LOAD card_oro_12.o
LOAD card_oro_2.o
LOAD card_oro_3.o
LOAD card_oro_4.o
LOAD card_oro_5.o
LOAD card_oro_6.o
LOAD card_oro_7.o
LOAD card_oro_8.o
LOAD card_oro_9.o
LOAD cards_shared.o
LOAD corner_icons_shared.o
LOAD crown.o
LOAD deck.o
LOAD game.o
LOAD heart_broken.o
LOAD heart_full.o
LOAD hearts_shared.o
LOAD icon_pred.o
LOAD icon_won.o
LOAD leader_frame.o
LOAD lose_text.o
LOAD main.o
LOAD outcome_text_shared.o
LOAD particle.o
LOAD play_button_0.o
LOAD play_button_1.o
LOAD play_button_2.o
LOAD play_button_3.o
LOAD play_button_shared.o
LOAD score_bg.o
LOAD sling_band.o
LOAD studio_splash_0.o
LOAD studio_splash_1.o
LOAD studio_splash_shared.o
LOAD title_bg_0.o
LOAD title_bg_1.o
LOAD title_bg_shared.o
LOAD title_letter_0.o
LOAD title_letter_1.o
LOAD title_letter_2.o
LOAD title_letter_3.o
LOAD title_letter_4.o
LOAD title_letter_5.o
LOAD title_letters_shared.o
LOAD win_text.o
LOAD D:/devkitPro/devkitARM/bin/../lib/gcc/arm-none-eabi/16.1.0/../../../../arm-none-eabi/lib/thumb\libm.a
LOAD D:/devkitPro/libnds/lib\libmm9.a
LOAD D:/devkitPro/libnds/lib\libfat.a
LOAD D:/devkitPro/libnds/lib\libnds9.a
LOAD D:/devkitPro/calico/lib\libcalico_ds9.a
START GROUP
LOAD D:/devkitPro/devkitARM/bin/../lib/gcc/arm-none-eabi/16.1.0/thumb\libgcc.a
LOAD D:/devkitPro/devkitARM/bin/../lib/gcc/arm-none-eabi/16.1.0/../../../../arm-none-eabi/lib/thumb\libg.a
LOAD D:/devkitPro/devkitARM/bin/../lib/gcc/arm-none-eabi/16.1.0/../../../../arm-none-eabi/lib/thumb\libc.a
LOAD D:/devkitPro/devkitARM/bin/../lib/gcc/arm-none-eabi/16.1.0/../../../../arm-none-eabi/lib/thumb\libsysbase.a
END GROUP
LOAD D:/devkitPro/devkitARM/bin/../lib/gcc/arm-none-eabi/16.1.0/thumb/crtend.o
LOAD D:/devkitPro/devkitARM/bin/../lib/gcc/arm-none-eabi/16.1.0/thumb/crtn.o
                0x02ff3e80                        PROVIDE (__sp_usr = (ORIGIN (dtcm) + LENGTH (dtcm)))
                0x02ff3f80                        PROVIDE (__sp_irq = (__sp_usr + 0x100))
                0x02ff3fc0                        PROVIDE (__sp_svc = (__sp_irq + 0x40))
                0x02ff3ff8                        PROVIDE (__irq_flags = (__sp_svc + 0x38))
                [!provide]                        PROVIDE (__irq_vector = (__sp_svc + 0x3c))
                [!provide]                        PROVIDE (__arm_excpt_rst = 0xffff0000)
                [!provide]                        PROVIDE (__arm_excpt_und = 0xffff0004)
                0xffff0008                        PROVIDE (__arm_excpt_svc = 0xffff0008)
                [!provide]                        PROVIDE (__arm_excpt_pabt = 0xffff000c)
                [!provide]                        PROVIDE (__arm_excpt_dabt = 0xffff0010)
                [!provide]                        PROVIDE (__arm_excpt_irq = 0xffff0018)
                [!provide]                        PROVIDE (__arm_excpt_fiq = 0xffff001c)
                0x00000000                        PROVIDE (__end__ = 0x0)

.secure         0x0e000000      0x800 load address 0x02004000
                0x0e0007fc                        . = (. + 0x7fc)
 *fill*         0x0e000000      0x7fc 00000000
                0x0e0007fc        0x4 LONG 0x0

.bootstub       0x0e000800      0x198 load address 0x02004800
 *(.bootstub .bootstub.*)
 .bootstub.__ds9_bootstub
                0x0e000800      0x198 D:/devkitPro/calico/lib\libcalico_ds9.a(bootstub_arm9.o)
                0x0e000800                __ds9_bootstub
                0x0e000998                        . = ALIGN (0x4)

.crt0           0x02001000      0x3c0 load address 0x02004998
 *(.crt0 .crt0.*)
 .crt0.__ds9_bootstub_trampoline
                0x02001000       0x60 D:/devkitPro/calico/lib\libcalico_ds9.a(bootstub_arm9.o)
 *.crt0.*(.text .stub .text.* .gnu.linkonce.t.*)
 .text.crt0ProcessLoadList
                0x02001060       0x74 D:/devkitPro/calico/lib\libcalico_ds9.a(startup.crt0.o)
                0x02001060                crt0ProcessLoadList
 .text.crt0Startup
                0x020010d4      0x180 D:/devkitPro/calico/lib\libcalico_ds9.a(startup.crt0.o)
                0x020010d4                crt0Startup
 .text.crt0CopyMem32
                0x02001254       0x4c D:/devkitPro/calico/lib\libcalico_ds9.a(utils.crt0.o)
                0x02001254                crt0CopyMem32
 .text.crt0FillMem32
                0x020012a0       0x58 D:/devkitPro/calico/lib\libcalico_ds9.a(utils.crt0.o)
                0x020012a0                crt0FillMem32
 .text.crt0SetupMPU
                0x020012f8       0xb4 D:/devkitPro/calico/lib\libcalico_ds9.a(mpu_setup.crt0.o)
                0x020012f8                crt0SetupMPU
 *.crt0.*(.glue_7t .glue_7 .vfp11_veneer .v4_bx)
 *.crt0.*(.rodata .rodata.* .gnu.linkonce.r.*)
 *.crt0.*(.rodata1)
                0x020013c0                        . = ALIGN (0x20)
 *fill*         0x020013ac       0x14 ff
                0x02004998                        PROVIDE (__crt0_lma = LOADADDR (.crt0))
                0x02001000                        PROVIDE (__crt0_start = ADDR (.crt0))
                0x020013c0                        PROVIDE (__crt0_end = (ADDR (.crt0) + SIZEOF (.crt0)))
                0x00000001                        ASSERT (((__crt0_end <= LOADADDR (.bootstub)) || (__crt0_start >= (LOADADDR (.bootstub) + SIZEOF (.bootstub)))), Error: crt0 section overlaps initial bootstrap)

.dldi           0x0380b000     0x4000 load address 0x02004d58
 *(.dldi)
 .dldi          0x0380b000     0x4000 D:/devkitPro/calico/lib\libcalico_ds9.a(dldi_stub.o)
                0x0380b000                __dldi_start
                0x02004d58                        PROVIDE (__dldi_lma = SIZEOF (.dldi)?LOADADDR (.dldi):0x0)

.vectors        0x00000000       0x20 load address 0x02008d58
 *(.vectors)
 .vectors       0x00000000       0x20 D:/devkitPro/calico/lib\libcalico_ds9.a(bootstub_arm9.o)

.itcm           0x01ff8020      0x7c8 load address 0x02008d78
 *(.itcm .itcm.*)
 .itcm          0x01ff8020       0x30 D:/devkitPro/calico/lib\libcalico_ds9.a(bootstub_arm9.o)
                0x01ff8038                __excpt_vectors
 *.itcm.*(.text .stub .text.* .gnu.linkonce.t.*)
 *.32.o(.text .stub .text.* .gnu.linkonce.t.*)
 .text._mmDeinterleave8
                0x01ff8050       0x54 D:/devkitPro/libnds/lib\libmm9.a(mm_deinterleave.32.o)
                0x01ff8050                _mmDeinterleave8
 .text._mmDeinterleave16
                0x01ff80a4       0x54 D:/devkitPro/libnds/lib\libmm9.a(mm_deinterleave.32.o)
                0x01ff80a4                _mmDeinterleave16
 .text.threadSwitchTo
                0x01ff80f8       0x7c D:/devkitPro/calico/lib\libcalico_ds9.a(thread_hot.32.o)
                0x01ff80f8                threadSwitchTo
 .text.threadBlock
                0x01ff8174       0xd4 D:/devkitPro/calico/lib\libcalico_ds9.a(thread_hot.32.o)
                0x01ff8174                threadBlock
 .text.threadUnblockOneByValue
                0x01ff8248       0xd4 D:/devkitPro/calico/lib\libcalico_ds9.a(thread_hot.32.o)
                0x01ff8248                threadUnblockOneByValue
 .text.threadUnblockAllByValue
                0x01ff831c      0x138 D:/devkitPro/calico/lib\libcalico_ds9.a(thread_hot.32.o)
                0x01ff831c                threadUnblockAllByValue
 .text.threadUnblockAllByMask
                0x01ff8454       0xf0 D:/devkitPro/calico/lib\libcalico_ds9.a(thread_hot.32.o)
                0x01ff8454                threadUnblockAllByMask
 .text.armCopyMem32
                0x01ff8544       0x4c D:/devkitPro/calico/lib\libcalico_ds9.a(arm-copy-fill.32.o)
                0x01ff8544                armCopyMem32
 .text.armFillMem32
                0x01ff8590       0x58 D:/devkitPro/calico/lib\libcalico_ds9.a(arm-copy-fill.32.o)
                0x01ff8590                armFillMem32
 .text.armContextSave
                0x01ff85e8       0x2c D:/devkitPro/calico/lib\libcalico_ds9.a(arm-context.32.o)
                0x01ff85e8                armContextSave
 .text.armContextLoad
                0x01ff8614       0x20 D:/devkitPro/calico/lib\libcalico_ds9.a(arm-context.32.o)
                0x01ff8614                armContextLoad
                0x01ff8618                armContextLoadFromSvc
 .text.armWaitForIrq
                0x01ff8634        0x8 D:/devkitPro/calico/lib\libcalico_ds9.a(arm-shims.32.o)
                0x01ff8634                armWaitForIrq
 .text.armDrainWriteBuffer
                0x01ff863c        0xc D:/devkitPro/calico/lib\libcalico_ds9.a(arm-cache.32.o)
                0x01ff863c                armDrainWriteBuffer
 .text.armDCacheFlushAll
                0x01ff8648       0x28 D:/devkitPro/calico/lib\libcalico_ds9.a(arm-cache.32.o)
                0x01ff8648                armDCacheFlushAll
 .text.armDCacheFlush
                0x01ff8670       0x1c D:/devkitPro/calico/lib\libcalico_ds9.a(arm-cache.32.o)
                0x01ff8670                armDCacheFlush
 .text.armDCacheInvalidate
                0x01ff868c       0x1c D:/devkitPro/calico/lib\libcalico_ds9.a(arm-cache.32.o)
                0x01ff868c                armDCacheInvalidate
 .text.armICacheInvalidateAll
                0x01ff86a8        0xc D:/devkitPro/calico/lib\libcalico_ds9.a(arm-cache.32.o)
                0x01ff86a8                armICacheInvalidateAll
 .text.__excpt_entry
                0x01ff86b4       0x50 D:/devkitPro/calico/lib\libcalico_ds9.a(excpt_handler.32.o)
                0x01ff86b4                __arm_excpt_rst
                0x01ff86b8                __arm_excpt_pabt
                0x01ff86bc                __arm_excpt_und
                0x01ff86c8                __arm_excpt_dabt
 .text.__arm_excpt_irq
                0x01ff8704       0xe4 D:/devkitPro/calico/lib\libcalico_ds9.a(irq_handler.32.o)
                0x01ff8704                __arm_excpt_irq
 *.itcm.*(.glue_7t .glue_7 .vfp11_veneer .v4_bx)
 *.32.o(.glue_7t .glue_7 .vfp11_veneer .v4_bx)
 *.itcm.*(.rodata .rodata.* .gnu.linkonce.r.*)
 *.32.o(.rodata .rodata.* .gnu.linkonce.r.*)
 *.itcm.*(.rodata1)
 *.32.o(.rodata1)
                0x01ff87e8                        . = ALIGN (0x4)
                0x02008d58                        PROVIDE (__itcm_lma = LOADADDR (.vectors))
                0x01ff8000                        PROVIDE (__itcm_start = (ADDR (.itcm) - SIZEOF (.vectors)))
                0x01ff87e8                        PROVIDE (__itcm_end = (ADDR (.itcm) + SIZEOF (.itcm)))
                0x00000001                        ASSERT (((__itcm_lma + SIZEOF (.vectors)) == LOADADDR (.itcm)), Error: gap between vectors and itcm)

.dtcm           0x02ff0000        0x0 load address 0x02009540
 *(.dtcm .dtcm.*)
 *.32.o(.data .data.* .gnu.linkonce.d.*)
 *.32.o(.data1)
                0x02ff0000                        . = ALIGN (0x4)
                [!provide]                        PROVIDE (__dtcm_lma = LOADADDR (.dtcm))
                0x02ff0000                        PROVIDE (__dtcm_start = ADDR (.dtcm))
                0x02ff0000                        PROVIDE (__dtcm_end = (ADDR (.dtcm) + SIZEOF (.dtcm)))

.dtcm.bss       0x02ff0000       0x98 load address 0x02009540
 *(.sbss .sbss.*)
 *.32.o(.dynbss)
 *.32.o(.bss .bss.* .gnu.linkonce.b.*)
 .bss.__irq_table
                0x02ff0000       0x80 D:/devkitPro/calico/lib\libcalico_ds9.a(thread_hot.32.o)
                0x02ff0000                __irq_table
 .bss.__sched_state
                0x02ff0080       0x18 D:/devkitPro/calico/lib\libcalico_ds9.a(thread_hot.32.o)
                0x02ff0080                __sched_state
 *.32.o(COMMON)
                0x02ff0098                        . = ALIGN (0x4)
                [!provide]                        PROVIDE (__dtcm_bss_start = ADDR (.dtcm.bss))
                0x02ff0098                        PROVIDE (__dtcm_bss_end = (ADDR (.dtcm.bss) + SIZEOF (.dtcm.bss)))

.main           0x020013c0    0xe1c78 load address 0x02009540
 *(SORT_NONE(.init))
 .init          0x020013c0        0x4 D:/devkitPro/devkitARM/bin/../lib/gcc/arm-none-eabi/16.1.0/thumb/crti.o
                0x020013c0                _init
 .init          0x020013c4        0x8 D:/devkitPro/devkitARM/bin/../lib/gcc/arm-none-eabi/16.1.0/thumb/crtn.o
 EXCLUDE_FILE(*.twl.*) *(.text.unlikely .text.*_unlikely .text.unlikely.*)
 EXCLUDE_FILE(*.twl.*) *(.text.exit .text.exit.*)
 .text.exit     0x020013cc       0x24 D:/devkitPro/devkitARM/bin/../lib/gcc/arm-none-eabi/16.1.0/../../../../arm-none-eabi/lib/thumb\libg.a(libc_a-exit.o)
                0x020013cc                exit
 EXCLUDE_FILE(*.twl.*) *(.text.startup .text.startup.*)
 .text.startup.main
                0x020013f0     0x102c main.o
                0x020013f0                main
 .text.startup._soundEnsureInit
                0x0200241c        0xc D:/devkitPro/libnds/lib\libnds9.a(sound.o)
 EXCLUDE_FILE(*.twl.*) *(.text.hot .text.hot.*)
 EXCLUDE_FILE(*.twl.*) *(.text .iplt .stub .text.* .gnu.linkonce.t.*)
 .text.__do_global_dtors_aux
                0x02002428       0x2c D:/devkitPro/devkitARM/bin/../lib/gcc/arm-none-eabi/16.1.0/thumb/crtbegin.o
 .text.frame_dummy
                0x02002454       0x24 D:/devkitPro/devkitARM/bin/../lib/gcc/arm-none-eabi/16.1.0/thumb/crtbegin.o
 .iplt          0x02002478        0x0 D:/devkitPro/devkitARM/bin/../lib/gcc/arm-none-eabi/16.1.0/thumb/crtbegin.o
 .text.sort_by_rank_asc
                0x02002478       0x7c ai.o
 .text.clamp_prediction
                0x020024f4       0x58 ai.o
 .text.decide_card_base
                0x0200254c      0x2ec ai.o
 .text.decide_card_hard
                0x02002838      0x4f0 ai.o
 .text.decide_card_montecarlo
                0x02002d28      0x390 ai.o
 .text.ai_decide_prediction
                0x020030b8      0x2c8 ai.o
                0x020030b8                ai_decide_prediction
 .text.ai_decide_card
                0x02003380       0x2c ai.o
                0x02003380                ai_decide_card
 .text.card_tiles_for
                0x020033ac       0x18 card_gfx.o
                0x020033ac                card_tiles_for
 .text.card_back_tiles
                0x020033c4        0x8 card_gfx.o
                0x020033c4                card_back_tiles
 .text.deck_create
                0x020033cc       0x28 deck.o
                0x020033cc                deck_create
 .text.deck_shuffle
                0x020033f4       0x48 deck.o
                0x020033f4                deck_shuffle
 .text.card_rank
                0x0200343c       0x2c deck.o
                0x0200343c                card_rank
 .text.build_active_order_from
                0x02003468       0xac game.o
 .text.start_hand
                0x02003514      0x214 game.o
 .text.game_active_player_count
                0x02003728       0x2c game.o
                0x02003728                game_active_player_count
 .text.game_create_match
                0x02003754       0xa0 game.o
                0x02003754                game_create_match
 .text.game_get_forbidden_prediction
                0x020037f4       0x58 game.o
                0x020037f4                game_get_forbidden_prediction
 .text.game_submit_prediction
                0x0200384c      0x158 game.o
                0x0200384c                game_submit_prediction
 .text.game_get_current_player_to_act_id
                0x020039a4       0x34 game.o
                0x020039a4                game_get_current_player_to_act_id
 .text.game_play_card
                0x020039d8      0x1b8 game.o
                0x020039d8                game_play_card
 .text.game_continue_after_trick
                0x02003b90      0x164 game.o
                0x02003b90                game_continue_after_trick
 .text.game_start_next_hand
                0x02003cf4       0x14 game.o
                0x02003cf4                game_start_next_hand
 .text.vblank_handler
                0x02003d08       0x10 main.o
 .text.anim_step
                0x02003d18       0x50 main.o
 .text.mic_handler
                0x02003d68       0x3c main.o
 .text.bgSetPriority
                0x02003da4       0x1c main.o
 .text.update_title_logo_idle
                0x02003dc0      0x10c main.o
 .text.hide_hand_end_icons
                0x02003ecc       0xac main.o
 .text.hide_corner_icons
                0x02003f78       0xa8 main.o
 .text.render_play_button
                0x02004020       0x84 main.o
 .text.hide_bottom_status
                0x020040a4      0x124 main.o
 .text.hide_predict_buttons
                0x020041c8       0x68 main.o
 .text.update_dragged_card_position
                0x02004230       0x50 main.o
 .text.render_slingshot
                0x02004280       0x90 main.o
 .text.hand_slide_tick
                0x02004310       0xdc main.o
 .text.hide_slingshot
                0x020043ec       0x68 main.o
 .text.render_score_corners
                0x02004454      0x1dc main.o
 .text.pick_ai_names
                0x02004630       0x70 main.o
 .text.render_hand_sprites
                0x020046a0      0x144 main.o
 .text.render_trick_sprites
                0x020047e4      0x33c main.o
 .text.play_card_sfx
                0x02004b20       0xf4 main.o
 .text.render_bottom_predict
                0x02004c14      0x154 main.o
 .text.render_tutorial_step
                0x02004d68      0x1e0 main.o
 .text.save_settings
                0x02004f48       0x74 main.o
 .text.hand_touch_to_index
                0x02004fbc       0x70 main.o
 .text.music_stream_callback
                0x0200502c       0x6c main.o
 .text.render_bottom_status.part.0
                0x02005098      0x18c main.o
 .text.hsv_to_rgb15.constprop.0
                0x02005224       0xa8 main.o
 .text.hide_all_gameplay_sprites
                0x020052cc       0x38 main.o
 .text.apply_bg_pattern
                0x02005304       0xf0 main.o
 .text.show_outcome_screen
                0x020053f4       0xcc main.o
 .text.show_title_background.part.0
                0x020054c0      0x144 main.o
 .text.hero_anim_step_and_apply
                0x02005604       0xcc main.o
 .text.update_background_scroll
                0x020056d0      0x2b8 main.o
 .text.render_title_logo
                0x02005988      0x1f0 main.o
 .text.celebrate_ancho
                0x02005b78      0x248 main.o
 .text.animate_drag_snap_back
                0x02005dc0       0xec main.o
 .text.idle_hand_drag_step
                0x02005eac      0x234 main.o
 .text.run_match_end_menu
                0x020060e0      0x130 main.o
 .text.run_pause_menu
                0x02006210      0x144 main.o
 .text.animate_hand_deal
                0x02006354      0x264 main.o
 .text.run_match
                0x020065b8     0x1344 main.o
 .text.show_main_menu
                0x020078fc      0xbbc main.o
 .text.floorf   0x020084b8       0xa4 D:/devkitPro/devkitARM/bin/../lib/gcc/arm-none-eabi/16.1.0/../../../../arm-none-eabi/lib/thumb\libm.a(libm_a-sf_floor.o)
                0x020084b8                floorf
 .text._mmPxiHandler
                0x0200855c       0x78 D:/devkitPro/libnds/lib\libmm9.a(mm_comms9.o)
 .text._mmCreateEffectHandle
                0x020085d4       0x7c D:/devkitPro/libnds/lib\libmm9.a(mm_comms9.o)
 .text.mmInit   0x02008650       0x78 D:/devkitPro/libnds/lib\libmm9.a(mm_comms9.o)
                0x02008650                mmInit
 .text.mmLockChannels
                0x020086c8       0x30 D:/devkitPro/libnds/lib\libmm9.a(mm_comms9.o)
                0x020086c8                mmLockChannels
 .text.mmUnlockChannels
                0x020086f8       0x3c D:/devkitPro/libnds/lib\libmm9.a(mm_comms9.o)
                0x020086f8                mmUnlockChannels
 .text.mmEffect
                0x02008734       0x44 D:/devkitPro/libnds/lib\libmm9.a(mm_comms9.o)
                0x02008734                mmEffect
 .text._mmLoadSample
                0x02008778       0x80 D:/devkitPro/libnds/lib\libmm9.a(mm_loader.o)
 .text.mmInitDefaultMem
                0x020087f8       0xc0 D:/devkitPro/libnds/lib\libmm9.a(mm_loader.o)
                0x020087f8                mmInitDefaultMem
 .text.mmLoadEffect
                0x020088b8       0x3c D:/devkitPro/libnds/lib\libmm9.a(mm_loader.o)
                0x020088b8                mmLoadEffect
 .text._mmStreamStop
                0x020088f4       0x2c D:/devkitPro/libnds/lib\libmm9.a(mm_stream.o)
 .text._mmStreamRead
                0x02008920       0xdc D:/devkitPro/libnds/lib\libmm9.a(mm_stream.o)
 .text._mmStreamRefill
                0x020089fc       0x8c D:/devkitPro/libnds/lib\libmm9.a(mm_stream.o)
 .text._mmStreamStart
                0x02008a88       0x64 D:/devkitPro/libnds/lib\libmm9.a(mm_stream.o)
 .text._mmStreamGetPosition
                0x02008aec       0x80 D:/devkitPro/libnds/lib\libmm9.a(mm_stream.o)
 .text._mmStreamTickTask
                0x02008b6c       0x2c D:/devkitPro/libnds/lib\libmm9.a(mm_stream.o)
 .text._mmStreamThread
                0x02008b98       0x9c D:/devkitPro/libnds/lib\libmm9.a(mm_stream.o)
 .text.mmStreamUpdate
                0x02008c34       0x54 D:/devkitPro/libnds/lib\libmm9.a(mm_stream.o)
                0x02008c34                mmStreamUpdate
 .text.mmStreamClose
                0x02008c88       0x7c D:/devkitPro/libnds/lib\libmm9.a(mm_stream.o)
                0x02008c88                mmStreamClose
 .text.mmStreamOpen
                0x02008d04      0x2b4 D:/devkitPro/libnds/lib\libmm9.a(mm_stream.o)
                0x02008d04                mmStreamOpen
 .text.fatInitDefault
                0x02008fb8       0x20 D:/devkitPro/libnds/lib\libfat.a(fat_wrappers.o)
                0x02008fb8                fatInitDefault
 .text._dvmDiscCalicoDummy
                0x02008fd8        0x4 D:/devkitPro/libnds/lib\libfat.a(dvm_calico.o)
 .text._dvmDiscCalicoWriteSectors
                0x02008fdc        0x8 D:/devkitPro/libnds/lib\libfat.a(dvm_calico.o)
 .text._dvmDiscCalicoReadSectors
                0x02008fe4        0x8 D:/devkitPro/libnds/lib\libfat.a(dvm_calico.o)
 .text._dvmIsAlignedAccess
                0x02008fec       0x30 D:/devkitPro/libnds/lib\libfat.a(dvm_calico.o)
                0x02008fec                _dvmIsAlignedAccess
 .text._dvmCacheCopy
                0x0200901c       0x14 D:/devkitPro/libnds/lib\libfat.a(dvm_calico.o)
                0x0200901c                _dvmCacheCopy
 .text.dvmInit  0x02009030      0x268 D:/devkitPro/libnds/lib\libfat.a(dvm_calico.o)
                0x02009030                dvmInit
 .text._nitroFS_close_r
                0x02009298        0x8 D:/devkitPro/libnds/lib\libfat.a(nitrofs.o)
 .text._nitroFS_read_r
                0x020092a0       0x98 D:/devkitPro/libnds/lib\libfat.a(nitrofs.o)
 .text._nitroFS_seek_r
                0x02009338       0xb4 D:/devkitPro/libnds/lib\libfat.a(nitrofs.o)
 .text._nitroFS_dirreset_r
                0x020093ec       0x20 D:/devkitPro/libnds/lib\libfat.a(nitrofs.o)
 .text._nitroFS_diropen_r
                0x0200940c       0xc4 D:/devkitPro/libnds/lib\libfat.a(nitrofs.o)
 .text._nitroFS_dirclose_r
                0x020094d0        0x8 D:/devkitPro/libnds/lib\libfat.a(nitrofs.o)
 .text._nitroFS_chdir_r
                0x020094d8       0x7c D:/devkitPro/libnds/lib\libfat.a(nitrofs.o)
 .text._nitroFS_open_r
                0x02009554       0x90 D:/devkitPro/libnds/lib\libfat.a(nitrofs.o)
 .text._nitroFS_fstat_r
                0x020095e4       0x80 D:/devkitPro/libnds/lib\libfat.a(nitrofs.o)
 .text._nitroFS_stat_r
                0x02009664       0xe0 D:/devkitPro/libnds/lib\libfat.a(nitrofs.o)
 .text._nitroFS_dirnext_r
                0x02009744      0x1f4 D:/devkitPro/libnds/lib\libfat.a(nitrofs.o)
 .text.nitroFSInit
                0x02009938       0x90 D:/devkitPro/libnds/lib\libfat.a(nitrofs.o)
                0x02009938                nitroFSInit
 .text.dvmDiscAddUser
                0x020099c8       0x10 D:/devkitPro/libnds/lib\libfat.a(dvm_disc.o)
                0x020099c8                dvmDiscAddUser
 .text.dvmDiscRemoveUser
                0x020099d8       0x24 D:/devkitPro/libnds/lib\libfat.a(dvm_disc.o)
                0x020099d8                dvmDiscRemoveUser
 .text._dvmDiscCacheReadWrite
                0x020099fc      0x408 D:/devkitPro/libnds/lib\libfat.a(dvm_cache.o)
 .text._dvmDiscCacheWriteSectors
                0x02009e04       0x58 D:/devkitPro/libnds/lib\libfat.a(dvm_cache.o)
 .text._dvmDiscCacheReadSectors
                0x02009e5c       0x58 D:/devkitPro/libnds/lib\libfat.a(dvm_cache.o)
 .text._dvmDiscCacheFlush
                0x02009eb4       0xb0 D:/devkitPro/libnds/lib\libfat.a(dvm_cache.o)
 .text._dvmDiscCacheDestroy
                0x02009f64       0x28 D:/devkitPro/libnds/lib\libfat.a(dvm_cache.o)
 .text.dvmDiscCacheCreate
                0x02009f8c      0x1ac D:/devkitPro/libnds/lib\libfat.a(dvm_cache.o)
                0x02009f8c                dvmDiscCacheCreate
 .text.dvmMountVolume
                0x0200a138      0x188 D:/devkitPro/libnds/lib\libfat.a(dvm_volume.o)
                0x0200a138                dvmMountVolume
 .text._dvmSetAppWorkingDir
                0x0200a2c0       0x74 D:/devkitPro/libnds/lib\libfat.a(dvm_volume.o)
                0x0200a2c0                _dvmSetAppWorkingDir
 .text._dvmIdentMbrVbr
                0x0200a334      0x1d8 D:/devkitPro/libnds/lib\libfat.a(dvm_prober.o)
 .text.dvmReadPartitionTable
                0x0200a50c      0x238 D:/devkitPro/libnds/lib\libfat.a(dvm_prober.o)
                0x0200a50c                dvmReadPartitionTable
 .text.dvmProbeMountDisc
                0x0200a744       0xcc D:/devkitPro/libnds/lib\libfat.a(dvm_prober.o)
                0x0200a744                dvmProbeMountDisc
 .text._FAT_fstat_r
                0x0200a810       0xbc D:/devkitPro/libnds/lib\libfat.a(fat_driver.o)
 .text._FAT_umount
                0x0200a8cc       0x1c D:/devkitPro/libnds/lib\libfat.a(fat_driver.o)
 .text._FAT_mount
                0x0200a8e8       0x44 D:/devkitPro/libnds/lib\libfat.a(fat_driver.o)
 .text._FAT_seek_r
                0x0200a92c      0x13c D:/devkitPro/libnds/lib\libfat.a(fat_driver.o)
 .text._FAT_set_stat
                0x0200aa68      0x104 D:/devkitPro/libnds/lib\libfat.a(fat_driver.o)
 .text._FAT_mkdir_r
                0x0200ab6c       0x64 D:/devkitPro/libnds/lib\libfat.a(fat_driver.o)
 .text._FAT_chdir_r
                0x0200abd0       0x64 D:/devkitPro/libnds/lib\libfat.a(fat_driver.o)
 .text._FAT_unlink_r
                0x0200ac34       0x70 D:/devkitPro/libnds/lib\libfat.a(fat_driver.o)
 .text._FAT_rmdir_r
                0x0200aca4       0x6c D:/devkitPro/libnds/lib\libfat.a(fat_driver.o)
 .text._FAT_diropen_r
                0x0200ad10       0x7c D:/devkitPro/libnds/lib\libfat.a(fat_driver.o)
 .text._FAT_fsync_r
                0x0200ad8c       0x64 D:/devkitPro/libnds/lib\libfat.a(fat_driver.o)
 .text._FAT_close_r
                0x0200adf0       0x64 D:/devkitPro/libnds/lib\libfat.a(fat_driver.o)
 .text._FAT_dirclose_r
                0x0200ae54       0x64 D:/devkitPro/libnds/lib\libfat.a(fat_driver.o)
 .text._FAT_dirreset_r
                0x0200aeb8       0x6c D:/devkitPro/libnds/lib\libfat.a(fat_driver.o)
 .text._FAT_rename_r
                0x0200af24       0x80 D:/devkitPro/libnds/lib\libfat.a(fat_driver.o)
 .text._FAT_stat_r
                0x0200afa4       0x94 D:/devkitPro/libnds/lib\libfat.a(fat_driver.o)
 .text._FAT_read_r
                0x0200b038       0x7c D:/devkitPro/libnds/lib\libfat.a(fat_driver.o)
 .text._FAT_write_r
                0x0200b0b4       0x7c D:/devkitPro/libnds/lib\libfat.a(fat_driver.o)
 .text._FAT_statvfs_r
                0x0200b130       0xf4 D:/devkitPro/libnds/lib\libfat.a(fat_driver.o)
 .text._FAT_ftruncate_r
                0x0200b224      0x190 D:/devkitPro/libnds/lib\libfat.a(fat_driver.o)
 .text._FAT_dirnext_r
                0x0200b3b4      0x120 D:/devkitPro/libnds/lib\libfat.a(fat_driver.o)
 .text._FAT_open_r
                0x0200b4d4      0x124 D:/devkitPro/libnds/lib\libfat.a(fat_driver.o)
 .text.get_fattime
                0x0200b5f8       0x64 D:/devkitPro/libnds/lib\libfat.a(fat_driver.o)
                0x0200b5f8                get_fattime
 .text.ff_mutex_create
                0x0200b65c       0x18 D:/devkitPro/libnds/lib\libfat.a(fat_driver.o)
                0x0200b65c                ff_mutex_create
 .text.ff_mutex_delete
                0x0200b674        0x4 D:/devkitPro/libnds/lib\libfat.a(fat_driver.o)
                0x0200b674                ff_mutex_delete
 .text.ff_mutex_take
                0x0200b678       0x14 D:/devkitPro/libnds/lib\libfat.a(fat_driver.o)
                0x0200b678                ff_mutex_take
 .text.ff_mutex_give
                0x0200b68c        0x8 D:/devkitPro/libnds/lib\libfat.a(fat_driver.o)
                0x0200b68c                ff_mutex_give
 .text.disk_initialize
                0x0200b694       0x24 D:/devkitPro/libnds/lib\libfat.a(fat_driver.o)
                0x0200b694                disk_initialize
 .text.disk_status
                0x0200b6b8       0x24 D:/devkitPro/libnds/lib\libfat.a(fat_driver.o)
                0x0200b6b8                disk_status
 .text.disk_read
                0x0200b6dc       0x2c D:/devkitPro/libnds/lib\libfat.a(fat_driver.o)
                0x0200b6dc                disk_read
 .text.disk_write
                0x0200b708       0x2c D:/devkitPro/libnds/lib\libfat.a(fat_driver.o)
                0x0200b708                disk_write
 .text.disk_ioctl
                0x0200b734       0x38 D:/devkitPro/libnds/lib\libfat.a(fat_driver.o)
                0x0200b734                disk_ioctl
 .text.tchar2uni
                0x0200b76c       0xfc D:/devkitPro/libnds/lib\libfat.a(ff.o)
 .text.sync_window
                0x0200b868       0x90 D:/devkitPro/libnds/lib\libfat.a(ff.o)
 .text.put_utf  0x0200b8f8      0x130 D:/devkitPro/libnds/lib\libfat.a(ff.o)
 .text.dir_clear
                0x0200ba28       0x9c D:/devkitPro/libnds/lib\libfat.a(ff.o)
 .text.get_fileinfo
                0x0200bac4      0x28c D:/devkitPro/libnds/lib\libfat.a(ff.o)
 .text.sync_fs  0x0200bd50      0x180 D:/devkitPro/libnds/lib\libfat.a(ff.o)
 .text.move_window
                0x0200bed0       0xc4 D:/devkitPro/libnds/lib\libfat.a(ff.o)
 .text.put_fat.part.0
                0x0200bf94      0x1dc D:/devkitPro/libnds/lib\libfat.a(ff.o)
 .text.get_fat.isra.0
                0x0200c170      0x160 D:/devkitPro/libnds/lib\libfat.a(ff.o)
 .text.remove_chain
                0x0200c2d0       0xf4 D:/devkitPro/libnds/lib\libfat.a(ff.o)
 .text.create_chain
                0x0200c3c4      0x21c D:/devkitPro/libnds/lib\libfat.a(ff.o)
 .text.dir_next
                0x0200c5e0      0x170 D:/devkitPro/libnds/lib\libfat.a(ff.o)
 .text.dir_read
                0x0200c750      0x248 D:/devkitPro/libnds/lib\libfat.a(ff.o)
 .text.dir_sdi  0x0200c998      0x128 D:/devkitPro/libnds/lib\libfat.a(ff.o)
 .text.dir_alloc
                0x0200cac0       0xcc D:/devkitPro/libnds/lib\libfat.a(ff.o)
 .text.dir_remove
                0x0200cb8c       0xc4 D:/devkitPro/libnds/lib\libfat.a(ff.o)
 .text.dir_find
                0x0200cc50      0x2f8 D:/devkitPro/libnds/lib\libfat.a(ff.o)
 .text.follow_path
                0x0200cf48      0x590 D:/devkitPro/libnds/lib\libfat.a(ff.o)
 .text.dir_register
                0x0200d4d8      0x434 D:/devkitPro/libnds/lib\libfat.a(ff.o)
 .text.check_fs
                0x0200d90c      0x1ec D:/devkitPro/libnds/lib\libfat.a(ff.o)
 .text.mount_volume.part.0
                0x0200daf8      0x504 D:/devkitPro/libnds/lib\libfat.a(ff.o)
 .text.validate
                0x0200dffc       0xbc D:/devkitPro/libnds/lib\libfat.a(ff.o)
 .text.f_mount  0x0200e0b8       0x6c D:/devkitPro/libnds/lib\libfat.a(ff.o)
                0x0200e0b8                f_mount
 .text.f_umount
                0x0200e124       0x38 D:/devkitPro/libnds/lib\libfat.a(ff.o)
                0x0200e124                f_umount
 .text.f_open   0x0200e15c      0x400 D:/devkitPro/libnds/lib\libfat.a(ff.o)
                0x0200e15c                f_open
 .text.f_read   0x0200e55c      0x2a4 D:/devkitPro/libnds/lib\libfat.a(ff.o)
                0x0200e55c                f_read
 .text.f_write  0x0200e800      0x350 D:/devkitPro/libnds/lib\libfat.a(ff.o)
                0x0200e800                f_write
 .text.f_sync   0x0200eb50      0x1a0 D:/devkitPro/libnds/lib\libfat.a(ff.o)
                0x0200eb50                f_sync
 .text.f_close  0x0200ecf0       0x58 D:/devkitPro/libnds/lib\libfat.a(ff.o)
                0x0200ecf0                f_close
 .text.f_chdir  0x0200ed48       0xf0 D:/devkitPro/libnds/lib\libfat.a(ff.o)
                0x0200ed48                f_chdir
 .text.f_lseek  0x0200ee38      0x298 D:/devkitPro/libnds/lib\libfat.a(ff.o)
                0x0200ee38                f_lseek
 .text.f_opendir
                0x0200f0d0      0x12c D:/devkitPro/libnds/lib\libfat.a(ff.o)
                0x0200f0d0                f_opendir
 .text.f_closedir
                0x0200f1fc       0xb0 D:/devkitPro/libnds/lib\libfat.a(ff.o)
                0x0200f1fc                f_closedir
 .text.f_readdir
                0x0200f2ac       0xd0 D:/devkitPro/libnds/lib\libfat.a(ff.o)
                0x0200f2ac                f_readdir
 .text.f_stat   0x0200f37c      0x104 D:/devkitPro/libnds/lib\libfat.a(ff.o)
                0x0200f37c                f_stat
 .text.f_getfree
                0x0200f480      0x184 D:/devkitPro/libnds/lib\libfat.a(ff.o)
                0x0200f480                f_getfree
 .text.f_truncate
                0x0200f604      0x228 D:/devkitPro/libnds/lib\libfat.a(ff.o)
                0x0200f604                f_truncate
 .text.f_unlink
                0x0200f82c      0x1a4 D:/devkitPro/libnds/lib\libfat.a(ff.o)
                0x0200f82c                f_unlink
 .text.f_mkdir  0x0200f9d0      0x294 D:/devkitPro/libnds/lib\libfat.a(ff.o)
                0x0200f9d0                f_mkdir
 .text.f_rename
                0x0200fc64      0x248 D:/devkitPro/libnds/lib\libfat.a(ff.o)
                0x0200fc64                f_rename
 .text.ff_uni2oem
                0x0200feac       0x78 D:/devkitPro/libnds/lib\libfat.a(ffunicode.o)
                0x0200feac                ff_uni2oem
 .text.ff_oem2uni
                0x0200ff24       0x40 D:/devkitPro/libnds/lib\libfat.a(ffunicode.o)
                0x0200ff24                ff_oem2uni
 .text.ff_wtoupper
                0x0200ff64      0x128 D:/devkitPro/libnds/lib\libfat.a(ffunicode.o)
                0x0200ff64                ff_wtoupper
 .text.checkIfText
                0x0201008c       0x6c D:/devkitPro/libnds/lib\libnds9.a(background.o)
                0x0201008c                checkIfText
 .text.bgUpdate
                0x020100f8       0xe8 D:/devkitPro/libnds/lib\libnds9.a(background.o)
                0x020100f8                bgUpdate
 .text.bgInit_call
                0x020101e0       0xa8 D:/devkitPro/libnds/lib\libnds9.a(background.o)
                0x020101e0                bgInit_call
 .text.bgInitSub_call
                0x02010288       0xb0 D:/devkitPro/libnds/lib\libnds9.a(background.o)
                0x02010288                bgInitSub_call
 .text.newRow   0x02010338       0xe8 D:/devkitPro/libnds/lib\libnds9.a(console.o)
 .text.consoleSelect
                0x02010420       0x10 D:/devkitPro/libnds/lib\libnds9.a(console.o)
                0x02010420                consoleSelect
 .text.consolePrintChar
                0x02010430       0xe0 D:/devkitPro/libnds/lib\libnds9.a(console.o)
                0x02010430                consolePrintChar
 .text.con_write
                0x02010510      0x34c D:/devkitPro/libnds/lib\libnds9.a(console.o)
                0x02010510                con_write
 .text.consoleLoadFont
                0x0201085c      0x2e4 D:/devkitPro/libnds/lib\libnds9.a(console.o)
                0x0201085c                consoleLoadFont
 .text.consoleInit
                0x02010b40      0x170 D:/devkitPro/libnds/lib\libnds9.a(console.o)
                0x02010b40                consoleInit
 .text.consoleDemoInit
                0x02010cb0       0x40 D:/devkitPro/libnds/lib\libnds9.a(console.o)
                0x02010cb0                consoleDemoInit
 .text.consoleClear
                0x02010cf0       0x10 D:/devkitPro/libnds/lib\libnds9.a(console.o)
                0x02010cf0                consoleClear
 .text.scanKeys
                0x02010d00       0x6c D:/devkitPro/libnds/lib\libnds9.a(keys.o)
                0x02010d00                scanKeys
 .text.keysHeld
                0x02010d6c        0xc D:/devkitPro/libnds/lib\libnds9.a(keys.o)
                0x02010d6c                keysHeld
 .text.keysDown
                0x02010d78       0x10 D:/devkitPro/libnds/lib\libnds9.a(keys.o)
                0x02010d78                keysDown
 .text.keysUp   0x02010d88       0x10 D:/devkitPro/libnds/lib\libnds9.a(keys.o)
                0x02010d88                keysUp
 .text.__sassert
                0x02010d98       0x34 D:/devkitPro/libnds/lib\libnds9.a(sassert.o)
                0x02010d98                __sassert
 .text._soundMicCallback
                0x02010dcc        0xc D:/devkitPro/libnds/lib\libnds9.a(sound.o)
 .text.soundMicRecord
                0x02010dd8       0x6c D:/devkitPro/libnds/lib\libnds9.a(sound.o)
                0x02010dd8                soundMicRecord
 .text.soundMicOff
                0x02010e44       0x10 D:/devkitPro/libnds/lib\libnds9.a(sound.o)
                0x02010e44                soundMicOff
 .text.oamAllocReset
                0x02010e54       0x1c D:/devkitPro/libnds/lib\libnds9.a(sprite_alloc.o)
                0x02010e54                oamAllocReset
 .text.oamAllocateGfx
                0x02010e70      0x578 D:/devkitPro/libnds/lib\libnds9.a(sprite_alloc.o)
                0x02010e70                oamAllocateGfx
 .text.oamInit  0x020113e8      0x124 D:/devkitPro/libnds/lib\libnds9.a(sprite.o)
                0x020113e8                oamInit
 .text.oamGetGfxPtr
                0x0201150c       0x34 D:/devkitPro/libnds/lib\libnds9.a(sprite.o)
                0x0201150c                oamGetGfxPtr
 .text.oamGfxPtrToOffset
                0x02011540       0x34 D:/devkitPro/libnds/lib\libnds9.a(sprite.o)
                0x02011540                oamGfxPtrToOffset
 .text.oamSet   0x02011574      0x100 D:/devkitPro/libnds/lib\libnds9.a(sprite.o)
                0x02011574                oamSet
 .text.oamUpdate
                0x02011674       0x6c D:/devkitPro/libnds/lib\libnds9.a(sprite.o)
                0x02011674                oamUpdate
 .text.oamRotateScale
                0x020116e0       0x4c D:/devkitPro/libnds/lib\libnds9.a(sprite.o)
                0x020116e0                oamRotateScale
 .text.sinLutLookup
                0x0201172c       0x4c D:/devkitPro/libnds/lib\libnds9.a(trig.o)
                0x0201172c                sinLutLookup
 .text.sinLerp  0x02011778       0x38 D:/devkitPro/libnds/lib\libnds9.a(trig.o)
                0x02011778                sinLerp
 .text.cosLerp  0x020117b0       0x44 D:/devkitPro/libnds/lib\libnds9.a(trig.o)
                0x020117b0                cosLerp
 .text.setBrightness
                0x020117f4       0x40 D:/devkitPro/libnds/lib\libnds9.a(video.o)
                0x020117f4                setBrightness
 .text.irqSet   0x02011834       0x64 D:/devkitPro/calico/lib\libcalico_ds9.a(irq.o)
                0x02011834                irqSet
 .text._tickCountIsr
                0x02011898       0x1c D:/devkitPro/calico/lib\libcalico_ds9.a(tick.o)
 .text._tickTaskSchedule.part.0.isra.0
                0x020118b4       0x84 D:/devkitPro/calico/lib\libcalico_ds9.a(tick.o)
 .text.tickInit
                0x02011938       0xa0 D:/devkitPro/calico/lib\libcalico_ds9.a(tick.o)
                0x02011938                tickInit
 .text.tickGetCount
                0x020119d8       0x5c D:/devkitPro/calico/lib\libcalico_ds9.a(tick.o)
                0x020119d8                tickGetCount
 .text._tickTaskIsr
                0x02011a34      0x110 D:/devkitPro/calico/lib\libcalico_ds9.a(tick.o)
 .text.tickTaskStart
                0x02011b44      0x144 D:/devkitPro/calico/lib\libcalico_ds9.a(tick.o)
                0x02011b44                tickTaskStart
 .text.tickTaskStop
                0x02011c88       0xc0 D:/devkitPro/calico/lib\libcalico_ds9.a(tick.o)
                0x02011c88                tickTaskStop
 .text._threadTickTask
                0x02011d48       0x10 D:/devkitPro/calico/lib\libcalico_ds9.a(thread_cold.o)
 .text.threadExit
                0x02011d58       0xa0 D:/devkitPro/calico/lib\libcalico_ds9.a(thread_cold.o)
                0x02011d58                threadExit
 .text._threadInit
                0x02011df8       0x98 D:/devkitPro/calico/lib\libcalico_ds9.a(thread_cold.o)
                0x02011df8                _threadInit
 .text.threadPrepare
                0x02011e90      0x134 D:/devkitPro/calico/lib\libcalico_ds9.a(thread_cold.o)
                0x02011e90                threadPrepare
 .text.threadGetLocalStorageSize
                0x02011fc4       0x2c D:/devkitPro/calico/lib\libcalico_ds9.a(thread_cold.o)
                0x02011fc4                threadGetLocalStorageSize
 .text.threadAttachLocalStorage
                0x02011ff0      0x120 D:/devkitPro/calico/lib\libcalico_ds9.a(thread_cold.o)
                0x02011ff0                threadAttachLocalStorage
 .text.threadStart
                0x02012110       0x94 D:/devkitPro/calico/lib\libcalico_ds9.a(thread_cold.o)
                0x02012110                threadStart
 .text.threadJoin
                0x020121a4       0x58 D:/devkitPro/calico/lib\libcalico_ds9.a(thread_cold.o)
                0x020121a4                threadJoin
 .text.threadIrqWait
                0x020121fc       0xa4 D:/devkitPro/calico/lib\libcalico_ds9.a(thread_cold.o)
                0x020121fc                threadIrqWait
 .text.threadSleepTicks
                0x020122a0       0x58 D:/devkitPro/calico/lib\libcalico_ds9.a(thread_cold.o)
                0x020122a0                threadSleepTicks
 .text.threadUpdateDynamicPrio
                0x020122f8      0x1d4 D:/devkitPro/calico/lib\libcalico_ds9.a(mutex.o)
                0x020122f8                threadUpdateDynamicPrio
 .text.threadRemoveWaiter
                0x020124cc      0x148 D:/devkitPro/calico/lib\libcalico_ds9.a(mutex.o)
 .text.mutexLock
                0x02012614      0x138 D:/devkitPro/calico/lib\libcalico_ds9.a(mutex.o)
                0x02012614                mutexLock
 .text.mutexUnlock
                0x0201274c       0xbc D:/devkitPro/calico/lib\libcalico_ds9.a(mutex.o)
                0x0201274c                mutexUnlock
 .text.mailboxTrySend
                0x02012808       0x98 D:/devkitPro/calico/lib\libcalico_ds9.a(mailbox.o)
                0x02012808                mailboxTrySend
 .text.mailboxRecv
                0x020128a0       0x98 D:/devkitPro/calico/lib\libcalico_ds9.a(mailbox.o)
                0x020128a0                mailboxRecv
 .text.__syscall_getreent
                0x02012938       0x14 D:/devkitPro/calico/lib\libcalico_ds9.a(newlib_syscalls.o)
                0x02012938                __syscall_getreent
 .text.__errno  0x0201294c       0x24 D:/devkitPro/calico/lib\libcalico_ds9.a(newlib_syscalls.o)
                0x0201294c                __errno
 .text.__syscall_gettod_r
                0x02012970       0x30 D:/devkitPro/calico/lib\libcalico_ds9.a(newlib_syscalls.o)
                0x02012970                __syscall_gettod_r
 .text.__syscall_lock_acquire
                0x020129a0        0x4 D:/devkitPro/calico/lib\libcalico_ds9.a(newlib_syscalls.o)
                0x020129a0                __syscall_lock_acquire
 .text.__syscall_lock_release
                0x020129a4        0x4 D:/devkitPro/calico/lib\libcalico_ds9.a(newlib_syscalls.o)
                0x020129a4                __syscall_lock_release
 .text.__syscall_lock_acquire_recursive
                0x020129a8       0x4c D:/devkitPro/calico/lib\libcalico_ds9.a(newlib_syscalls.o)
                0x020129a8                __syscall_lock_acquire_recursive
 .text.__syscall_lock_release_recursive
                0x020129f4       0x18 D:/devkitPro/calico/lib\libcalico_ds9.a(newlib_syscalls.o)
                0x020129f4                __syscall_lock_release_recursive
 .text._pxiMailboxHandler
                0x02012a0c        0x4 D:/devkitPro/calico/lib\libcalico_ds9.a(pxi.o)
 .text._pxiRecvUnhandled
                0x02012a10        0x4 D:/devkitPro/calico/lib\libcalico_ds9.a(pxi.o)
                0x02012a10                _pxiRecvUnhandled
 .text._pxiRecvIrqHandler
                0x02012a14      0x154 D:/devkitPro/calico/lib\libcalico_ds9.a(pxi.o)
 .text._pxiInit
                0x02012b68       0x58 D:/devkitPro/calico/lib\libcalico_ds9.a(pxi.o)
                0x02012b68                _pxiInit
 .text.pxiSetHandler
                0x02012bc0       0x74 D:/devkitPro/calico/lib\libcalico_ds9.a(pxi.o)
                0x02012bc0                pxiSetHandler
 .text.pxiSetMailbox
                0x02012c34       0x68 D:/devkitPro/calico/lib\libcalico_ds9.a(pxi.o)
                0x02012c34                pxiSetMailbox
 .text.pxiWaitRemote
                0x02012c9c       0x38 D:/devkitPro/calico/lib\libcalico_ds9.a(pxi.o)
                0x02012c9c                pxiWaitRemote
 .text.pxiSendPacket
                0x02012cd4       0x50 D:/devkitPro/calico/lib\libcalico_ds9.a(pxi.o)
                0x02012cd4                pxiSendPacket
 .text.pxiSendExtPacket
                0x02012d24       0x98 D:/devkitPro/calico/lib\libcalico_ds9.a(pxi.o)
                0x02012d24                pxiSendExtPacket
 .text.pxiBeginReceive
                0x02012dbc       0x2c D:/devkitPro/calico/lib\libcalico_ds9.a(pxi.o)
                0x02012dbc                pxiBeginReceive
 .text.pxiEndReceive
                0x02012de8       0xac D:/devkitPro/calico/lib\libcalico_ds9.a(pxi.o)
                0x02012de8                pxiEndReceive
 .text.keypadGetState
                0x02012e94       0x28 D:/devkitPro/calico/lib\libcalico_ds9.a(keypad.o)
                0x02012e94                keypadGetState
 .text.nitroromOpen
                0x02012ebc      0x1d8 D:/devkitPro/calico/lib\libcalico_ds9.a(nitrorom.o)
                0x02012ebc                nitroromOpen
 .text.nitroromReadIter
                0x02013094       0xe0 D:/devkitPro/calico/lib\libcalico_ds9.a(nitrorom.o)
                0x02013094                nitroromReadIter
 .text.nitroromResolvePath
                0x02013174      0x180 D:/devkitPro/calico/lib\libcalico_ds9.a(nitrorom.o)
                0x02013174                nitroromResolvePath
 .text.systemUserStartup
                0x020132f4        0x4 D:/devkitPro/calico/lib\libcalico_ds9.a(sys_startup.o)
                0x020132f4                systemUserStartup
 .text.systemStartup
                0x020132f8      0x110 D:/devkitPro/calico/lib\libcalico_ds9.a(sys_startup.o)
                0x020132f8                systemStartup
 .text.pmMicSetAmp
                0x02013408       0x38 D:/devkitPro/calico/lib\libcalico_ds9.a(pm_arm9.o)
                0x02013408                pmMicSetAmp
 .text.touchRead
                0x02013440       0x58 D:/devkitPro/calico/lib\libcalico_ds9.a(touch.o)
                0x02013440                touchRead
 .text._soundPxiCheckCredits
                0x02013498       0x70 D:/devkitPro/calico/lib\libcalico_ds9.a(sound.o)
 .text._soundPxiHandler
                0x02013508       0x3c D:/devkitPro/calico/lib\libcalico_ds9.a(sound.o)
 .text.soundInit
                0x02013544       0x64 D:/devkitPro/calico/lib\libcalico_ds9.a(sound.o)
                0x02013544                soundInit
 .text.soundSynchronize
                0x020135a8       0x30 D:/devkitPro/calico/lib\libcalico_ds9.a(sound.o)
                0x020135a8                soundSynchronize
 .text.soundSetMixerSleep
                0x020135d8       0x2c D:/devkitPro/calico/lib\libcalico_ds9.a(sound.o)
                0x020135d8                soundSetMixerSleep
 .text.soundPreparePcm
                0x02013604       0xe8 D:/devkitPro/calico/lib\libcalico_ds9.a(sound.o)
                0x02013604                soundPreparePcm
 .text.soundStart
                0x020136ec       0x2c D:/devkitPro/calico/lib\libcalico_ds9.a(sound.o)
                0x020136ec                soundStart
 .text.soundStop
                0x02013718       0x2c D:/devkitPro/calico/lib\libcalico_ds9.a(sound.o)
                0x02013718                soundStop
 .text._micThreadMain
                0x02013744       0x4c D:/devkitPro/calico/lib\libcalico_ds9.a(mic.o)
 .text.micInit  0x02013790        0x8 D:/devkitPro/calico/lib\libcalico_ds9.a(mic.o)
                0x02013790                micInit
 .text.micSetCpuTimer
                0x02013798       0x40 D:/devkitPro/calico/lib\libcalico_ds9.a(mic.o)
                0x02013798                micSetCpuTimer
 .text.micSetCallback
                0x020137d8       0x94 D:/devkitPro/calico/lib\libcalico_ds9.a(mic.o)
                0x020137d8                micSetCallback
 .text.micStart
                0x0201386c       0x80 D:/devkitPro/calico/lib\libcalico_ds9.a(mic.o)
                0x0201386c                micStart
 .text.micStop  0x020138ec       0x20 D:/devkitPro/calico/lib\libcalico_ds9.a(mic.o)
                0x020138ec                micStop
 .text._blkDevReadWriteSectors
                0x0201390c       0x44 D:/devkitPro/calico/lib\libcalico_ds9.a(blk.o)
 .text.blkInit  0x02013950        0x8 D:/devkitPro/calico/lib\libcalico_ds9.a(blk.o)
                0x02013950                blkInit
 .text.blkDevIsPresent
                0x02013958       0x30 D:/devkitPro/calico/lib\libcalico_ds9.a(blk.o)
                0x02013958                blkDevIsPresent
 .text.blkDevInit
                0x02013988       0x30 D:/devkitPro/calico/lib\libcalico_ds9.a(blk.o)
                0x02013988                blkDevInit
 .text.blkDevGetSectorCount
                0x020139b8       0x34 D:/devkitPro/calico/lib\libcalico_ds9.a(blk.o)
                0x020139b8                blkDevGetSectorCount
 .text.blkDevReadSectors
                0x020139ec       0x5c D:/devkitPro/calico/lib\libcalico_ds9.a(blk.o)
                0x020139ec                blkDevReadSectors
 .text.blkDevWriteSectors
                0x02013a48       0x5c D:/devkitPro/calico/lib\libcalico_ds9.a(blk.o)
                0x02013a48                blkDevWriteSectors
 .text._nitroromFdClose
                0x02013aa4        0x8 D:/devkitPro/calico/lib\libcalico_ds9.a(nitrorom.o)
 .text._nitroromFdRead
                0x02013aac       0x94 D:/devkitPro/calico/lib\libcalico_ds9.a(nitrorom.o)
 .text.nitroromGetSelf
                0x02013b40      0x100 D:/devkitPro/calico/lib\libcalico_ds9.a(nitrorom.o)
                0x02013b40                nitroromGetSelf
 .text._pmCallEventHandlers
                0x02013c40       0x40 D:/devkitPro/calico/lib\libcalico_ds9.a(pm.o)
 .text._pmPxiThreadMain
                0x02013c80       0x9c D:/devkitPro/calico/lib\libcalico_ds9.a(pm.o)
 .text._pmResetPxiHandler
                0x02013d1c       0x28 D:/devkitPro/calico/lib\libcalico_ds9.a(pm.o)
 .text.systemUserExit
                0x02013d44        0x4 D:/devkitPro/calico/lib\libcalico_ds9.a(pm.o)
                0x02013d44                systemUserExit
 .text.systemErrorExit
                0x02013d48        0x4 D:/devkitPro/calico/lib\libcalico_ds9.a(pm.o)
                0x02013d48                systemErrorExit
 .text.__syscall_exit
                0x02013d4c      0x138 D:/devkitPro/calico/lib\libcalico_ds9.a(pm.o)
                0x02013d4c                __syscall_exit
 .text.pmInit   0x02013e84       0x58 D:/devkitPro/calico/lib\libcalico_ds9.a(pm.o)
                0x02013e84                pmInit
 .text._ntrcardRomReadSector
                0x02013edc      0x138 D:/devkitPro/calico/lib\libcalico_ds9.a(ntrcard.o)
 .text.ntrcardOpen
                0x02014014       0xd8 D:/devkitPro/calico/lib\libcalico_ds9.a(ntrcard.o)
                0x02014014                ntrcardOpen
 .text.ntrcardClose
                0x020140ec       0x60 D:/devkitPro/calico/lib\libcalico_ds9.a(ntrcard.o)
                0x020140ec                ntrcardClose
 .text.ntrcardRomRead
                0x0201414c      0x1e8 D:/devkitPro/calico/lib\libcalico_ds9.a(ntrcard.o)
                0x0201414c                ntrcardRomRead
 .text          0x02014334      0x11c D:/devkitPro/devkitARM/bin/../lib/gcc/arm-none-eabi/16.1.0/thumb\libgcc.a(_udivsi3.o)
                0x02014334                __aeabi_uidiv
                0x02014334                __udivsi3
                0x02014430                __aeabi_uidivmod
 .text          0x02014450      0x150 D:/devkitPro/devkitARM/bin/../lib/gcc/arm-none-eabi/16.1.0/thumb\libgcc.a(_divsi3.o)
                0x02014450                __divsi3
                0x02014450                __aeabi_idiv
                0x02014580                __aeabi_idivmod
 .text          0x020145a0        0x4 D:/devkitPro/devkitARM/bin/../lib/gcc/arm-none-eabi/16.1.0/thumb\libgcc.a(_dvmd_tls.o)
                0x020145a0                __aeabi_idiv0
                0x020145a0                __aeabi_ldiv0
 .text          0x020145a4      0x2ac D:/devkitPro/devkitARM/bin/../lib/gcc/arm-none-eabi/16.1.0/thumb\libgcc.a(_arm_addsubsf3.o)
                0x020145a4                __aeabi_frsub
                0x020145ac                __subsf3
                0x020145ac                __aeabi_fsub
                0x020145b0                __aeabi_fadd
                0x020145b0                __addsf3
                0x0201476c                __aeabi_ui2f
                0x0201476c                __floatunsisf
                0x02014774                __aeabi_i2f
                0x02014774                __floatsisf
                0x02014794                __aeabi_ul2f
                0x02014794                __floatundisf
                0x020147a4                __aeabi_l2f
                0x020147a4                __floatdisf
 .text          0x02014850      0x2f8 D:/devkitPro/devkitARM/bin/../lib/gcc/arm-none-eabi/16.1.0/thumb\libgcc.a(_arm_muldivsf3.o)
                0x02014850                __mulsf3
                0x02014850                __aeabi_fmul
                0x020149e8                __aeabi_fdiv
                0x020149e8                __divsf3
 .text          0x02014b48      0x114 D:/devkitPro/devkitARM/bin/../lib/gcc/arm-none-eabi/16.1.0/thumb\libgcc.a(_arm_cmpsf2.o)
                0x02014b48                __gesf2
                0x02014b48                __gtsf2
                0x02014b50                __lesf2
                0x02014b50                __ltsf2
                0x02014b58                __nesf2
                0x02014b58                __eqsf2
                0x02014b58                __cmpsf2
                0x02014bbc                __aeabi_cfrcmple
                0x02014bcc                __aeabi_cfcmpeq
                0x02014bcc                __aeabi_cfcmple
                0x02014be4                __aeabi_fcmpeq
                0x02014bfc                __aeabi_fcmplt
                0x02014c14                __aeabi_fcmple
                0x02014c2c                __aeabi_fcmpge
                0x02014c44                __aeabi_fcmpgt
 .text          0x02014c5c       0x5c D:/devkitPro/devkitARM/bin/../lib/gcc/arm-none-eabi/16.1.0/thumb\libgcc.a(_arm_fixsfsi.o)
                0x02014c5c                __aeabi_f2iz
                0x02014c5c                __fixsfsi
 .text          0x02014cb8       0xd4 D:/devkitPro/devkitARM/bin/../lib/gcc/arm-none-eabi/16.1.0/thumb\libgcc.a(_aeabi_ldivmod.o)
                0x02014cb8                __aeabi_ldivmod
 .text          0x02014d8c       0x3c D:/devkitPro/devkitARM/bin/../lib/gcc/arm-none-eabi/16.1.0/thumb\libgcc.a(_aeabi_uldivmod.o)
                0x02014d8c                __aeabi_uldivmod
 .text.__udivmoddi4
                0x02014dc8      0x194 D:/devkitPro/devkitARM/bin/../lib/gcc/arm-none-eabi/16.1.0/thumb\libgcc.a(_udivmoddi4.o)
                0x02014dc8                __udivmoddi4
 .text          0x02014f5c       0x28 D:/devkitPro/devkitARM/bin/../lib/gcc/arm-none-eabi/16.1.0/thumb\libgcc.a(_clzdi2.o)
                0x02014f5c                __clzdi2
 .text          0x02014f84       0x48 D:/devkitPro/devkitARM/bin/../lib/gcc/arm-none-eabi/16.1.0/thumb\libgcc.a(_clzsi2.o)
                0x02014f84                __clzsi2
 .text.srand    0x02014fcc       0x18 D:/devkitPro/devkitARM/bin/../lib/gcc/arm-none-eabi/16.1.0/../../../../arm-none-eabi/lib/thumb\libg.a(libc_a-rand.o)
                0x02014fcc                srand
 .text.rand     0x02014fe4       0x30 D:/devkitPro/devkitARM/bin/../lib/gcc/arm-none-eabi/16.1.0/../../../../arm-none-eabi/lib/thumb\libg.a(libc_a-rand.o)
                0x02014fe4                rand
 .text.memcpy   0x02015014       0xac D:/devkitPro/devkitARM/bin/../lib/gcc/arm-none-eabi/16.1.0/../../../../arm-none-eabi/lib/thumb\libg.a(libc_a-memcpy-stub.o)
                0x02015014                memcpy
 .text.viprintf
                0x020150c0       0x1c D:/devkitPro/devkitARM/bin/../lib/gcc/arm-none-eabi/16.1.0/../../../../arm-none-eabi/lib/thumb\libg.a(libc_a-viprintf.o)
                0x020150c0                viprintf
 .text.strlen   0x020150dc       0x60 D:/devkitPro/devkitARM/bin/../lib/gcc/arm-none-eabi/16.1.0/../../../../arm-none-eabi/lib/thumb\libg.a(libc_a-strlen.o)
                0x020150dc                strlen
 .text._fread_r
                0x0201513c      0x228 D:/devkitPro/devkitARM/bin/../lib/gcc/arm-none-eabi/16.1.0/../../../../arm-none-eabi/lib/thumb\libg.a(libc_a-fread.o)
                0x0201513c                _fread_r
 .text.fread    0x02015364       0x24 D:/devkitPro/devkitARM/bin/../lib/gcc/arm-none-eabi/16.1.0/../../../../arm-none-eabi/lib/thumb\libg.a(libc_a-fread.o)
                0x02015364                fread
 .text.open     0x02015388       0x28 D:/devkitPro/devkitARM/bin/../lib/gcc/arm-none-eabi/16.1.0/../../../../arm-none-eabi/lib/thumb\libg.a(libc_a-sysopen.o)
                0x02015388                open
 .text._fopen_r
                0x020153b0       0xb4 D:/devkitPro/devkitARM/bin/../lib/gcc/arm-none-eabi/16.1.0/../../../../arm-none-eabi/lib/thumb\libg.a(libc_a-fopen.o)
                0x020153b0                _fopen_r
 .text.fopen    0x02015464       0x18 D:/devkitPro/devkitARM/bin/../lib/gcc/arm-none-eabi/16.1.0/../../../../arm-none-eabi/lib/thumb\libg.a(libc_a-fopen.o)
                0x02015464                fopen
 .text.close    0x0201547c       0x14 D:/devkitPro/devkitARM/bin/../lib/gcc/arm-none-eabi/16.1.0/../../../../arm-none-eabi/lib/thumb\libg.a(libc_a-sysclose.o)
                0x0201547c                close
 .text.snprintf
                0x02015490       0x64 D:/devkitPro/devkitARM/bin/../lib/gcc/arm-none-eabi/16.1.0/../../../../arm-none-eabi/lib/thumb\libg.a(libc_a-snprintf.o)
                0x02015490                snprintf
 .text.strncasecmp
                0x020154f4       0x54 D:/devkitPro/devkitARM/bin/../lib/gcc/arm-none-eabi/16.1.0/../../../../arm-none-eabi/lib/thumb\libg.a(libc_a-strncasecmp.o)
                0x020154f4                strncasecmp
 .text.strchr   0x02015548       0xbc D:/devkitPro/devkitARM/bin/../lib/gcc/arm-none-eabi/16.1.0/../../../../arm-none-eabi/lib/thumb\libg.a(libc_a-strchr.o)
                0x02015548                strchr
 .text.memcmp   0x02015604       0x48 D:/devkitPro/devkitARM/bin/../lib/gcc/arm-none-eabi/16.1.0/../../../../arm-none-eabi/lib/thumb\libg.a(libc_a-memcmp.o)
                0x02015604                memcmp
 .text.calloc   0x0201564c       0x18 D:/devkitPro/devkitARM/bin/../lib/gcc/arm-none-eabi/16.1.0/../../../../arm-none-eabi/lib/thumb\libg.a(libc_a-calloc.o)
                0x0201564c                calloc
 .text.aligned_alloc
                0x02015664       0x18 D:/devkitPro/devkitARM/bin/../lib/gcc/arm-none-eabi/16.1.0/../../../../arm-none-eabi/lib/thumb\libg.a(libc_a-aligned_alloc.o)
                0x02015664                aligned_alloc
 .text.validate_structure
                0x0201567c      0x1f8 D:/devkitPro/devkitARM/bin/../lib/gcc/arm-none-eabi/16.1.0/../../../../arm-none-eabi/lib/thumb\libg.a(libc_a-mktime.o)
 .text.mktime   0x02015874      0x434 D:/devkitPro/devkitARM/bin/../lib/gcc/arm-none-eabi/16.1.0/../../../../arm-none-eabi/lib/thumb\libg.a(libc_a-mktime.o)
                0x02015874                mktime
 .text._memalign_r
                0x02015ca8      0x118 D:/devkitPro/devkitARM/bin/../lib/gcc/arm-none-eabi/16.1.0/../../../../arm-none-eabi/lib/thumb\libg.a(libc_a-malignr.o)
                0x02015ca8                _memalign_r
 .text.__smakebuf_r
                0x02015dc0       0xe0 D:/devkitPro/devkitARM/bin/../lib/gcc/arm-none-eabi/16.1.0/../../../../arm-none-eabi/lib/thumb\libg.a(libc_a-makebuf.o)
                0x02015dc0                __smakebuf_r
 .text.__swhatbuf_r
                0x02015ea0       0x5c D:/devkitPro/devkitARM/bin/../lib/gcc/arm-none-eabi/16.1.0/../../../../arm-none-eabi/lib/thumb\libg.a(libc_a-makebuf.o)
                0x02015ea0                __swhatbuf_r
 .text.lseek    0x02015efc       0x24 D:/devkitPro/devkitARM/bin/../lib/gcc/arm-none-eabi/16.1.0/../../../../arm-none-eabi/lib/thumb\libg.a(libc_a-syslseek.o)
                0x02015efc                lseek
 .text.strcpy   0x02015f20       0x10 D:/devkitPro/devkitARM/bin/../lib/gcc/arm-none-eabi/16.1.0/../../../../arm-none-eabi/lib/thumb\libg.a(libc_a-strcpy.o)
                0x02015f20                strcpy
 .text.memset   0x02015f30       0x8c D:/devkitPro/devkitARM/bin/../lib/gcc/arm-none-eabi/16.1.0/../../../../arm-none-eabi/lib/thumb\libg.a(libc_a-memset.o)
                0x02015f30                memset
 .text._calloc_r
                0x02015fbc       0xcc D:/devkitPro/devkitARM/bin/../lib/gcc/arm-none-eabi/16.1.0/../../../../arm-none-eabi/lib/thumb\libg.a(libc_a-callocr.o)
                0x02015fbc                _calloc_r
 .text._fwrite_r
                0x02016088       0x9c D:/devkitPro/devkitARM/bin/../lib/gcc/arm-none-eabi/16.1.0/../../../../arm-none-eabi/lib/thumb\libg.a(libc_a-fwrite.o)
                0x02016088                _fwrite_r
 .text.fwrite   0x02016124       0x24 D:/devkitPro/devkitARM/bin/../lib/gcc/arm-none-eabi/16.1.0/../../../../arm-none-eabi/lib/thumb\libg.a(libc_a-fwrite.o)
                0x02016124                fwrite
 .text.realloc  0x02016148       0x18 D:/devkitPro/devkitARM/bin/../lib/gcc/arm-none-eabi/16.1.0/../../../../arm-none-eabi/lib/thumb\libg.a(libc_a-realloc.o)
                0x02016148                realloc
 .text.localtime_r
                0x02016160      0x228 D:/devkitPro/devkitARM/bin/../lib/gcc/arm-none-eabi/16.1.0/../../../../arm-none-eabi/lib/thumb\libg.a(libc_a-lcltime_r.o)
                0x02016160                localtime_r
 .text.__tzcalc_limits
                0x02016388      0x1ac D:/devkitPro/devkitARM/bin/../lib/gcc/arm-none-eabi/16.1.0/../../../../arm-none-eabi/lib/thumb\libg.a(libc_a-tzcalc_limits.o)
                0x02016388                __tzcalc_limits
 .text._malloc_r
                0x02016534      0x550 D:/devkitPro/devkitARM/bin/../lib/gcc/arm-none-eabi/16.1.0/../../../../arm-none-eabi/lib/thumb\libg.a(libc_a-mallocr.o)
                0x02016534                _malloc_r
 .text          0x02016a84      0x224 D:/devkitPro/devkitARM/bin/../lib/gcc/arm-none-eabi/16.1.0/../../../../arm-none-eabi/lib/thumb\libg.a(libc_a-strcmp.o)
                0x02016a84                strcmp
 .text._malloc_trim_r
                0x02016ca8       0xac D:/devkitPro/devkitARM/bin/../lib/gcc/arm-none-eabi/16.1.0/../../../../arm-none-eabi/lib/thumb\libg.a(libc_a-freer.o)
                0x02016ca8                _malloc_trim_r
 .text._free_r  0x02016d54      0x1d8 D:/devkitPro/devkitARM/bin/../lib/gcc/arm-none-eabi/16.1.0/../../../../arm-none-eabi/lib/thumb\libg.a(libc_a-freer.o)
                0x02016d54                _free_r
 .text.setvbuf  0x02016f2c      0x1ac D:/devkitPro/devkitARM/bin/../lib/gcc/arm-none-eabi/16.1.0/../../../../arm-none-eabi/lib/thumb\libg.a(libc_a-setvbuf.o)
                0x02016f2c                setvbuf
 .text.stdio_exit_handler
                0x020170d8       0x20 D:/devkitPro/devkitARM/bin/../lib/gcc/arm-none-eabi/16.1.0/../../../../arm-none-eabi/lib/thumb\libg.a(libc_a-findfp.o)
 .text.cleanup_stdio
                0x020170f8       0x40 D:/devkitPro/devkitARM/bin/../lib/gcc/arm-none-eabi/16.1.0/../../../../arm-none-eabi/lib/thumb\libg.a(libc_a-findfp.o)
 .text.global_stdio_init.part.0
                0x02017138      0x120 D:/devkitPro/devkitARM/bin/../lib/gcc/arm-none-eabi/16.1.0/../../../../arm-none-eabi/lib/thumb\libg.a(libc_a-findfp.o)
 .text.__sfp    0x02017258       0xcc D:/devkitPro/devkitARM/bin/../lib/gcc/arm-none-eabi/16.1.0/../../../../arm-none-eabi/lib/thumb\libg.a(libc_a-findfp.o)
                0x02017258                __sfp
 .text.__sinit  0x02017324       0x3c D:/devkitPro/devkitARM/bin/../lib/gcc/arm-none-eabi/16.1.0/../../../../arm-none-eabi/lib/thumb\libg.a(libc_a-findfp.o)
                0x02017324                __sinit
 .text.__sfp_lock_acquire
                0x02017360       0x14 D:/devkitPro/devkitARM/bin/../lib/gcc/arm-none-eabi/16.1.0/../../../../arm-none-eabi/lib/thumb\libg.a(libc_a-findfp.o)
                0x02017360                __sfp_lock_acquire
 .text.__sfp_lock_release
                0x02017374       0x14 D:/devkitPro/devkitARM/bin/../lib/gcc/arm-none-eabi/16.1.0/../../../../arm-none-eabi/lib/thumb\libg.a(libc_a-findfp.o)
                0x02017374                __sfp_lock_release
 .text.__libc_init_array
                0x02017388       0x54 D:/devkitPro/devkitARM/bin/../lib/gcc/arm-none-eabi/16.1.0/../../../../arm-none-eabi/lib/thumb\libg.a(libc_a-init.o)
                0x02017388                __libc_init_array
 .text.strncpy  0x020173dc       0x68 D:/devkitPro/devkitARM/bin/../lib/gcc/arm-none-eabi/16.1.0/../../../../arm-none-eabi/lib/thumb\libg.a(libc_a-strncpy.o)
                0x020173dc                strncpy
 .text._fseek_r
                0x02017444       0x14 D:/devkitPro/devkitARM/bin/../lib/gcc/arm-none-eabi/16.1.0/../../../../arm-none-eabi/lib/thumb\libg.a(libc_a-fseek.o)
                0x02017444                _fseek_r
 .text.fseek    0x02017458       0x24 D:/devkitPro/devkitARM/bin/../lib/gcc/arm-none-eabi/16.1.0/../../../../arm-none-eabi/lib/thumb\libg.a(libc_a-fseek.o)
                0x02017458                fseek
 .text._tzset_unlocked
                0x0201747c       0x10 D:/devkitPro/devkitARM/bin/../lib/gcc/arm-none-eabi/16.1.0/../../../../arm-none-eabi/lib/thumb\libg.a(libc_a-tzset.o)
                0x0201747c                _tzset_unlocked
 .text.malloc   0x0201748c       0x28 D:/devkitPro/devkitARM/bin/../lib/gcc/arm-none-eabi/16.1.0/../../../../arm-none-eabi/lib/thumb\libg.a(libc_a-malloc.o)
                0x0201748c                malloc
 .text.free     0x020174b4       0x14 D:/devkitPro/devkitARM/bin/../lib/gcc/arm-none-eabi/16.1.0/../../../../arm-none-eabi/lib/thumb\libg.a(libc_a-malloc.o)
                0x020174b4                free
 .text.siscanf  0x020174c8       0x50 D:/devkitPro/devkitARM/bin/../lib/gcc/arm-none-eabi/16.1.0/../../../../arm-none-eabi/lib/thumb\libg.a(libc_a-siscanf.o)
                0x020174c8                siscanf
 .text.strrchr  0x02017518       0x30 D:/devkitPro/devkitARM/bin/../lib/gcc/arm-none-eabi/16.1.0/../../../../arm-none-eabi/lib/thumb\libg.a(libc_a-strrchr.o)
                0x02017518                strrchr
 .text.__gettzinfo
                0x02017548        0x8 D:/devkitPro/devkitARM/bin/../lib/gcc/arm-none-eabi/16.1.0/../../../../arm-none-eabi/lib/thumb\libg.a(libc_a-gettzinfo.o)
                0x02017548                __gettzinfo
 .text.stpcpy   0x02017550       0x4c D:/devkitPro/devkitARM/bin/../lib/gcc/arm-none-eabi/16.1.0/../../../../arm-none-eabi/lib/thumb\libg.a(libc_a-stpcpy.o)
                0x02017550                stpcpy
 .text.__sread  0x0201759c       0x34 D:/devkitPro/devkitARM/bin/../lib/gcc/arm-none-eabi/16.1.0/../../../../arm-none-eabi/lib/thumb\libg.a(libc_a-stdio.o)
                0x0201759c                __sread
 .text.__seofread
                0x020175d0        0x4 D:/devkitPro/devkitARM/bin/../lib/gcc/arm-none-eabi/16.1.0/../../../../arm-none-eabi/lib/thumb\libg.a(libc_a-stdio.o)
                0x020175d0                __seofread
 .text.__swrite
                0x020175d4       0x4c D:/devkitPro/devkitARM/bin/../lib/gcc/arm-none-eabi/16.1.0/../../../../arm-none-eabi/lib/thumb\libg.a(libc_a-stdio.o)
                0x020175d4                __swrite
 .text.__sseek  0x02017620       0x3c D:/devkitPro/devkitARM/bin/../lib/gcc/arm-none-eabi/16.1.0/../../../../arm-none-eabi/lib/thumb\libg.a(libc_a-stdio.o)
                0x02017620                __sseek
 .text.__sclose
                0x0201765c       0x10 D:/devkitPro/devkitARM/bin/../lib/gcc/arm-none-eabi/16.1.0/../../../../arm-none-eabi/lib/thumb\libg.a(libc_a-stdio.o)
                0x0201765c                __sclose
 .text.memmove  0x0201766c      0x108 D:/devkitPro/devkitARM/bin/../lib/gcc/arm-none-eabi/16.1.0/../../../../arm-none-eabi/lib/thumb\libg.a(libc_a-memmove.o)
                0x0201766c                memmove
 .text._realloc_r
                0x02017774      0x344 D:/devkitPro/devkitARM/bin/../lib/gcc/arm-none-eabi/16.1.0/../../../../arm-none-eabi/lib/thumb\libg.a(libc_a-reallocr.o)
                0x02017774                _realloc_r
 .text.iprintf  0x02017ab8       0x28 D:/devkitPro/devkitARM/bin/../lib/gcc/arm-none-eabi/16.1.0/../../../../arm-none-eabi/lib/thumb\libg.a(libc_a-iprintf.o)
                0x02017ab8                iprintf
 .text.__malloc_lock
                0x02017ae0       0x14 D:/devkitPro/devkitARM/bin/../lib/gcc/arm-none-eabi/16.1.0/../../../../arm-none-eabi/lib/thumb\libg.a(libc_a-mlock.o)
                0x02017ae0                __malloc_lock
 .text.__malloc_unlock
                0x02017af4       0x14 D:/devkitPro/devkitARM/bin/../lib/gcc/arm-none-eabi/16.1.0/../../../../arm-none-eabi/lib/thumb\libg.a(libc_a-mlock.o)
                0x02017af4                __malloc_unlock
 .text._fseeko_r
                0x02017b08      0x414 D:/devkitPro/devkitARM/bin/../lib/gcc/arm-none-eabi/16.1.0/../../../../arm-none-eabi/lib/thumb\libg.a(libc_a-fseeko.o)
                0x02017b08                _fseeko_r
 .text._fclose_r
                0x02017f1c       0xe0 D:/devkitPro/devkitARM/bin/../lib/gcc/arm-none-eabi/16.1.0/../../../../arm-none-eabi/lib/thumb\libg.a(libc_a-fclose.o)
                0x02017f1c                _fclose_r
 .text.fclose   0x02017ffc       0x14 D:/devkitPro/devkitARM/bin/../lib/gcc/arm-none-eabi/16.1.0/../../../../arm-none-eabi/lib/thumb\libg.a(libc_a-fclose.o)
                0x02017ffc                fclose
 .text.time     0x02018010       0x38 D:/devkitPro/devkitARM/bin/../lib/gcc/arm-none-eabi/16.1.0/../../../../arm-none-eabi/lib/thumb\libg.a(libc_a-time.o)
                0x02018010                time
 .text.read     0x02018048       0x1c D:/devkitPro/devkitARM/bin/../lib/gcc/arm-none-eabi/16.1.0/../../../../arm-none-eabi/lib/thumb\libg.a(libc_a-sysread.o)
                0x02018048                read
 .text.__call_exitprocs
                0x02018064        0xc D:/devkitPro/devkitARM/bin/../lib/gcc/arm-none-eabi/16.1.0/../../../../arm-none-eabi/lib/thumb\libg.a(libc_a-exit.o)
                0x02018064                __call_exitprocs
 .text.get_arg  0x02018070      0x404 D:/devkitPro/devkitARM/bin/../lib/gcc/arm-none-eabi/16.1.0/../../../../arm-none-eabi/lib/thumb\libg.a(libc_a-svfprintf.o)
 .text._svfprintf_r
                0x02018474     0x22e0 D:/devkitPro/devkitARM/bin/../lib/gcc/arm-none-eabi/16.1.0/../../../../arm-none-eabi/lib/thumb\libg.a(libc_a-svfprintf.o)
                0x02018474                _svfprintf_r
 .text.__sflags
                0x0201a754       0x98 D:/devkitPro/devkitARM/bin/../lib/gcc/arm-none-eabi/16.1.0/../../../../arm-none-eabi/lib/thumb\libg.a(libc_a-flags.o)
                0x0201a754                __sflags
 .text.__libc_fini_array
                0x0201a7ec       0x30 D:/devkitPro/devkitARM/bin/../lib/gcc/arm-none-eabi/16.1.0/../../../../arm-none-eabi/lib/thumb\libg.a(libc_a-fini.o)
                0x0201a7ec                __libc_fini_array
 .text.strnlen  0x0201a81c       0x20 D:/devkitPro/devkitARM/bin/../lib/gcc/arm-none-eabi/16.1.0/../../../../arm-none-eabi/lib/thumb\libg.a(libc_a-strnlen.o)
                0x0201a81c                strnlen
 .text.gmtime_r
                0x0201a83c      0x1b4 D:/devkitPro/devkitARM/bin/../lib/gcc/arm-none-eabi/16.1.0/../../../../arm-none-eabi/lib/thumb\libg.a(libc_a-gmtime_r.o)
                0x0201a83c                gmtime_r
 .text.get_arg  0x0201a9f0      0x404 D:/devkitPro/devkitARM/bin/../lib/gcc/arm-none-eabi/16.1.0/../../../../arm-none-eabi/lib/thumb\libg.a(libc_a-vfiprintf.o)
 .text._vfiprintf_r
                0x0201adf4     0x16d8 D:/devkitPro/devkitARM/bin/../lib/gcc/arm-none-eabi/16.1.0/../../../../arm-none-eabi/lib/thumb\libg.a(libc_a-vfiprintf.o)
                0x0201adf4                _vfiprintf_r
 .text.__sbprintf
                0x0201c4cc       0x7c D:/devkitPro/devkitARM/bin/../lib/gcc/arm-none-eabi/16.1.0/../../../../arm-none-eabi/lib/thumb\libg.a(libc_a-vfiprintf.o)
 .text._tzset_unlocked_r
                0x0201c548      0x490 D:/devkitPro/devkitARM/bin/../lib/gcc/arm-none-eabi/16.1.0/../../../../arm-none-eabi/lib/thumb\libg.a(libc_a-tzset_r.o)
                0x0201c548                _tzset_unlocked_r
 .text.lflush   0x0201c9d8       0x24 D:/devkitPro/devkitARM/bin/../lib/gcc/arm-none-eabi/16.1.0/../../../../arm-none-eabi/lib/thumb\libg.a(libc_a-refill.o)
 .text.__srefill_r
                0x0201c9fc      0x108 D:/devkitPro/devkitARM/bin/../lib/gcc/arm-none-eabi/16.1.0/../../../../arm-none-eabi/lib/thumb\libg.a(libc_a-refill.o)
                0x0201c9fc                __srefill_r
 .text.frexp    0x0201cb04       0x74 D:/devkitPro/devkitARM/bin/../lib/gcc/arm-none-eabi/16.1.0/../../../../arm-none-eabi/lib/thumb\libg.a(libm_a-s_frexp.o)
                0x0201cb04                frexp
 .text._fwalk_sglue
                0x0201cb78       0x4c D:/devkitPro/devkitARM/bin/../lib/gcc/arm-none-eabi/16.1.0/../../../../arm-none-eabi/lib/thumb\libg.a(libc_a-fwalk.o)
                0x0201cb78                _fwalk_sglue
 .text.div      0x0201cbc4       0x18 D:/devkitPro/devkitARM/bin/../lib/gcc/arm-none-eabi/16.1.0/../../../../arm-none-eabi/lib/thumb\libg.a(libc_a-div.o)
                0x0201cbc4                div
 .text._wcrtomb_r
                0x0201cbdc       0x88 D:/devkitPro/devkitARM/bin/../lib/gcc/arm-none-eabi/16.1.0/../../../../arm-none-eabi/lib/thumb\libg.a(libc_a-wcrtomb.o)
                0x0201cbdc                _wcrtomb_r
 .text._strtoul_l.isra.0
                0x0201cc64      0x150 D:/devkitPro/devkitARM/bin/../lib/gcc/arm-none-eabi/16.1.0/../../../../arm-none-eabi/lib/thumb\libg.a(libc_a-strtoul.o)
 .text._strtoul_r
                0x0201cdb4       0x20 D:/devkitPro/devkitARM/bin/../lib/gcc/arm-none-eabi/16.1.0/../../../../arm-none-eabi/lib/thumb\libg.a(libc_a-strtoul.o)
                0x0201cdb4                _strtoul_r
 .text.strtoul  0x0201cdd4       0x24 D:/devkitPro/devkitARM/bin/../lib/gcc/arm-none-eabi/16.1.0/../../../../arm-none-eabi/lib/thumb\libg.a(libc_a-strtoul.o)
                0x0201cdd4                strtoul
 .text.__ssprint_r
                0x0201cdf8       0x60 D:/devkitPro/devkitARM/bin/../lib/gcc/arm-none-eabi/16.1.0/../../../../arm-none-eabi/lib/thumb\libg.a(libc_a-ssprint_r.o)
                0x0201cdf8                __ssprint_r
 .text.__sfvwrite_r
                0x0201ce58      0x31c D:/devkitPro/devkitARM/bin/../lib/gcc/arm-none-eabi/16.1.0/../../../../arm-none-eabi/lib/thumb\libg.a(libc_a-fvwrite.o)
                0x0201ce58                __sfvwrite_r
 .text.__tz_lock
                0x0201d174       0x14 D:/devkitPro/devkitARM/bin/../lib/gcc/arm-none-eabi/16.1.0/../../../../arm-none-eabi/lib/thumb\libg.a(libc_a-tzlock.o)
                0x0201d174                __tz_lock
 .text.__tz_unlock
                0x0201d188       0x14 D:/devkitPro/devkitARM/bin/../lib/gcc/arm-none-eabi/16.1.0/../../../../arm-none-eabi/lib/thumb\libg.a(libc_a-tzlock.o)
                0x0201d188                __tz_unlock
 .text.__locale_mb_cur_max
                0x0201d19c       0x20 D:/devkitPro/devkitARM/bin/../lib/gcc/arm-none-eabi/16.1.0/../../../../arm-none-eabi/lib/thumb\libg.a(libc_a-locale.o)
                0x0201d19c                __locale_mb_cur_max
 .text.__sflush_r
                0x0201d1bc      0x180 D:/devkitPro/devkitARM/bin/../lib/gcc/arm-none-eabi/16.1.0/../../../../arm-none-eabi/lib/thumb\libg.a(libc_a-fflush.o)
                0x0201d1bc                __sflush_r
 .text._fflush_r
                0x0201d33c       0x70 D:/devkitPro/devkitARM/bin/../lib/gcc/arm-none-eabi/16.1.0/../../../../arm-none-eabi/lib/thumb\libg.a(libc_a-fflush.o)
                0x0201d33c                _fflush_r
 .text.__sprint_r
                0x0201d3ac       0x24 D:/devkitPro/devkitARM/bin/../lib/gcc/arm-none-eabi/16.1.0/../../../../arm-none-eabi/lib/thumb\libg.a(libc_a-sprint_r.o)
                0x0201d3ac                __sprint_r
 .text.quorem   0x0201d3d0      0x160 D:/devkitPro/devkitARM/bin/../lib/gcc/arm-none-eabi/16.1.0/../../../../arm-none-eabi/lib/thumb\libg.a(libc_a-dtoa.o)
 .text._dtoa_r  0x0201d530     0x10a0 D:/devkitPro/devkitARM/bin/../lib/gcc/arm-none-eabi/16.1.0/../../../../arm-none-eabi/lib/thumb\libg.a(libc_a-dtoa.o)
                0x0201d530                _dtoa_r
 .text.get_arg  0x0201e5d0       0x3e D:/devkitPro/devkitARM/bin/../lib/gcc/arm-none-eabi/16.1.0/../../../../arm-none-eabi/lib/thumb\libg.a(libc_a-svfiscanf.o)
 .text._sungetc_r
                0x0201e60e       0x7e D:/devkitPro/devkitARM/bin/../lib/gcc/arm-none-eabi/16.1.0/../../../../arm-none-eabi/lib/thumb\libg.a(libc_a-svfiscanf.o)
                0x0201e60e                _sungetc_r
 .text.__ssrefill_r
                0x0201e68c       0x42 D:/devkitPro/devkitARM/bin/../lib/gcc/arm-none-eabi/16.1.0/../../../../arm-none-eabi/lib/thumb\libg.a(libc_a-svfiscanf.o)
                0x0201e68c                __ssrefill_r
 .text._sfread_r
                0x0201e6ce       0x88 D:/devkitPro/devkitARM/bin/../lib/gcc/arm-none-eabi/16.1.0/../../../../arm-none-eabi/lib/thumb\libg.a(libc_a-svfiscanf.o)
                0x0201e6ce                _sfread_r
 *fill*         0x0201e756        0x2 ff
 .text.__ssvfiscanf_r
                0x0201e758     0x19d8 D:/devkitPro/devkitARM/bin/../lib/gcc/arm-none-eabi/16.1.0/../../../../arm-none-eabi/lib/thumb\libg.a(libc_a-svfiscanf.o)
                0x0201e758                __ssvfiscanf_r
 .text._strtol_l.part.0
                0x02020130      0x25c D:/devkitPro/devkitARM/bin/../lib/gcc/arm-none-eabi/16.1.0/../../../../arm-none-eabi/lib/thumb\libg.a(libc_a-strtol.o)
 .text._strtol_r
                0x0202038c       0x34 D:/devkitPro/devkitARM/bin/../lib/gcc/arm-none-eabi/16.1.0/../../../../arm-none-eabi/lib/thumb\libg.a(libc_a-strtol.o)
                0x0202038c                _strtol_r
 .text.memchr   0x020203c0       0x74 D:/devkitPro/devkitARM/bin/../lib/gcc/arm-none-eabi/16.1.0/../../../../arm-none-eabi/lib/thumb\libg.a(libc_a-memchr-stub.o)
                0x020203c0                memchr
 .text._wcsrtombs_r
                0x02020434       0x20 D:/devkitPro/devkitARM/bin/../lib/gcc/arm-none-eabi/16.1.0/../../../../arm-none-eabi/lib/thumb\libg.a(libc_a-wcsrtombs.o)
                0x02020434                _wcsrtombs_r
 .text.__swsetup_r
                0x02020454       0xd4 D:/devkitPro/devkitARM/bin/../lib/gcc/arm-none-eabi/16.1.0/../../../../arm-none-eabi/lib/thumb\libg.a(libc_a-wsetup.o)
                0x02020454                __swsetup_r
 .text._findenv_r
                0x02020528       0x94 D:/devkitPro/devkitARM/bin/../lib/gcc/arm-none-eabi/16.1.0/../../../../arm-none-eabi/lib/thumb\libg.a(libc_a-getenv_r.o)
                0x02020528                _findenv_r
 .text._getenv_r
                0x020205bc       0x10 D:/devkitPro/devkitARM/bin/../lib/gcc/arm-none-eabi/16.1.0/../../../../arm-none-eabi/lib/thumb\libg.a(libc_a-getenv_r.o)
                0x020205bc                _getenv_r
 .text._localeconv_r
                0x020205cc       0x20 D:/devkitPro/devkitARM/bin/../lib/gcc/arm-none-eabi/16.1.0/../../../../arm-none-eabi/lib/thumb\libg.a(libc_a-localeconv.o)
                0x020205cc                _localeconv_r
 .text.__ssputs_r
                0x020205ec       0xd4 D:/devkitPro/devkitARM/bin/../lib/gcc/arm-none-eabi/16.1.0/../../../../arm-none-eabi/lib/thumb\libg.a(libc_a-ssputs_r.o)
                0x020205ec                __ssputs_r
 .text.__utf8_wctomb
                0x020206c0       0xbc D:/devkitPro/devkitARM/bin/../lib/gcc/arm-none-eabi/16.1.0/../../../../arm-none-eabi/lib/thumb\libg.a(libc_a-wctomb_r.o)
                0x020206c0                __utf8_wctomb
 .text.strncmp  0x0202077c       0x70 D:/devkitPro/devkitARM/bin/../lib/gcc/arm-none-eabi/16.1.0/../../../../arm-none-eabi/lib/thumb\libg.a(libc_a-strncmp.o)
                0x0202077c                strncmp
 .text._wcsnrtombs_l
                0x020207ec      0x120 D:/devkitPro/devkitARM/bin/../lib/gcc/arm-none-eabi/16.1.0/../../../../arm-none-eabi/lib/thumb\libg.a(libc_a-wcsnrtombs.o)
                0x020207ec                _wcsnrtombs_l
 .text._wcsnrtombs_r
                0x0202090c       0x40 D:/devkitPro/devkitARM/bin/../lib/gcc/arm-none-eabi/16.1.0/../../../../arm-none-eabi/lib/thumb\libg.a(libc_a-wcsnrtombs.o)
                0x0202090c                _wcsnrtombs_r
 .text.__env_lock
                0x0202094c       0x14 D:/devkitPro/devkitARM/bin/../lib/gcc/arm-none-eabi/16.1.0/../../../../arm-none-eabi/lib/thumb\libg.a(libc_a-envlock.o)
                0x0202094c                __env_lock
 .text.__env_unlock
                0x02020960       0x14 D:/devkitPro/devkitARM/bin/../lib/gcc/arm-none-eabi/16.1.0/../../../../arm-none-eabi/lib/thumb\libg.a(libc_a-envlock.o)
                0x02020960                __env_unlock
 .text.__assert_func
                0x02020974       0x40 D:/devkitPro/devkitARM/bin/../lib/gcc/arm-none-eabi/16.1.0/../../../../arm-none-eabi/lib/thumb\libg.a(libc_a-assert.o)
                0x02020974                __assert_func
 .text.iswspace
                0x020209b4       0x10 D:/devkitPro/devkitARM/bin/../lib/gcc/arm-none-eabi/16.1.0/../../../../arm-none-eabi/lib/thumb\libg.a(libc_a-iswspace.o)
                0x020209b4                iswspace
 .text._Balloc  0x020209c4       0x5c D:/devkitPro/devkitARM/bin/../lib/gcc/arm-none-eabi/16.1.0/../../../../arm-none-eabi/lib/thumb\libg.a(libc_a-mprec.o)
                0x020209c4                _Balloc
 .text._Bfree   0x02020a20       0x14 D:/devkitPro/devkitARM/bin/../lib/gcc/arm-none-eabi/16.1.0/../../../../arm-none-eabi/lib/thumb\libg.a(libc_a-mprec.o)
                0x02020a20                _Bfree
 .text.__multadd
                0x02020a34       0xa8 D:/devkitPro/devkitARM/bin/../lib/gcc/arm-none-eabi/16.1.0/../../../../arm-none-eabi/lib/thumb\libg.a(libc_a-mprec.o)
                0x02020a34                __multadd
 .text.__hi0bits
                0x02020adc       0x60 D:/devkitPro/devkitARM/bin/../lib/gcc/arm-none-eabi/16.1.0/../../../../arm-none-eabi/lib/thumb\libg.a(libc_a-mprec.o)
                0x02020adc                __hi0bits
 .text.__lo0bits
                0x02020b3c       0x8c D:/devkitPro/devkitARM/bin/../lib/gcc/arm-none-eabi/16.1.0/../../../../arm-none-eabi/lib/thumb\libg.a(libc_a-mprec.o)
                0x02020b3c                __lo0bits
 .text.__i2b    0x02020bc8       0x64 D:/devkitPro/devkitARM/bin/../lib/gcc/arm-none-eabi/16.1.0/../../../../arm-none-eabi/lib/thumb\libg.a(libc_a-mprec.o)
                0x02020bc8                __i2b
 .text.__multiply
                0x02020c2c      0x1b4 D:/devkitPro/devkitARM/bin/../lib/gcc/arm-none-eabi/16.1.0/../../../../arm-none-eabi/lib/thumb\libg.a(libc_a-mprec.o)
                0x02020c2c                __multiply
 .text.__pow5mult
                0x02020de0       0xd8 D:/devkitPro/devkitARM/bin/../lib/gcc/arm-none-eabi/16.1.0/../../../../arm-none-eabi/lib/thumb\libg.a(libc_a-mprec.o)
                0x02020de0                __pow5mult
 .text.__lshift
                0x02020eb8       0xf8 D:/devkitPro/devkitARM/bin/../lib/gcc/arm-none-eabi/16.1.0/../../../../arm-none-eabi/lib/thumb\libg.a(libc_a-mprec.o)
                0x02020eb8                __lshift
 .text.__mcmp   0x02020fb0       0x50 D:/devkitPro/devkitARM/bin/../lib/gcc/arm-none-eabi/16.1.0/../../../../arm-none-eabi/lib/thumb\libg.a(libc_a-mprec.o)
                0x02020fb0                __mcmp
 .text.__mdiff  0x02021000      0x1a4 D:/devkitPro/devkitARM/bin/../lib/gcc/arm-none-eabi/16.1.0/../../../../arm-none-eabi/lib/thumb\libg.a(libc_a-mprec.o)
                0x02021000                __mdiff
 .text.__d2b    0x020211a4       0xd4 D:/devkitPro/devkitARM/bin/../lib/gcc/arm-none-eabi/16.1.0/../../../../arm-none-eabi/lib/thumb\libg.a(libc_a-mprec.o)
                0x020211a4                __d2b
 .text._strtoull_l.isra.0
                0x02021278      0x1c0 D:/devkitPro/devkitARM/bin/../lib/gcc/arm-none-eabi/16.1.0/../../../../arm-none-eabi/lib/thumb\libg.a(libc_a-strtoull.o)
 .text._strtoull_r
                0x02021438       0x20 D:/devkitPro/devkitARM/bin/../lib/gcc/arm-none-eabi/16.1.0/../../../../arm-none-eabi/lib/thumb\libg.a(libc_a-strtoull.o)
                0x02021438                _strtoull_r
 .text.__submore
                0x02021458       0x7c D:/devkitPro/devkitARM/bin/../lib/gcc/arm-none-eabi/16.1.0/../../../../arm-none-eabi/lib/thumb\libg.a(libc_a-ungetc.o)
                0x02021458                __submore
 .text.__utf8_mbtowc
                0x020214d4      0x24c D:/devkitPro/devkitARM/bin/../lib/gcc/arm-none-eabi/16.1.0/../../../../arm-none-eabi/lib/thumb\libg.a(libc_a-mbtowc_r.o)
                0x020214d4                __utf8_mbtowc
 .text.fiprintf
                0x02021720       0x28 D:/devkitPro/devkitARM/bin/../lib/gcc/arm-none-eabi/16.1.0/../../../../arm-none-eabi/lib/thumb\libg.a(libc_a-fiprintf.o)
                0x02021720                fiprintf
 .text._mbrtowc_r
                0x02021748       0x9c D:/devkitPro/devkitARM/bin/../lib/gcc/arm-none-eabi/16.1.0/../../../../arm-none-eabi/lib/thumb\libg.a(libc_a-mbrtowc.o)
                0x02021748                _mbrtowc_r
 .text.__sccl   0x020217e4       0xb0 D:/devkitPro/devkitARM/bin/../lib/gcc/arm-none-eabi/16.1.0/../../../../arm-none-eabi/lib/thumb\libg.a(libc_a-sccl.o)
                0x020217e4                __sccl
 .text.abort    0x02021894       0x10 D:/devkitPro/devkitARM/bin/../lib/gcc/arm-none-eabi/16.1.0/../../../../arm-none-eabi/lib/thumb\libg.a(libc_a-abort.o)
                0x02021894                abort
 .text._strtoll_l.isra.0
                0x020218a4      0x300 D:/devkitPro/devkitARM/bin/../lib/gcc/arm-none-eabi/16.1.0/../../../../arm-none-eabi/lib/thumb\libg.a(libc_a-strtoll.o)
 .text._strtoll_r
                0x02021ba4       0x20 D:/devkitPro/devkitARM/bin/../lib/gcc/arm-none-eabi/16.1.0/../../../../arm-none-eabi/lib/thumb\libg.a(libc_a-strtoll.o)
                0x02021ba4                _strtoll_r
 .text.iswspace_l
                0x02021bc4       0x28 D:/devkitPro/devkitARM/bin/../lib/gcc/arm-none-eabi/16.1.0/../../../../arm-none-eabi/lib/thumb\libg.a(libc_a-iswspace_l.o)
                0x02021bc4                iswspace_l
 .text._raise_r
                0x02021bec       0x60 D:/devkitPro/devkitARM/bin/../lib/gcc/arm-none-eabi/16.1.0/../../../../arm-none-eabi/lib/thumb\libg.a(libc_a-signal.o)
                0x02021bec                _raise_r
 .text.raise    0x02021c4c       0x14 D:/devkitPro/devkitARM/bin/../lib/gcc/arm-none-eabi/16.1.0/../../../../arm-none-eabi/lib/thumb\libg.a(libc_a-signal.o)
                0x02021c4c                raise
 .text.category
                0x02021c60       0x5c D:/devkitPro/devkitARM/bin/../lib/gcc/arm-none-eabi/16.1.0/../../../../arm-none-eabi/lib/thumb\libg.a(libc_a-categories.o)
                0x02021c60                category
 .text._exit    0x02021cbc       0x14 D:/devkitPro/devkitARM/bin/../lib/gcc/arm-none-eabi/16.1.0/../../../../arm-none-eabi/lib/thumb\libsysbase.a(libsysbase_libsysbase_a-_exit.o)
                0x02021cbc                _exit
 .text.chdir    0x02021cd0       0xe4 D:/devkitPro/devkitARM/bin/../lib/gcc/arm-none-eabi/16.1.0/../../../../arm-none-eabi/lib/thumb\libsysbase.a(libsysbase_libsysbase_a-chdir.o)
                0x02021cd0                chdir
 .text._concatenate_path
                0x02021db4      0x134 D:/devkitPro/devkitARM/bin/../lib/gcc/arm-none-eabi/16.1.0/../../../../arm-none-eabi/lib/thumb\libsysbase.a(libsysbase_libsysbase_a-concatenate.o)
                0x02021db4                _concatenate_path
 .text._fstat_r
                0x02021ee8       0x5c D:/devkitPro/devkitARM/bin/../lib/gcc/arm-none-eabi/16.1.0/../../../../arm-none-eabi/lib/thumb\libsysbase.a(libsysbase_libsysbase_a-fstat.o)
                0x02021ee8                _fstat_r
 .text._getpid_r
                0x02021f44        0xc D:/devkitPro/devkitARM/bin/../lib/gcc/arm-none-eabi/16.1.0/../../../../arm-none-eabi/lib/thumb\libsysbase.a(libsysbase_libsysbase_a-getpid.o)
                0x02021f44                _getpid_r
 .text.__getreent
                0x02021f50       0x20 D:/devkitPro/devkitARM/bin/../lib/gcc/arm-none-eabi/16.1.0/../../../../arm-none-eabi/lib/thumb\libsysbase.a(libsysbase_libsysbase_a-getreent.o)
                0x02021f50                __getreent
 .text._gettimeofday_r
                0x02021f70       0x20 D:/devkitPro/devkitARM/bin/../lib/gcc/arm-none-eabi/16.1.0/../../../../arm-none-eabi/lib/thumb\libsysbase.a(libsysbase_libsysbase_a-gettod.o)
                0x02021f70                _gettimeofday_r
 .text.__release_handle
                0x02021f90       0x6c D:/devkitPro/devkitARM/bin/../lib/gcc/arm-none-eabi/16.1.0/../../../../arm-none-eabi/lib/thumb\libsysbase.a(libsysbase_libsysbase_a-handle_manager.o)
                0x02021f90                __release_handle
 .text.__alloc_handle
                0x02021ffc       0x7c D:/devkitPro/devkitARM/bin/../lib/gcc/arm-none-eabi/16.1.0/../../../../arm-none-eabi/lib/thumb\libsysbase.a(libsysbase_libsysbase_a-handle_manager.o)
                0x02021ffc                __alloc_handle
 .text.__get_handle
                0x02022078       0x34 D:/devkitPro/devkitARM/bin/../lib/gcc/arm-none-eabi/16.1.0/../../../../arm-none-eabi/lib/thumb\libsysbase.a(libsysbase_libsysbase_a-handle_manager.o)
                0x02022078                __get_handle
 .text._close_r
                0x020220ac       0xb0 D:/devkitPro/devkitARM/bin/../lib/gcc/arm-none-eabi/16.1.0/../../../../arm-none-eabi/lib/thumb\libsysbase.a(libsysbase_libsysbase_a-handle_manager.o)
                0x020220ac                _close_r
 .text.null_write
                0x0202215c        0x4 D:/devkitPro/devkitARM/bin/../lib/gcc/arm-none-eabi/16.1.0/../../../../arm-none-eabi/lib/thumb\libsysbase.a(libsysbase_libsysbase_a-iosupport.o)
 .text.setDefaultDevice
                0x02022160       0x10 D:/devkitPro/devkitARM/bin/../lib/gcc/arm-none-eabi/16.1.0/../../../../arm-none-eabi/lib/thumb\libsysbase.a(libsysbase_libsysbase_a-iosupport.o)
                0x02022160                setDefaultDevice
 .text.FindDevice
                0x02022170       0x64 D:/devkitPro/devkitARM/bin/../lib/gcc/arm-none-eabi/16.1.0/../../../../arm-none-eabi/lib/thumb\libsysbase.a(libsysbase_libsysbase_a-iosupport.o)
                0x02022170                FindDevice
 .text.AddDevice
                0x020221d4       0x68 D:/devkitPro/devkitARM/bin/../lib/gcc/arm-none-eabi/16.1.0/../../../../arm-none-eabi/lib/thumb\libsysbase.a(libsysbase_libsysbase_a-iosupport.o)
                0x020221d4                AddDevice
 .text.GetDeviceOpTab
                0x0202223c       0x20 D:/devkitPro/devkitARM/bin/../lib/gcc/arm-none-eabi/16.1.0/../../../../arm-none-eabi/lib/thumb\libsysbase.a(libsysbase_libsysbase_a-iosupport.o)
                0x0202223c                GetDeviceOpTab
 .text._isatty_r
                0x0202225c        0x4 D:/devkitPro/devkitARM/bin/../lib/gcc/arm-none-eabi/16.1.0/../../../../arm-none-eabi/lib/thumb\libsysbase.a(libsysbase_libsysbase_a-isatty.o)
                0x0202225c                _isatty_r